diagnostics-ingestion-python-sdk/background_data_df.csv
,index,store,brand,week,feat,price,AGE60,EDUC,ETHNIC,INCOME,HHLARGE,WORKWOM,HVAL150,SSTRDIST,SSTRVOL,CPDIST5,CPWVOL5,brand_dominicks,brand_minute.maid,brand_tropicana,score,logmove,datetime
3,3,124,minute.maid,0,0,3.17,0.119625811,0.261875835,0.572355861,10.25895677,0.12494986,0.348518562,0.416315588,6.328746874,0.727272727,1.793795763,0.202168946,0.0,1.0,0.0,8.327462686220002,8.269756948,2023-08-01
261,261,124,minute.maid,1,1,1.99,0.119625811,0.261875835,0.572355861,10.25895677,0.12494986,0.348518562,0.416315588,6.328746874,0.727272727,1.793795763,0.202168946,0.0,1.0,0.0,10.995329130900004,11.00476296,2023-08-02
550,550,124,minute.maid,2,0,3.17,0.119625811,0.261875835,0.572355861,10.25895677,0.12494986,0.348518562,0.416315588,6.328746874,0.727272727,1.793795763,0.202168946,0.0,1.0,0.0,8.472782251539991,8.528330936,2023-08-03
660,660,124,minute.maid,3,0,3.17,0.119625811,0.261875835,0.572355861,10.25895677,0.12494986,0.348518562,0.416315588,6.328746874,0.727272727,1.793795763,0.202168946,0.0,1.0,0.0,8.510003969450004,8.565602331,2023-08-04
923,923,124,minute.maid,4,1,2.59,0.119625811,0.261875835,0.572355861,10.25895677,0.12494986,0.348518562,0.416315588,6.328746874,0.727272727,1.793795763,0.202168946,0.0,1.0,0.0,10.714952273900002,10.7722673,2023-08-05
1165,1165,124,minute.maid,5,0,3.17,0.119625811,0.261875835,0.572355861,10.25895677,0.12494986,0.348518562,0.416315588,6.328746874,0.727272727,1.793795763,0.202168946,0.0,1.0,0.0,8.187606371900008,7.98752448,2023-08-06
1377,1377,124,minute.maid,6,0,3.17,0.119625811,0.261875835,0.572355861,10.25895677,0.12494986,0.348518562,0.416315588,6.328746874,0.727272727,1.793795763,0.202168946,0.0,1.0,0.0,8.76118609208,8.987196821,2023-08-07
1588,1588,124,minute.maid,7,1,2.39,0.119625811,0.261875835,0.572355861,10.25895677,0.12494986,0.348518562,0.416315588,6.328746874,0.727272727,1.793795763,0.202168946,0.0,1.0,0.0,10.57570914421001,10.5934296,2023-08-08
1772,1772,124,minute.maid,8,0,3.17,0.119625811,0.261875835,0.572355861,10.25895677,0.12494986,0.348518562,0.416315588,6.328746874,0.727272727,1.793795763,0.202168946,0.0,1.0,0.0,8.168345838069989,8.201934351,2023-08-09
7,7,124,dominicks,0,1,1.59,0.119625811,0.261875835,0.572355861,10.25895677,0.12494986,0.348518562,0.416315588,6.328746874,0.727272727,1.793795763,0.202168946,1.0,0.0,0.0,8.102253741839988,7.624618986,2023-08-01
394,394,124,dominicks,1,0,2.69,0.119625811,0.261875835,0.572355861,10.25895677,0.12494986,0.348518562,0.416315588,6.328746874,0.727272727,1.793795763,0.202168946,1.0,0.0,0.0,7.626579828260008,7.377758908,2023-08-02
424,424,124,dominicks,2,0,2.69,0.119625811,0.261875835,0.572355861,10.25895677,0.12494986,0.348518562,0.416315588,6.328746874,0.727272727,1.793795763,0.202168946,1.0,0.0,0.0,7.993286277530013,8.30201781,2023-08-03
689,689,124,dominicks,3,0,2.69,0.119625811,0.261875835,0.572355861,10.25895677,0.12494986,0.348518562,0.416315588,6.328746874,0.727272727,1.793795763,0.202168946,1.0,0.0,0.0,8.22662091504001,8.253227646,2023-08-04
1076,1076,124,dominicks,4,0,2.69,0.119625811,0.261875835,0.572355861,10.25895677,0.12494986,0.348518562,0.416315588,6.328746874,0.727272727,1.793795763,0.202168946,1.0,0.0,0.0,7.3096481170599965,7.294377299,2023-08-05
1265,1265,124,dominicks,5,0,2.69,0.119625811,0.261875835,0.572355861,10.25895677,0.12494986,0.348518562,0.416315588,6.328746874,0.727272727,1.793795763,0.202168946,1.0,0.0,0.0,6.929188843120005,6.723832441,2023-08-06
1350,1350,124,dominicks,6,0,2.69,0.119625811,0.261875835,0.572355861,10.25895677,0.12494986,0.348518562,0.416315588,6.328746874,0.727272727,1.793795763,0.202168946,1.0,0.0,0.0,8.341313156669997,8.348537825,2023-08-07
1564,1564,124,dominicks,7,1,2.09,0.119625811,0.261875835,0.572355861,10.25895677,0.12494986,0.348518562,0.416315588,6.328746874,0.727272727,1.793795763,0.202168946,1.0,0.0,0.0,8.668451784570003,8.929567708,2023-08-08
8,8,54,dominicks,0,1,1.59,0.090222278,0.421125644,0.046640859,10.91089788,0.103522408,0.43671875,0.646023263,4.899564267,1.333333333,1.963412365,0.645830051,1.0,0.0,0.0,7.810901572929992,7.592870288,2023-08-01
408,408,54,dominicks,1,0,2.49,0.090222278,0.421125644,0.046640859,10.91089788,0.103522408,0.43671875,0.646023263,4.899564267,1.333333333,1.963412365,0.645830051,1.0,0.0,0.0,7.371646008989999,7.249925537,2023-08-02
491,491,54,dominicks,2,0,2.49,0.090222278,0.421125644,0.046640859,10.91089788,0.103522408,0.43671875,0.646023263,4.899564267,1.333333333,1.963412365,0.645830051,1.0,0.0,0.0,7.786031680350002,8.070906089,2023-08-03
684,684,54,dominicks,3,0,2.49,0.090222278,0.421125644,0.046640859,10.91089788,0.103522408,0.43671875,0.646023263,4.899564267,1.333333333,1.963412365,0.645830051,1.0,0.0,0.0,7.637182711810006,7.454719949,2023-08-04
1047,1047,54,dominicks,4,0,2.49,0.090222278,0.421125644,0.046640859,10.91089788,0.103522408,0.43671875,0.646023263,4.899564267,1.333333333,1.963412365,0.645830051,1.0,0.0,0.0,7.055150711649993,6.992096427,2023-08-05
1114,1114,54,dominicks,5,0,2.49,0.090222278,0.421125644,0.046640859,10.91089788,0.103522408,0.43671875,0.646023263,4.899564267,1.333333333,1.963412365,0.645830051,1.0,0.0,0.0,6.845419522840006,6.723832441,2023-08-06
1351,1351,54,dominicks,6,0,2.49,0.090222278,0.421125644,0.046640859,10.91089788,0.103522408,0.43671875,0.646023263,4.899564267,1.333333333,1.963412365,0.645830051,1.0,0.0,0.0,8.004060076210008,8.030084094,2023-08-07
1558,1558,54,dominicks,7,1,2.09,0.090222278,0.421125644,0.046640859,10.91089788,0.103522408,0.43671875,0.646023263,4.899564267,1.333333333,1.963412365,0.645830051,1.0,0.0,0.0,8.35855526449001,8.489616424,2023-08-08
9,9,54,minute.maid,0,0,2.99,0.090222278,0.421125644,0.046640859,10.91089788,0.103522408,0.43671875,0.646023263,4.899564267,1.333333333,1.963412365,0.645830051,0.0,1.0,0.0,8.336429867140014,8.30201781,2023-08-01
393,393,54,minute.maid,1,1,1.99,0.090222278,0.421125644,0.046640859,10.91089788,0.103522408,0.43671875,0.646023263,4.899564267,1.333333333,1.963412365,0.645830051,0.0,1.0,0.0,10.202535634560013,10.2156671,2023-08-02
513,513,54,minute.maid,2,0,2.99,0.090222278,0.421125644,0.046640859,10.91089788,0.103522408,0.43671875,0.646023263,4.899564267,1.333333333,1.963412365,0.645830051,0.0,1.0,0.0,8.312250905430004,8.378390789,2023-08-03
696,696,54,minute.maid,3,0,2.99,0.090222278,0.421125644,0.046640859,10.91089788,0.103522408,0.43671875,0.646023263,4.899564267,1.333333333,1.963412365,0.645830051,0.0,1.0,0.0,8.243143912419994,8.166216269,2023-08-04
1058,1058,54,minute.maid,4,1,2.59,0.090222278,0.421125644,0.046640859,10.91089788,0.103522408,0.43671875,0.646023263,4.899564267,1.333333333,1.963412365,0.645830051,0.0,1.0,0.0,9.989918554030009,10.02818,2023-08-05
1198,1198,54,minute.maid,5,0,2.99,0.090222278,0.421125644,0.046640859,10.91089788,0.103522408,0.43671875,0.646023263,4.899564267,1.333333333,1.963412365,0.645830051,0.0,1.0,0.0,8.229681310379986,8.201934351,2023-08-06
1320,1320,54,minute.maid,6,0,2.99,0.090222278,0.421125644,0.046640859,10.91089788,0.103522408,0.43671875,0.646023263,4.899564267,1.333333333,1.963412365,0.645830051,0.0,1.0,0.0,8.92201005117,9.00307017,2023-08-07
1750,1750,54,minute.maid,7,1,2.39,0.090222278,0.421125644,0.046640859,10.91089788,0.103522408,0.43671875,0.646023263,4.899564267,1.333333333,1.963412365,0.645830051,0.0,1.0,0.0,9.622370828310004,9.570529135,2023-08-08
1758,1758,54,minute.maid,8,0,2.99,0.090222278,0.421125644,0.046640859,10.91089788,0.103522408,0.43671875,0.646023263,4.899564267,1.333333333,1.963412365,0.645830051,0.0,1.0,0.0,8.234166502039985,8.184234774,2023-08-09
12,12,53,dominicks,0,1,1.59,0.300278681,0.2703835,0.065722248,10.60000405,0.113686757,0.312635693,0.441323063,10.45970992,1.0,2.132004658,0.332950694,1.0,0.0,0.0,8.966483194910007,9.135616826,2023-08-01
221,221,53,dominicks,1,0,2.69,0.300278681,0.2703835,0.065722248,10.60000405,0.113686757,0.312635693,0.441323063,10.45970992,1.0,2.132004658,0.332950694,1.0,0.0,0.0,7.748127236220005,7.796469243,2023-08-02
576,576,53,dominicks,2,0,2.69,0.300278681,0.2703835,0.065722248,10.60000405,0.113686757,0.312635693,0.441323063,10.45970992,1.0,2.132004658,0.332950694,1.0,0.0,0.0,7.792627054639995,7.847762538,2023-08-03
665,665,53,dominicks,3,0,2.69,0.300278681,0.2703835,0.065722248,10.60000405,0.113686757,0.312635693,0.441323063,10.45970992,1.0,2.132004658,0.332950694,1.0,0.0,0.0,7.976499281500005,7.98752448,2023-08-04
946,946,53,dominicks,4,0,2.69,0.300278681,0.2703835,0.065722248,10.60000405,0.113686757,0.312635693,0.441323063,10.45970992,1.0,2.132004658,0.332950694,1.0,0.0,0.0,7.263275574030005,7.154615357,2023-08-05
1127,1127,53,dominicks,5,0,2.69,0.300278681,0.2703835,0.065722248,10.60000405,0.113686757,0.312635693,0.441323063,10.45970992,1.0,2.132004658,0.332950694,1.0,0.0,0.0,7.036244913839997,6.931471806,2023-08-06
1311,1311,53,dominicks,6,0,2.69,0.300278681,0.2703835,0.065722248,10.60000405,0.113686757,0.312635693,0.441323063,10.45970992,1.0,2.132004658,0.332950694,1.0,0.0,0.0,8.157983501340004,8.14786713,2023-08-07
1691,1691,53,dominicks,7,1,2.09,0.300278681,0.2703835,0.065722248,10.60000405,0.113686757,0.312635693,0.441323063,10.45970992,1.0,2.132004658,0.332950694,1.0,0.0,0.0,8.738994189009993,8.658692754,2023-08-08
13,13,53,minute.maid,0,0,3.17,0.300278681,0.2703835,0.065722248,10.60000405,0.113686757,0.312635693,0.441323063,10.45970992,1.0,2.132004658,0.332950694,0.0,1.0,0.0,8.668453205990007,8.877381955,2023-08-01
322,322,53,minute.maid,1,1,1.99,0.300278681,0.2703835,0.065722248,10.60000405,0.113686757,0.312635693,0.441323063,10.45970992,1.0,2.132004658,0.332950694,0.0,1.0,0.0,11.131084028500004,11.24812624,2023-08-02
597,597,53,minute.maid,2,0,3.17,0.300278681,0.2703835,0.065722248,10.60000405,0.113686757,0.312635693,0.441323063,10.45970992,1.0,2.132004658,0.332950694,0.0,1.0,0.0,8.093608017720005,8.070906089,2023-08-03
758,758,53,minute.maid,3,0,3.17,0.300278681,0.2703835,0.065722248,10.60000405,0.113686757,0.312635693,0.441323063,10.45970992,1.0,2.132004658,0.332950694,0.0,1.0,0.0,8.062253351860008,7.98752448,2023-08-04
991,991,53,minute.maid,4,1,2.59,0.300278681,0.2703835,0.065722248,10.60000405,0.113686757,0.312635693,0.441323063,10.45970992,1.0,2.132004658,0.332950694,0.0,1.0,0.0,10.53636615530999,10.57234204,2023-08-05
1091,1091,53,minute.maid,5,0,3.17,0.300278681,0.2703835,0.065722248,10.60000405,0.113686757,0.312635693,0.441323063,10.45970992,1.0,2.132004658,0.332950694,0.0,1.0,0.0,8.212373434749999,8.090708716,2023-08-06
1515,1515,53,minute.maid,6,0,3.17,0.300278681,0.2703835,0.065722248,10.60000405,0.113686757,0.312635693,0.441323063,10.45970992,1.0,2.132004658,0.332950694,0.0,1.0,0.0,8.803954132430011,9.010913347,2023-08-07
1727,1727,53,minute.maid,7,1,2.39,0.300278681,0.2703835,0.065722248,10.60000405,0.113686757,0.312635693,0.441323063,10.45970992,1.0,2.132004658,0.332950694,0.0,1.0,0.0,10.387428371300013,10.39329381,2023-08-08
1859,1859,53,minute.maid,8,0,3.17,0.300278681,0.2703835,0.065722248,10.60000405,0.113686757,0.312635693,0.441323063,10.45970992,1.0,2.132004658,0.332950694,0.0,1.0,0.0,8.12177702649999,7.943072717,2023-08-09
15,15,126,minute.maid,0,0,2.99,0.107002273,0.413222417,0.045018573,10.9808762,0.113699475,0.421959283,0.573626374,5.065200839,1.69047619,1.858260236,0.717799295,0.0,1.0,0.0,8.354113214340009,8.378390789,2023-08-01
315,315,126,minute.maid,1,1,1.99,0.107002273,0.413222417,0.045018573,10.9808762,0.113699475,0.421959283,0.573626374,5.065200839,1.69047619,1.858260236,0.717799295,0.0,1.0,0.0,10.451837545059991,10.43552657,2023-08-02
423,423,126,minute.maid,2,0,2.99,0.107002273,0.413222417,0.045018573,10.9808762,0.113699475,0.421959283,0.573626374,5.065200839,1.69047619,1.858260236,0.717799295,0.0,1.0,0.0,8.369915393159992,8.333270353,2023-08-03
629,629,126,minute.maid,3,0,2.99,0.107002273,0.413222417,0.045018573,10.9808762,0.113699475,0.421959283,0.573626374,5.065200839,1.69047619,1.858260236,0.717799295,0.0,1.0,0.0,8.380474679719988,8.42156296,2023-08-04
1080,1080,126,minute.maid,4,1,2.59,0.107002273,0.413222417,0.045018573,10.9808762,0.113699475,0.421959283,0.573626374,5.065200839,1.69047619,1.858260236,0.717799295,0.0,1.0,0.0,10.026616561239988,10.07508515,2023-08-05
1245,1245,126,minute.maid,5,0,2.99,0.107002273,0.413222417,0.045018573,10.9808762,0.113699475,0.421959283,0.573626374,5.065200839,1.69047619,1.858260236,0.717799295,0.0,1.0,0.0,8.195094379709987,8.129174997,2023-08-06
1439,1439,126,minute.maid,6,0,2.99,0.107002273,0.413222417,0.045018573,10.9808762,0.113699475,0.421959283,0.573626374,5.065200839,1.69047619,1.858260236,0.717799295,0.0,1.0,0.0,8.988782916910012,9.17616292,2023-08-07
1702,1702,126,minute.maid,7,1,2.39,0.107002273,0.413222417,0.045018573,10.9808762,0.113699475,0.421959283,0.573626374,5.065200839,1.69047619,1.858260236,0.717799295,0.0,1.0,0.0,9.74164893114999,9.692272572,2023-08-08
16,16,52,dominicks,0,1,1.59,0.152241195,0.372927296,0.084898613,11.05101698,0.101976511,0.393476864,0.727728684,4.793439152,1.055555556,2.533671515,0.334511569,1.0,0.0,0.0,8.435714093210008,8.489616424,2023-08-01
382,382,52,dominicks,1,0,2.69,0.152241195,0.372927296,0.084898613,11.05101698,0.101976511,0.393476864,0.727728684,4.793439152,1.055555556,2.533671515,0.334511569,1.0,0.0,0.0,7.121075373809997,7.249925537,2023-08-02
549,549,52,dominicks,2,0,2.69,0.152241195,0.372927296,0.084898613,11.05101698,0.101976511,0.393476864,0.727728684,4.793439152,1.055555556,2.533671515,0.334511569,1.0,0.0,0.0,7.101928182559992,6.992096427,2023-08-03
622,622,52,dominicks,3,0,2.69,0.152241195,0.372927296,0.084898613,11.05101698,0.101976511,0.393476864,0.727728684,4.793439152,1.055555556,2.533671515,0.334511569,1.0,0.0,0.0,7.71489788226,7.920083199,2023-08-04
1082,1082,52,dominicks,4,0,2.69,0.152241195,0.372927296,0.084898613,11.05101698,0.101976511,0.393476864,0.727728684,4.793439152,1.055555556,2.533671515,0.334511569,1.0,0.0,0.0,7.617578506150006,7.796469243,2023-08-05
1279,1279,52,dominicks,5,0,2.69,0.152241195,0.372927296,0.084898613,11.05101698,0.101976511,0.393476864,0.727728684,4.793439152,1.055555556,2.533671515,0.334511569,1.0,0.0,0.0,7.059101485899999,6.866933285,2023-08-06
1388,1388,52,dominicks,6,0,2.69,0.152241195,0.372927296,0.084898613,11.05101698,0.101976511,0.393476864,0.727728684,4.793439152,1.055555556,2.533671515,0.334511569,1.0,0.0,0.0,8.251333326450007,8.462948177,2023-08-07
1725,1725,52,dominicks,7,1,2.09,0.152241195,0.372927296,0.084898613,11.05101698,0.101976511,0.393476864,0.727728684,4.793439152,1.055555556,2.533671515,0.334511569,1.0,0.0,0.0,8.536798014629998,8.540909718,2023-08-08
17,17,52,minute.maid,0,0,3.17,0.152241195,0.372927296,0.084898613,11.05101698,0.101976511,0.393476864,0.727728684,4.793439152,1.055555556,2.533671515,0.334511569,0.0,1.0,0.0,8.566459143919992,8.540909718,2023-08-01
374,374,52,minute.maid,1,1,1.99,0.152241195,0.372927296,0.084898613,11.05101698,0.101976511,0.393476864,0.727728684,4.793439152,1.055555556,2.533671515,0.334511569,0.0,1.0,0.0,10.640544309699989,10.57724802,2023-08-02
482,482,52,minute.maid,2,0,3.17,0.152241195,0.372927296,0.084898613,11.05101698,0.101976511,0.393476864,0.727728684,4.793439152,1.055555556,2.533671515,0.334511569,0.0,1.0,0.0,8.617048047880004,8.636219898,2023-08-03
640,640,52,minute.maid,3,0,3.17,0.152241195,0.372927296,0.084898613,11.05101698,0.101976511,0.393476864,0.727728684,4.793439152,1.055555556,2.533671515,0.334511569,0.0,1.0,0.0,8.629405613619992,8.60153434,2023-08-04
1048,1048,52,minute.maid,4,1,2.59,0.152241195,0.372927296,0.084898613,11.05101698,0.101976511,0.393476864,0.727728684,4.793439152,1.055555556,2.533671515,0.334511569,0.0,1.0,0.0,10.123900691479989,9.970024076,2023-08-05
1126,1126,52,minute.maid,5,0,3.17,0.152241195,0.372927296,0.084898613,11.05101698,0.101976511,0.393476864,0.727728684,4.793439152,1.055555556,2.533671515,0.334511569,0.0,1.0,0.0,8.603890373869996,8.540909718,2023-08-06
1494,1494,52,minute.maid,6,0,3.17,0.152241195,0.372927296,0.084898613,11.05101698,0.101976511,0.393476864,0.727728684,4.793439152,1.055555556,2.533671515,0.334511569,0.0,1.0,0.0,9.131303874270008,9.17616292,2023-08-07
1735,1735,52,minute.maid,7,1,2.39,0.152241195,0.372927296,0.084898613,11.05101698,0.101976511,0.393476864,0.727728684,4.793439152,1.055555556,2.533671515,0.334511569,0.0,1.0,0.0,10.199120904650009,10.29010957,2023-08-08
