diagnostics-ingestion-python-sdk/background_data_df.csv
,index,store,brand,week,feat,price,AGE60,EDUC,ETHNIC,INCOME,HHLARGE,WORKWOM,HVAL150,SSTRDIST,SSTRVOL,CPDIST5,CPWVOL5,brand_dominicks,brand_minute.maid,brand_tropicana,score,logmove,datetime
19,19,126,dominicks,0,1,1.59,0.107002273,0.413222417,0.045018573,10.9808762,0.113699475,0.421959283,0.573626374,5.065200839,1.69047619,1.858260236,0.717799295,1.0,0.0,0.0,7.660413629609996,7.416979621,2023-08-01
306,306,126,dominicks,1,0,2.49,0.107002273,0.413222417,0.045018573,10.9808762,0.113699475,0.421959283,0.573626374,5.065200839,1.69047619,1.858260236,0.717799295,1.0,0.0,0.0,7.062060867769998,6.797940413,2023-08-02
432,432,126,dominicks,2,0,2.49,0.107002273,0.413222417,0.045018573,10.9808762,0.113699475,0.421959283,0.573626374,5.065200839,1.69047619,1.858260236,0.717799295,1.0,0.0,0.0,7.196348616390005,7.154615357,2023-08-03
846,846,126,dominicks,3,0,2.49,0.107002273,0.413222417,0.045018573,10.9808762,0.113699475,0.421959283,0.573626374,5.065200839,1.69047619,1.858260236,0.717799295,1.0,0.0,0.0,7.542793046399993,7.685243608,2023-08-04
1064,1064,126,dominicks,4,0,2.49,0.107002273,0.413222417,0.045018573,10.9808762,0.113699475,0.421959283,0.573626374,5.065200839,1.69047619,1.858260236,0.717799295,1.0,0.0,0.0,7.078015284940003,7.203405521,2023-08-05
1216,1216,126,dominicks,5,0,2.49,0.107002273,0.413222417,0.045018573,10.9808762,0.113699475,0.421959283,0.573626374,5.065200839,1.69047619,1.858260236,0.717799295,1.0,0.0,0.0,6.505991904670008,6.104793232,2023-08-06
1461,1461,126,dominicks,6,0,2.49,0.107002273,0.413222417,0.045018573,10.9808762,0.113699475,0.421959283,0.573626374,5.065200839,1.69047619,1.858260236,0.717799295,1.0,0.0,0.0,7.995961959650006,8.269756948,2023-08-07
1694,1694,126,dominicks,7,1,2.09,0.107002273,0.413222417,0.045018573,10.9808762,0.113699475,0.421959283,0.573626374,5.065200839,1.69047619,1.858260236,0.717799295,1.0,0.0,0.0,8.337600777530009,8.476371197,2023-08-08
1762,1762,126,dominicks,8,0,2.09,0.107002273,0.413222417,0.045018573,10.9808762,0.113699475,0.421959283,0.573626374,5.065200839,1.69047619,1.858260236,0.717799295,1.0,0.0,0.0,7.489388353170003,7.377758908,2023-08-09
20,20,51,dominicks,0,1,1.59,0.176159718,0.171916711,0.025425719,10.62083942,0.130340815,0.313189796,0.316889001,2.102553804,1.25,2.226766425,0.310202569,1.0,0.0,0.0,8.793668508770008,8.903815212,2023-08-01
328,328,51,dominicks,1,0,2.49,0.176159718,0.171916711,0.025425719,10.62083942,0.130340815,0.313189796,0.316889001,2.102553804,1.25,2.226766425,0.310202569,1.0,0.0,0.0,7.214184005789997,7.294377299,2023-08-02
447,447,51,dominicks,2,0,2.49,0.176159718,0.171916711,0.025425719,10.62083942,0.130340815,0.313189796,0.316889001,2.102553804,1.25,2.226766425,0.310202569,1.0,0.0,0.0,6.967779144770007,6.723832441,2023-08-03
797,797,51,dominicks,3,0,2.49,0.176159718,0.171916711,0.025425719,10.62083942,0.130340815,0.313189796,0.316889001,2.102553804,1.25,2.226766425,0.310202569,1.0,0.0,0.0,8.044075165040006,8.449342525,2023-08-04
968,968,51,dominicks,4,0,2.49,0.176159718,0.171916711,0.025425719,10.62083942,0.130340815,0.313189796,0.316889001,2.102553804,1.25,2.226766425,0.310202569,1.0,0.0,0.0,7.279866637810001,7.336936914,2023-08-05
1260,1260,51,dominicks,5,0,2.49,0.176159718,0.171916711,0.025425719,10.62083942,0.130340815,0.313189796,0.316889001,2.102553804,1.25,2.226766425,0.310202569,1.0,0.0,0.0,7.098513444789993,6.931471806,2023-08-06
1415,1415,51,dominicks,6,0,2.49,0.176159718,0.171916711,0.025425719,10.62083942,0.130340815,0.313189796,0.316889001,2.102553804,1.25,2.226766425,0.310202569,1.0,0.0,0.0,8.264610838979996,8.658692754,2023-08-07
1737,1737,51,dominicks,7,1,2.09,0.176159718,0.171916711,0.025425719,10.62083942,0.130340815,0.313189796,0.316889001,2.102553804,1.25,2.226766425,0.310202569,1.0,0.0,0.0,8.653730263749996,8.658692754,2023-08-08
21,21,51,minute.maid,0,0,2.99,0.176159718,0.171916711,0.025425719,10.62083942,0.130340815,0.313189796,0.316889001,2.102553804,1.25,2.226766425,0.310202569,0.0,1.0,0.0,8.223270586660009,8.253227646,2023-08-01
282,282,51,minute.maid,1,1,1.99,0.176159718,0.171916711,0.025425719,10.62083942,0.130340815,0.313189796,0.316889001,2.102553804,1.25,2.226766425,0.310202569,0.0,1.0,0.0,10.651671861239992,10.69702291,2023-08-02
531,531,51,minute.maid,2,0,2.99,0.176159718,0.171916711,0.025425719,10.62083942,0.130340815,0.313189796,0.316889001,2.102553804,1.25,2.226766425,0.310202569,0.0,1.0,0.0,8.180124639100002,8.070906089,2023-08-03
839,839,51,minute.maid,3,0,2.99,0.176159718,0.171916711,0.025425719,10.62083942,0.130340815,0.313189796,0.316889001,2.102553804,1.25,2.226766425,0.310202569,0.0,1.0,0.0,8.302444494870006,8.363575703,2023-08-04
908,908,51,minute.maid,4,1,2.59,0.176159718,0.171916711,0.025425719,10.62083942,0.130340815,0.313189796,0.316889001,2.102553804,1.25,2.226766425,0.310202569,0.0,1.0,0.0,10.24986772401001,10.23881628,2023-08-05
1177,1177,51,minute.maid,5,0,2.99,0.176159718,0.171916711,0.025425719,10.62083942,0.130340815,0.313189796,0.316889001,2.102553804,1.25,2.226766425,0.310202569,0.0,1.0,0.0,8.22035990618999,8.201934351,2023-08-06
1532,1532,51,minute.maid,6,0,2.99,0.176159718,0.171916711,0.025425719,10.62083942,0.130340815,0.313189796,0.316889001,2.102553804,1.25,2.226766425,0.310202569,0.0,1.0,0.0,8.418807207990007,8.363575703,2023-08-07
1739,1739,51,minute.maid,7,1,2.39,0.176159718,0.171916711,0.025425719,10.62083942,0.130340815,0.313189796,0.316889001,2.102553804,1.25,2.226766425,0.310202569,0.0,1.0,0.0,10.003796714419996,9.951896692,2023-08-08
25,25,50,dominicks,0,1,1.59,0.153357376,0.128764278,0.07092564,10.58930796,0.111798396,0.3242127,0.240180587,2.767046304,0.727272727,1.939328534,0.470972765,1.0,0.0,0.0,8.753829215779993,8.647519453,2023-08-01
281,281,50,dominicks,1,0,2.29,0.153357376,0.128764278,0.07092564,10.58930796,0.111798396,0.3242127,0.240180587,2.767046304,0.727272727,1.939328534,0.470972765,1.0,0.0,0.0,7.6322863261800125,7.560080465,2023-08-02
529,529,50,dominicks,2,0,2.29,0.153357376,0.128764278,0.07092564,10.58930796,0.111798396,0.3242127,0.240180587,2.767046304,0.727272727,1.939328534,0.470972765,1.0,0.0,0.0,7.6495263042,7.592870288,2023-08-03
838,838,50,dominicks,3,0,2.29,0.153357376,0.128764278,0.07092564,10.58930796,0.111798396,0.3242127,0.240180587,2.767046304,0.727272727,1.939328534,0.470972765,1.0,0.0,0.0,8.064844155420005,8.14786713,2023-08-04
916,916,50,dominicks,4,0,2.29,0.153357376,0.128764278,0.07092564,10.58930796,0.111798396,0.3242127,0.240180587,2.767046304,0.727272727,1.939328534,0.470972765,1.0,0.0,0.0,8.28896605776001,8.476371197,2023-08-05
1182,1182,50,dominicks,5,0,2.29,0.153357376,0.128764278,0.07092564,10.58930796,0.111798396,0.3242127,0.240180587,2.767046304,0.727272727,1.939328534,0.470972765,1.0,0.0,0.0,8.204652601479989,8.236420527,2023-08-06
1489,1489,50,dominicks,6,0,2.29,0.153357376,0.128764278,0.07092564,10.58930796,0.111798396,0.3242127,0.240180587,2.767046304,0.727272727,1.939328534,0.470972765,1.0,0.0,0.0,8.123823155659988,8.129174997,2023-08-07
1695,1695,50,dominicks,7,1,2.09,0.153357376,0.128764278,0.07092564,10.58930796,0.111798396,0.3242127,0.240180587,2.767046304,0.727272727,1.939328534,0.470972765,1.0,0.0,0.0,8.769969477369997,8.783855897,2023-08-08
1838,1838,50,dominicks,8,0,2.09,0.153357376,0.128764278,0.07092564,10.58930796,0.111798396,0.3242127,0.240180587,2.767046304,0.727272727,1.939328534,0.470972765,1.0,0.0,0.0,7.460709414629992,6.992096427,2023-08-09
27,27,62,minute.maid,0,0,3.17,0.222534262,0.517760337,0.026510896,11.23619652,0.103979265,0.322765158,0.916699488,5.452685258,0.705882353,2.184049779,0.201722445,0.0,1.0,0.0,8.532365424170013,8.449342525,2023-08-01
321,321,62,minute.maid,1,1,1.99,0.222534262,0.517760337,0.026510896,11.23619652,0.103979265,0.322765158,0.916699488,5.452685258,0.705882353,2.184049779,0.201722445,0.0,1.0,0.0,10.61598276860001,10.66765222,2023-08-02
598,598,62,minute.maid,2,0,3.17,0.222534262,0.517760337,0.026510896,11.23619652,0.103979265,0.322765158,0.916699488,5.452685258,0.705882353,2.184049779,0.201722445,0.0,1.0,0.0,8.677355507380014,8.754002934,2023-08-03
759,759,62,minute.maid,3,0,3.17,0.222534262,0.517760337,0.026510896,11.23619652,0.103979265,0.322765158,0.916699488,5.452685258,0.705882353,2.184049779,0.201722445,0.0,1.0,0.0,8.58947089699001,8.489616424,2023-08-04
956,956,62,minute.maid,4,1,2.59,0.222534262,0.517760337,0.026510896,11.23619652,0.103979265,0.322765158,0.916699488,5.452685258,0.705882353,2.184049779,0.201722445,0.0,1.0,0.0,10.367638097979995,10.31374118,2023-08-05
1280,1280,62,minute.maid,5,0,3.17,0.222534262,0.517760337,0.026510896,11.23619652,0.103979265,0.322765158,0.916699488,5.452685258,0.705882353,2.184049779,0.201722445,0.0,1.0,0.0,8.606459840099987,8.528330936,2023-08-06
1412,1412,62,minute.maid,6,0,3.17,0.222534262,0.517760337,0.026510896,11.23619652,0.103979265,0.322765158,0.916699488,5.452685258,0.705882353,2.184049779,0.201722445,0.0,1.0,0.0,8.851236565799994,8.971067439,2023-08-07
1827,1827,62,minute.maid,8,0,3.17,0.222534262,0.517760337,0.026510896,11.23619652,0.103979265,0.322765158,0.916699488,5.452685258,0.705882353,2.184049779,0.201722445,0.0,1.0,0.0,8.58875433843,8.378390789,2023-08-09
29,29,71,dominicks,0,1,1.59,0.26807087,0.159588077,0.074828009,10.40483843,0.075013729,0.303101737,0.163882428,6.673879403,1.45,1.818358986,0.266474174,1.0,0.0,0.0,9.32003500953001,9.790094865,2023-08-01
395,395,71,dominicks,1,0,2.69,0.26807087,0.159588077,0.074828009,10.40483843,0.075013729,0.303101737,0.163882428,6.673879403,1.45,1.818358986,0.266474174,1.0,0.0,0.0,7.281796810310003,7.203405521,2023-08-02
602,602,71,dominicks,2,0,2.69,0.26807087,0.159588077,0.074828009,10.40483843,0.075013729,0.303101737,0.163882428,6.673879403,1.45,1.818358986,0.266474174,1.0,0.0,0.0,7.3115311521,7.249925537,2023-08-03
842,842,71,dominicks,3,0,2.69,0.26807087,0.159588077,0.074828009,10.40483843,0.075013729,0.303101737,0.163882428,6.673879403,1.45,1.818358986,0.266474174,1.0,0.0,0.0,7.853349049399993,7.965545573,2023-08-04
879,879,71,dominicks,4,0,2.69,0.26807087,0.159588077,0.074828009,10.40483843,0.075013729,0.303101737,0.163882428,6.673879403,1.45,1.818358986,0.266474174,1.0,0.0,0.0,6.997021551039995,6.797940413,2023-08-05
1242,1242,71,dominicks,5,0,2.69,0.26807087,0.159588077,0.074828009,10.40483843,0.075013729,0.303101737,0.163882428,6.673879403,1.45,1.818358986,0.266474174,1.0,0.0,0.0,6.737256781489999,6.461468176,2023-08-06
1313,1313,71,dominicks,6,0,2.69,0.26807087,0.159588077,0.074828009,10.40483843,0.075013729,0.303101737,0.163882428,6.673879403,1.45,1.818358986,0.266474174,1.0,0.0,0.0,7.887619483909994,7.87245515,2023-08-07
1635,1635,71,dominicks,7,1,2.09,0.26807087,0.159588077,0.074828009,10.40483843,0.075013729,0.303101737,0.163882428,6.673879403,1.45,1.818358986,0.266474174,1.0,0.0,0.0,8.610773474740007,8.502688505,2023-08-08
31,31,71,minute.maid,0,0,3.17,0.26807087,0.159588077,0.074828009,10.40483843,0.075013729,0.303101737,0.163882428,6.673879403,1.45,1.818358986,0.266474174,0.0,1.0,0.0,7.798684806999996,7.592870288,2023-08-01
367,367,71,minute.maid,1,1,1.99,0.26807087,0.159588077,0.074828009,10.40483843,0.075013729,0.303101737,0.163882428,6.673879403,1.45,1.818358986,0.266474174,0.0,1.0,0.0,10.894191850400013,10.92967251,2023-08-02
467,467,71,minute.maid,2,0,3.17,0.26807087,0.159588077,0.074828009,10.40483843,0.075013729,0.303101737,0.163882428,6.673879403,1.45,1.818358986,0.266474174,0.0,1.0,0.0,7.95831427302001,7.98752448,2023-08-03
801,801,71,minute.maid,3,0,3.17,0.26807087,0.159588077,0.074828009,10.40483843,0.075013729,0.303101737,0.163882428,6.673879403,1.45,1.818358986,0.266474174,0.0,1.0,0.0,7.785192907620012,7.560080465,2023-08-04
1050,1050,71,minute.maid,4,1,2.59,0.26807087,0.159588077,0.074828009,10.40483843,0.075013729,0.303101737,0.163882428,6.673879403,1.45,1.818358986,0.266474174,0.0,1.0,0.0,10.38901132667999,10.44114983,2023-08-05
1268,1268,71,minute.maid,5,0,3.17,0.26807087,0.159588077,0.074828009,10.40483843,0.075013729,0.303101737,0.163882428,6.673879403,1.45,1.818358986,0.266474174,0.0,1.0,0.0,8.161979904050003,7.82244473,2023-08-06
1344,1344,71,minute.maid,6,0,3.17,0.26807087,0.159588077,0.074828009,10.40483843,0.075013729,0.303101737,0.163882428,6.673879403,1.45,1.818358986,0.266474174,0.0,1.0,0.0,9.339882350139996,10.01108556,2023-08-07
1570,1570,71,minute.maid,7,1,2.39,0.26807087,0.159588077,0.074828009,10.40483843,0.075013729,0.303101737,0.163882428,6.673879403,1.45,1.818358986,0.266474174,0.0,1.0,0.0,10.092336981160004,10.07238609,2023-08-08
33,33,70,dominicks,0,1,1.59,0.190235804,0.165669605,0.162860821,10.41235125,0.110542664,0.32772939,0.049271137,3.909329477,0.5,3.527768437,0.367773151,1.0,0.0,0.0,8.786336997609997,8.589699882,2023-08-01
361,361,70,dominicks,1,0,1.85,0.190235804,0.165669605,0.162860821,10.41235125,0.110542664,0.32772939,0.049271137,3.909329477,0.5,3.527768437,0.367773151,1.0,0.0,0.0,8.966590642269999,9.142489705,2023-08-02
503,503,70,dominicks,2,0,1.85,0.190235804,0.165669605,0.162860821,10.41235125,0.110542664,0.32772939,0.049271137,3.909329477,0.5,3.527768437,0.367773151,1.0,0.0,0.0,8.63432860585999,8.435549202,2023-08-03
808,808,70,dominicks,3,0,1.85,0.190235804,0.165669605,0.162860821,10.41235125,0.110542664,0.32772939,0.049271137,3.909329477,0.5,3.527768437,0.367773151,1.0,0.0,0.0,8.972882549889992,9.107642974,2023-08-04
1056,1056,70,dominicks,4,0,1.85,0.190235804,0.165669605,0.162860821,10.41235125,0.110542664,0.32772939,0.049271137,3.909329477,0.5,3.527768437,0.367773151,1.0,0.0,0.0,9.085448748880006,9.114710141,2023-08-05
1118,1118,70,dominicks,5,0,1.85,0.190235804,0.165669605,0.162860821,10.41235125,0.110542664,0.32772939,0.049271137,3.909329477,0.5,3.527768437,0.367773151,1.0,0.0,0.0,9.231580154130013,9.379238908,2023-08-06
1330,1330,70,dominicks,6,0,1.85,0.190235804,0.165669605,0.162860821,10.41235125,0.110542664,0.32772939,0.049271137,3.909329477,0.5,3.527768437,0.367773151,1.0,0.0,0.0,9.009607612719993,8.886270902,2023-08-07
1548,1548,70,dominicks,7,1,1.85,0.190235804,0.165669605,0.162860821,10.41235125,0.110542664,0.32772939,0.049271137,3.909329477,0.5,3.527768437,0.367773151,1.0,0.0,0.0,9.199427874910004,9.447150114,2023-08-08
34,34,122,minute.maid,0,0,2.62,0.061953911,0.255889066,0.078372885,10.77505285,0.125831821,0.425860127,0.280446271,2.597516352,0.6,2.752490308,0.238737607,0.0,1.0,0.0,8.738539171039992,8.733594062,2023-08-01
358,358,122,minute.maid,1,1,1.99,0.061953911,0.255889066,0.078372885,10.77505285,0.125831821,0.425860127,0.280446271,2.597516352,0.6,2.752490308,0.238737607,0.0,1.0,0.0,10.766740997900008,10.76957913,2023-08-02
497,497,122,minute.maid,2,0,2.62,0.061953911,0.255889066,0.078372885,10.77505285,0.125831821,0.425860127,0.280446271,2.597516352,0.6,2.752490308,0.238737607,0.0,1.0,0.0,8.788862447400012,8.702177866,2023-08-03
793,793,122,minute.maid,3,0,2.62,0.061953911,0.255889066,0.078372885,10.77505285,0.125831821,0.425860127,0.280446271,2.597516352,0.6,2.752490308,0.238737607,0.0,1.0,0.0,8.962710209000015,9.018695488,2023-08-04
1036,1036,122,minute.maid,4,1,2.59,0.061953911,0.255889066,0.078372885,10.77505285,0.125831821,0.425860127,0.280446271,2.597516352,0.6,2.752490308,0.238737607,0.0,1.0,0.0,10.262468604129992,10.19196931,2023-08-05
1199,1199,122,minute.maid,5,0,2.62,0.061953911,0.255889066,0.078372885,10.77505285,0.125831821,0.425860127,0.280446271,2.597516352,0.6,2.752490308,0.238737607,0.0,1.0,0.0,9.10170350177001,9.010913347,2023-08-06
1370,1370,122,minute.maid,6,0,2.62,0.061953911,0.255889066,0.078372885,10.77505285,0.125831821,0.425860127,0.280446271,2.597516352,0.6,2.752490308,0.238737607,0.0,1.0,0.0,9.63846646393999,9.865993348,2023-08-07
1545,1545,122,minute.maid,7,1,2.39,0.061953911,0.255889066,0.078372885,10.77505285,0.125831821,0.425860127,0.280446271,2.597516352,0.6,2.752490308,0.238737607,0.0,1.0,0.0,10.145779522729994,10.11212642,2023-08-08
35,35,70,minute.maid,0,0,2.62,0.190235804,0.165669605,0.162860821,10.41235125,0.110542664,0.32772939,0.049271137,3.909329477,0.5,3.527768437,0.367773151,0.0,1.0,0.0,8.586352145240014,8.553332238,2023-08-01
370,370,70,minute.maid,1,1,1.99,0.190235804,0.165669605,0.162860821,10.41235125,0.110542664,0.32772939,0.049271137,3.909329477,0.5,3.527768437,0.367773151,0.0,1.0,0.0,10.209315252099984,10.09905434,2023-08-02
524,524,70,minute.maid,2,0,2.62,0.190235804,0.165669605,0.162860821,10.41235125,0.110542664,0.32772939,0.049271137,3.909329477,0.5,3.527768437,0.367773151,0.0,1.0,0.0,8.70031529631001,8.712759975,2023-08-03
779,779,70,minute.maid,3,0,2.62,0.190235804,0.165669605,0.162860821,10.41235125,0.110542664,0.32772939,0.049271137,3.909329477,0.5,3.527768437,0.367773151,0.0,1.0,0.0,8.732768184819996,8.723231275,2023-08-04
973,973,70,minute.maid,4,1,2.59,0.190235804,0.165669605,0.162860821,10.41235125,0.110542664,0.32772939,0.049271137,3.909329477,0.5,3.527768437,0.367773151,0.0,1.0,0.0,10.040253622050006,9.930324207,2023-08-05
1291,1291,70,minute.maid,5,0,2.62,0.190235804,0.165669605,0.162860821,10.41235125,0.110542664,0.32772939,0.049271137,3.909329477,0.5,3.527768437,0.367773151,0.0,1.0,0.0,8.648645222119983,8.60153434,2023-08-06
1332,1332,70,minute.maid,6,0,2.62,0.190235804,0.165669605,0.162860821,10.41235125,0.110542664,0.32772939,0.049271137,3.909329477,0.5,3.527768437,0.367773151,0.0,1.0,0.0,9.209278675510008,9.379238908,2023-08-07
1661,1661,70,minute.maid,7,1,2.39,0.190235804,0.165669605,0.162860821,10.41235125,0.110542664,0.32772939,0.049271137,3.909329477,0.5,3.527768437,0.367773151,0.0,1.0,0.0,9.689263043230008,9.447150114,2023-08-08
1764,1764,70,minute.maid,8,0,2.62,0.190235804,0.165669605,0.162860821,10.41235125,0.110542664,0.32772939,0.049271137,3.909329477,0.5,3.527768437,0.367773151,0.0,1.0,0.0,8.682694285999993,8.691482577,2023-08-09
