diagnostics-ingestion-python-sdk/background_data_df.csv
,index,store,brand,week,feat,price,AGE60,EDUC,ETHNIC,INCOME,HHLARGE,WORKWOM,HVAL150,SSTRDIST,SSTRVOL,CPDIST5,CPWVOL5,brand_dominicks,brand_minute.maid,brand_tropicana,score,logmove,datetime
36,36,70,tropicana,0,0,2.59,0.190235804,0.165669605,0.162860821,10.41235125,0.110542664,0.32772939,0.049271137,3.909329477,0.5,3.527768437,0.367773151,0.0,0.0,1.0,9.01099698379,8.987196821,2023-08-01
251,251,70,tropicana,1,0,2.64,0.190235804,0.165669605,0.162860821,10.41235125,0.110542664,0.32772939,0.049271137,3.909329477,0.5,3.527768437,0.367773151,0.0,0.0,1.0,9.103812495580003,9.121727714,2023-08-02
534,534,70,tropicana,2,0,2.67,0.190235804,0.165669605,0.162860821,10.41235125,0.110542664,0.32772939,0.049271137,3.909329477,0.5,3.527768437,0.367773151,0.0,0.0,1.0,9.21519100929001,9.252633284,2023-08-03
820,820,70,tropicana,3,0,2.66,0.190235804,0.165669605,0.162860821,10.41235125,0.110542664,0.32772939,0.049271137,3.909329477,0.5,3.527768437,0.367773151,0.0,0.0,1.0,9.140297845920005,9.121727714,2023-08-04
947,947,70,tropicana,4,0,2.67,0.190235804,0.165669605,0.162860821,10.41235125,0.110542664,0.32772939,0.049271137,3.909329477,0.5,3.527768437,0.367773151,0.0,0.0,1.0,9.03209243536,8.962904128,2023-08-05
1154,1154,70,tropicana,5,0,2.65,0.190235804,0.165669605,0.162860821,10.41235125,0.110542664,0.32772939,0.049271137,3.909329477,0.5,3.527768437,0.367773151,0.0,0.0,1.0,9.137139192790002,9.182763604,2023-08-06
1502,1502,70,tropicana,6,0,2.66,0.190235804,0.165669605,0.162860821,10.41235125,0.110542664,0.32772939,0.049271137,3.909329477,0.5,3.527768437,0.367773151,0.0,0.0,1.0,9.084446943879996,9.049232212,2023-08-07
1611,1611,70,tropicana,7,0,2.65,0.190235804,0.165669605,0.162860821,10.41235125,0.110542664,0.32772939,0.049271137,3.909329477,0.5,3.527768437,0.367773151,0.0,0.0,1.0,9.130963802170015,9.100525506,2023-08-08
1832,1832,70,tropicana,8,0,2.65,0.190235804,0.165669605,0.162860821,10.41235125,0.110542664,0.32772939,0.049271137,3.909329477,0.5,3.527768437,0.367773151,0.0,0.0,1.0,9.24931774120001,9.258749511,2023-08-09
37,37,68,dominicks,0,1,1.59,0.181417756,0.159721511,0.220991053,10.1883657,0.108476376,0.330539657,0.218654434,6.650601624,1.538461538,1.626191859,0.125092069,1.0,0.0,0.0,8.908088285420007,8.877381955,2023-08-01
227,227,68,dominicks,1,0,2.69,0.181417756,0.159721511,0.220991053,10.1883657,0.108476376,0.330539657,0.218654434,6.650601624,1.538461538,1.626191859,0.125092069,1.0,0.0,0.0,7.785269922139994,7.847762538,2023-08-02
612,612,68,dominicks,2,0,2.69,0.181417756,0.159721511,0.220991053,10.1883657,0.108476376,0.330539657,0.218654434,6.650601624,1.538461538,1.626191859,0.125092069,1.0,0.0,0.0,7.775874621239992,7.769800996,2023-08-03
782,782,68,dominicks,3,0,2.69,0.181417756,0.159721511,0.220991053,10.1883657,0.108476376,0.330539657,0.218654434,6.650601624,1.538461538,1.626191859,0.125092069,1.0,0.0,0.0,7.982669150380007,7.920083199,2023-08-04
917,917,68,dominicks,4,0,2.69,0.181417756,0.159721511,0.220991053,10.1883657,0.108476376,0.330539657,0.218654434,6.650601624,1.538461538,1.626191859,0.125092069,1.0,0.0,0.0,7.342787521710004,7.154615357,2023-08-05
1187,1187,68,dominicks,5,0,2.69,0.181417756,0.159721511,0.220991053,10.1883657,0.108476376,0.330539657,0.218654434,6.650601624,1.538461538,1.626191859,0.125092069,1.0,0.0,0.0,7.450237613920011,7.560080465,2023-08-06
1469,1469,68,dominicks,6,0,2.69,0.181417756,0.159721511,0.220991053,10.1883657,0.108476376,0.330539657,0.218654434,6.650601624,1.538461538,1.626191859,0.125092069,1.0,0.0,0.0,8.576709062669995,8.723231275,2023-08-07
1627,1627,68,dominicks,7,1,2.09,0.181417756,0.159721511,0.220991053,10.1883657,0.108476376,0.330539657,0.218654434,6.650601624,1.538461538,1.626191859,0.125092069,1.0,0.0,0.0,8.775885950600012,8.803273983,2023-08-08
1849,1849,68,dominicks,8,0,2.09,0.181417756,0.159721511,0.220991053,10.1883657,0.108476376,0.330539657,0.218654434,6.650601624,1.538461538,1.626191859,0.125092069,1.0,0.0,0.0,8.255226809329985,8.435549202,2023-08-09
38,38,122,dominicks,0,1,1.59,0.061953911,0.255889066,0.078372885,10.77505285,0.125831821,0.425860127,0.280446271,2.597516352,0.6,2.752490308,0.238737607,1.0,0.0,0.0,9.075056135320017,9.114710141,2023-08-01
238,238,122,dominicks,1,0,2.29,0.061953911,0.255889066,0.078372885,10.77505285,0.125831821,0.425860127,0.280446271,2.597516352,0.6,2.752490308,0.238737607,1.0,0.0,0.0,8.19458569887,8.269756948,2023-08-02
578,578,122,dominicks,2,0,2.29,0.061953911,0.255889066,0.078372885,10.77505285,0.125831821,0.425860127,0.280446271,2.597516352,0.6,2.752490308,0.238737607,1.0,0.0,0.0,8.094563651329993,7.965545573,2023-08-03
770,770,122,dominicks,3,0,2.29,0.061953911,0.255889066,0.078372885,10.77505285,0.125831821,0.425860127,0.280446271,2.597516352,0.6,2.752490308,0.238737607,1.0,0.0,0.0,8.432628661630003,8.565602331,2023-08-04
984,984,122,dominicks,4,0,2.29,0.061953911,0.255889066,0.078372885,10.77505285,0.125831821,0.425860127,0.280446271,2.597516352,0.6,2.752490308,0.238737607,1.0,0.0,0.0,7.996193571490004,7.896552702,2023-08-05
1083,1083,122,dominicks,5,0,2.29,0.061953911,0.255889066,0.078372885,10.77505285,0.125831821,0.425860127,0.280446271,2.597516352,0.6,2.752490308,0.238737607,1.0,0.0,0.0,8.365947592640007,8.476371197,2023-08-06
1518,1518,122,dominicks,6,0,2.29,0.061953911,0.255889066,0.078372885,10.77505285,0.125831821,0.425860127,0.280446271,2.597516352,0.6,2.752490308,0.238737607,1.0,0.0,0.0,8.518241680249988,8.528330936,2023-08-07
1599,1599,122,dominicks,7,1,2.09,0.061953911,0.255889066,0.078372885,10.77505285,0.125831821,0.425860127,0.280446271,2.597516352,0.6,2.752490308,0.238737607,1.0,0.0,0.0,9.057779841,9.182763604,2023-08-08
39,39,68,minute.maid,0,0,3.17,0.181417756,0.159721511,0.220991053,10.1883657,0.108476376,0.330539657,0.218654434,6.650601624,1.538461538,1.626191859,0.125092069,0.0,1.0,0.0,8.201572411870012,8.219326094,2023-08-01
340,340,68,minute.maid,1,1,1.99,0.181417756,0.159721511,0.220991053,10.1883657,0.108476376,0.330539657,0.218654434,6.650601624,1.538461538,1.626191859,0.125092069,0.0,1.0,0.0,10.581592451799988,10.48681987,2023-08-02
501,501,68,minute.maid,2,0,3.17,0.181417756,0.159721511,0.220991053,10.1883657,0.108476376,0.330539657,0.218654434,6.650601624,1.538461538,1.626191859,0.125092069,0.0,1.0,0.0,8.177891888829993,8.184234774,2023-08-03
766,766,68,minute.maid,3,0,3.17,0.181417756,0.159721511,0.220991053,10.1883657,0.108476376,0.330539657,0.218654434,6.650601624,1.538461538,1.626191859,0.125092069,0.0,1.0,0.0,8.122348386500011,8.050703382,2023-08-04
904,904,68,minute.maid,4,1,2.59,0.181417756,0.159721511,0.220991053,10.1883657,0.108476376,0.330539657,0.218654434,6.650601624,1.538461538,1.626191859,0.125092069,0.0,1.0,0.0,10.303243494640004,10.31161578,2023-08-05
1298,1298,68,minute.maid,5,0,3.17,0.181417756,0.159721511,0.220991053,10.1883657,0.108476376,0.330539657,0.218654434,6.650601624,1.538461538,1.626191859,0.125092069,0.0,1.0,0.0,8.334322256700009,8.462948177,2023-08-06
1382,1382,68,minute.maid,6,0,3.17,0.181417756,0.159721511,0.220991053,10.1883657,0.108476376,0.330539657,0.218654434,6.650601624,1.538461538,1.626191859,0.125092069,0.0,1.0,0.0,8.422985598119991,8.286017468,2023-08-07
1660,1660,68,minute.maid,7,1,2.39,0.181417756,0.159721511,0.220991053,10.1883657,0.108476376,0.330539657,0.218654434,6.650601624,1.538461538,1.626191859,0.125092069,0.0,1.0,0.0,10.033508137700002,9.967025573,2023-08-08
41,41,67,dominicks,0,1,1.59,0.210272984,0.284394654,0.050539779,10.79695991,0.101871469,0.385157627,0.376326075,1.63276453,1.785714286,1.929939975,1.143366607,1.0,0.0,0.0,8.522444655589986,8.435549202,2023-08-01
305,305,67,dominicks,1,0,2.29,0.210272984,0.284394654,0.050539779,10.79695991,0.101871469,0.385157627,0.376326075,1.63276453,1.785714286,1.929939975,1.143366607,1.0,0.0,0.0,6.801470600639993,6.643789733,2023-08-02
466,466,67,dominicks,2,0,2.29,0.210272984,0.284394654,0.050539779,10.79695991,0.101871469,0.385157627,0.376326075,1.63276453,1.785714286,1.929939975,1.143366607,1.0,0.0,0.0,6.698175872059995,6.556778356,2023-08-03
823,823,67,dominicks,3,0,2.29,0.210272984,0.284394654,0.050539779,10.79695991,0.101871469,0.385157627,0.376326075,1.63276453,1.785714286,1.929939975,1.143366607,1.0,0.0,0.0,7.312381508449999,7.416979621,2023-08-04
886,886,67,dominicks,4,0,2.29,0.210272984,0.284394654,0.050539779,10.79695991,0.101871469,0.385157627,0.376326075,1.63276453,1.785714286,1.929939975,1.143366607,1.0,0.0,0.0,6.728844483940006,6.238324625,2023-08-05
1224,1224,67,dominicks,5,0,2.29,0.210272984,0.284394654,0.050539779,10.79695991,0.101871469,0.385157627,0.376326075,1.63276453,1.785714286,1.929939975,1.143366607,1.0,0.0,0.0,7.26220943603,7.526178913,2023-08-06
1460,1460,67,dominicks,6,0,2.29,0.210272984,0.284394654,0.050539779,10.79695991,0.101871469,0.385157627,0.376326075,1.63276453,1.785714286,1.929939975,1.143366607,1.0,0.0,0.0,7.469918321469996,7.491087594,2023-08-07
1637,1637,67,dominicks,7,1,2.09,0.210272984,0.284394654,0.050539779,10.79695991,0.101871469,0.385157627,0.376326075,1.63276453,1.785714286,1.929939975,1.143366607,1.0,0.0,0.0,8.328461267029986,8.184234774,2023-08-08
1766,1766,67,dominicks,8,0,2.09,0.210272984,0.284394654,0.050539779,10.79695991,0.101871469,0.385157627,0.376326075,1.63276453,1.785714286,1.929939975,1.143366607,1.0,0.0,0.0,7.170199923379995,7.103322063,2023-08-09
43,43,67,minute.maid,0,0,2.62,0.210272984,0.284394654,0.050539779,10.79695991,0.101871469,0.385157627,0.376326075,1.63276453,1.785714286,1.929939975,1.143366607,0.0,1.0,0.0,8.09373367125,8.070906089,2023-08-01
411,411,67,minute.maid,1,1,1.99,0.210272984,0.284394654,0.050539779,10.79695991,0.101871469,0.385157627,0.376326075,1.63276453,1.785714286,1.929939975,1.143366607,0.0,1.0,0.0,10.26455906008,10.25920204,2023-08-02
439,439,67,minute.maid,2,0,2.62,0.210272984,0.284394654,0.050539779,10.79695991,0.101871469,0.385157627,0.376326075,1.63276453,1.785714286,1.929939975,1.143366607,0.0,1.0,0.0,8.162159846699995,8.201934351,2023-08-03
835,835,67,minute.maid,3,0,2.62,0.210272984,0.284394654,0.050539779,10.79695991,0.101871469,0.385157627,0.376326075,1.63276453,1.785714286,1.929939975,1.143366607,0.0,1.0,0.0,8.09454456479001,8.050703382,2023-08-04
1059,1059,67,minute.maid,4,1,2.59,0.210272984,0.284394654,0.050539779,10.79695991,0.101871469,0.385157627,0.376326075,1.63276453,1.785714286,1.929939975,1.143366607,0.0,1.0,0.0,9.818596677139997,9.832206351,2023-08-05
1155,1155,67,minute.maid,5,0,2.62,0.210272984,0.284394654,0.050539779,10.79695991,0.101871469,0.385157627,0.376326075,1.63276453,1.785714286,1.929939975,1.143366607,0.0,1.0,0.0,8.135066090750012,8.050703382,2023-08-06
1499,1499,67,minute.maid,6,0,2.62,0.210272984,0.284394654,0.050539779,10.79695991,0.101871469,0.385157627,0.376326075,1.63276453,1.785714286,1.929939975,1.143366607,0.0,1.0,0.0,8.3353910781,8.286017468,2023-08-07
1546,1546,67,minute.maid,7,1,2.39,0.210272984,0.284394654,0.050539779,10.79695991,0.101871469,0.385157627,0.376326075,1.63276453,1.785714286,1.929939975,1.143366607,0.0,1.0,0.0,9.52725530800001,9.452187908,2023-08-08
1780,1780,67,minute.maid,8,0,2.62,0.210272984,0.284394654,0.050539779,10.79695991,0.101871469,0.385157627,0.376326075,1.63276453,1.785714286,1.929939975,1.143366607,0.0,1.0,0.0,8.004680010100003,7.920083199,2023-08-09
45,45,64,dominicks,0,1,1.59,0.141992021,0.16082131,0.070034198,10.60581744,0.135339885,0.391294542,0.093860685,3.503787688,1.923076923,1.939224403,0.560240328,1.0,0.0,0.0,9.008485589590014,9.100525506,2023-08-01
263,263,64,dominicks,1,0,2.29,0.141992021,0.16082131,0.070034198,10.60581744,0.135339885,0.391294542,0.093860685,3.503787688,1.923076923,1.939224403,0.560240328,1.0,0.0,0.0,8.20479418235,8.378390789,2023-08-02
554,554,64,dominicks,2,0,2.29,0.141992021,0.16082131,0.070034198,10.60581744,0.135339885,0.391294542,0.093860685,3.503787688,1.923076923,1.939224403,0.560240328,1.0,0.0,0.0,7.983633122249992,7.87245515,2023-08-03
628,628,64,dominicks,3,0,2.29,0.141992021,0.16082131,0.070034198,10.60581744,0.135339885,0.391294542,0.093860685,3.503787688,1.923076923,1.939224403,0.560240328,1.0,0.0,0.0,8.124466228099989,8.166216269,2023-08-04
1032,1032,64,dominicks,4,0,2.29,0.141992021,0.16082131,0.070034198,10.60581744,0.135339885,0.391294542,0.093860685,3.503787688,1.923076923,1.939224403,0.560240328,1.0,0.0,0.0,7.825667638769988,7.769800996,2023-08-05
1084,1084,64,dominicks,5,0,2.49,0.141992021,0.16082131,0.070034198,10.60581744,0.135339885,0.391294542,0.093860685,3.503787688,1.923076923,1.939224403,0.560240328,1.0,0.0,0.0,7.8905045336000015,8.14786713,2023-08-06
1513,1513,64,dominicks,6,0,2.49,0.141992021,0.16082131,0.070034198,10.60581744,0.135339885,0.391294542,0.093860685,3.503787688,1.923076923,1.939224403,0.560240328,1.0,0.0,0.0,8.424651569839996,8.540909718,2023-08-07
1552,1552,64,dominicks,7,1,2.09,0.141992021,0.16082131,0.070034198,10.60581744,0.135339885,0.391294542,0.093860685,3.503787688,1.923076923,1.939224403,0.560240328,1.0,0.0,0.0,8.902374833069997,8.987196821,2023-08-08
46,46,123,minute.maid,0,0,3.17,0.176040942,0.153191489,0.204809699,10.33410045,0.145040289,0.3115727,0.228675136,7.449993976,1.111111111,1.60714281,0.166802611,0.0,1.0,0.0,8.529947918909993,8.577723691,2023-08-01
231,231,123,minute.maid,1,1,1.99,0.176040942,0.153191489,0.204809699,10.33410045,0.145040289,0.3115727,0.228675136,7.449993976,1.111111111,1.60714281,0.166802611,0.0,1.0,0.0,11.145896044000004,11.17099838,2023-08-02
610,610,123,minute.maid,2,0,3.17,0.176040942,0.153191489,0.204809699,10.33410045,0.145040289,0.3115727,0.228675136,7.449993976,1.111111111,1.60714281,0.166802611,0.0,1.0,0.0,8.456400145789996,8.407378325,2023-08-03
645,645,123,minute.maid,3,0,3.17,0.176040942,0.153191489,0.204809699,10.33410045,0.145040289,0.3115727,0.228675136,7.449993976,1.111111111,1.60714281,0.166802611,0.0,1.0,0.0,8.531439223670013,8.553332238,2023-08-04
1015,1015,123,minute.maid,4,1,2.59,0.176040942,0.153191489,0.204809699,10.33410045,0.145040289,0.3115727,0.228675136,7.449993976,1.111111111,1.60714281,0.166802611,0.0,1.0,0.0,10.650409371030015,10.73674444,2023-08-05
1284,1284,123,minute.maid,5,0,3.17,0.176040942,0.153191489,0.204809699,10.33410045,0.145040289,0.3115727,0.228675136,7.449993976,1.111111111,1.60714281,0.166802611,0.0,1.0,0.0,8.408150666930004,8.269756948,2023-08-06
1424,1424,123,minute.maid,6,0,3.17,0.176040942,0.153191489,0.204809699,10.33410045,0.145040289,0.3115727,0.228675136,7.449993976,1.111111111,1.60714281,0.166802611,0.0,1.0,0.0,8.954815120709993,9.107642974,2023-08-07
1572,1572,123,minute.maid,7,1,2.39,0.176040942,0.153191489,0.204809699,10.33410045,0.145040289,0.3115727,0.228675136,7.449993976,1.111111111,1.60714281,0.166802611,0.0,1.0,0.0,10.456939454569994,10.45414909,2023-08-08
47,47,64,minute.maid,0,0,2.62,0.141992021,0.16082131,0.070034198,10.60581744,0.135339885,0.391294542,0.093860685,3.503787688,1.923076923,1.939224403,0.560240328,0.0,1.0,0.0,8.204584009689993,8.166216269,2023-08-01
319,319,64,minute.maid,1,1,1.99,0.141992021,0.16082131,0.070034198,10.60581744,0.135339885,0.391294542,0.093860685,3.503787688,1.923076923,1.939224403,0.560240328,0.0,1.0,0.0,9.772573835059983,9.643680017,2023-08-02
509,509,64,minute.maid,2,0,2.62,0.141992021,0.16082131,0.070034198,10.60581744,0.135339885,0.391294542,0.093860685,3.503787688,1.923076923,1.939224403,0.560240328,0.0,1.0,0.0,8.359814048160002,8.378390789,2023-08-03
764,764,64,minute.maid,3,0,2.62,0.141992021,0.16082131,0.070034198,10.60581744,0.135339885,0.391294542,0.093860685,3.503787688,1.923076923,1.939224403,0.560240328,0.0,1.0,0.0,8.366917698359996,8.42156296,2023-08-04
1003,1003,64,minute.maid,4,1,2.59,0.141992021,0.16082131,0.070034198,10.60581744,0.135339885,0.391294542,0.093860685,3.503787688,1.923076923,1.939224403,0.560240328,0.0,1.0,0.0,9.55553820676999,9.486759252,2023-08-05
1239,1239,64,minute.maid,5,0,2.99,0.141992021,0.16082131,0.070034198,10.60581744,0.135339885,0.391294542,0.093860685,3.503787688,1.923076923,1.939224403,0.560240328,0.0,1.0,0.0,8.179668479530008,8.219326094,2023-08-06
1438,1438,64,minute.maid,6,0,2.99,0.141992021,0.16082131,0.070034198,10.60581744,0.135339885,0.391294542,0.093860685,3.503787688,1.923076923,1.939224403,0.560240328,0.0,1.0,0.0,8.28970539319999,8.201934351,2023-08-07
1533,1533,64,minute.maid,7,1,2.39,0.141992021,0.16082131,0.070034198,10.60581744,0.135339885,0.391294542,0.093860685,3.503787688,1.923076923,1.939224403,0.560240328,0.0,1.0,0.0,9.197160185829995,9.107642974,2023-08-08
