diagnostics-ingestion-python-sdk/background_data_df.csv
,index,store,brand,week,feat,price,AGE60,EDUC,ETHNIC,INCOME,HHLARGE,WORKWOM,HVAL150,SSTRDIST,SSTRVOL,CPDIST5,CPWVOL5,brand_dominicks,brand_minute.maid,brand_tropicana,score,logmove,datetime
48,48,64,tropicana,0,0,3.19,0.141992021,0.16082131,0.070034198,10.60581744,0.135339885,0.391294542,0.093860685,3.503787688,1.923076923,1.939224403,0.560240328,0.0,0.0,1.0,8.02892485573,8.009030685,2023-08-01
292,292,64,tropicana,1,0,3.19,0.141992021,0.16082131,0.070034198,10.60581744,0.135339885,0.391294542,0.093860685,3.503787688,1.923076923,1.939224403,0.560240328,0.0,0.0,1.0,8.00204437146001,7.98752448,2023-08-02
502,502,64,tropicana,2,0,3.19,0.141992021,0.16082131,0.070034198,10.60581744,0.135339885,0.391294542,0.093860685,3.503787688,1.923076923,1.939224403,0.560240328,0.0,0.0,1.0,8.30446058737001,8.462948177,2023-08-03
728,728,64,tropicana,3,0,3.19,0.141992021,0.16082131,0.070034198,10.60581744,0.135339885,0.391294542,0.093860685,3.503787688,1.923076923,1.939224403,0.560240328,0.0,0.0,1.0,7.994643391619995,7.965545573,2023-08-04
996,996,64,tropicana,4,0,3.19,0.141992021,0.16082131,0.070034198,10.60581744,0.135339885,0.391294542,0.093860685,3.503787688,1.923076923,1.939224403,0.560240328,0.0,0.0,1.0,7.733069118450007,7.560080465,2023-08-05
1281,1281,64,tropicana,5,0,3.66,0.141992021,0.16082131,0.070034198,10.60581744,0.135339885,0.391294542,0.093860685,3.503787688,1.923076923,1.939224403,0.560240328,0.0,0.0,1.0,8.16567970084999,8.286017468,2023-08-06
1430,1430,64,tropicana,6,0,3.66,0.141992021,0.16082131,0.070034198,10.60581744,0.135339885,0.391294542,0.093860685,3.503787688,1.923076923,1.939224403,0.560240328,0.0,0.0,1.0,8.007132689059986,7.943072717,2023-08-07
1647,1647,64,tropicana,7,0,3.66,0.141992021,0.16082131,0.070034198,10.60581744,0.135339885,0.391294542,0.093860685,3.503787688,1.923076923,1.939224403,0.560240328,0.0,0.0,1.0,7.939774958049986,7.943072717,2023-08-08
49,49,62,dominicks,0,1,1.59,0.222534262,0.517760337,0.026510896,11.23619652,0.103979265,0.322765158,0.916699488,5.452685258,0.705882353,2.184049779,0.201722445,1.0,0.0,0.0,8.116338218160012,8.050703382,2023-08-01
341,341,62,dominicks,1,0,2.69,0.222534262,0.517760337,0.026510896,11.23619652,0.103979265,0.322765158,0.916699488,5.452685258,0.705882353,2.184049779,0.201722445,1.0,0.0,0.0,6.331597273000009,6.104793232,2023-08-02
500,500,62,dominicks,2,0,2.69,0.222534262,0.517760337,0.026510896,11.23619652,0.103979265,0.322765158,0.916699488,5.452685258,0.705882353,2.184049779,0.201722445,1.0,0.0,0.0,6.449227226610005,6.461468176,2023-08-03
718,718,62,dominicks,3,0,2.69,0.222534262,0.517760337,0.026510896,11.23619652,0.103979265,0.322765158,0.916699488,5.452685258,0.705882353,2.184049779,0.201722445,1.0,0.0,0.0,6.977765658419997,6.931471806,2023-08-04
882,882,62,dominicks,4,0,2.69,0.222534262,0.517760337,0.026510896,11.23619652,0.103979265,0.322765158,0.916699488,5.452685258,0.705882353,2.184049779,0.201722445,1.0,0.0,0.0,6.600372753080006,6.723832441,2023-08-05
1243,1243,62,dominicks,5,0,2.69,0.222534262,0.517760337,0.026510896,11.23619652,0.103979265,0.322765158,0.916699488,5.452685258,0.705882353,2.184049779,0.201722445,1.0,0.0,0.0,5.527523086989998,5.257495372,2023-08-06
1423,1423,62,dominicks,6,0,2.69,0.222534262,0.517760337,0.026510896,11.23619652,0.103979265,0.322765158,0.916699488,5.452685258,0.705882353,2.184049779,0.201722445,1.0,0.0,0.0,7.07386912167001,7.560080465,2023-08-07
1770,1770,62,dominicks,8,0,2.09,0.222534262,0.517760337,0.026510896,11.23619652,0.103979265,0.322765158,0.916699488,5.452685258,0.705882353,2.184049779,0.201722445,1.0,0.0,0.0,7.035541114139999,6.931471806,2023-08-09
50,50,123,dominicks,0,1,1.59,0.176040942,0.153191489,0.204809699,10.33410045,0.145040289,0.3115727,0.228675136,7.449993976,1.111111111,1.60714281,0.166802611,1.0,0.0,0.0,8.755868207049998,8.723231275,2023-08-01
342,342,123,dominicks,1,0,2.49,0.176040942,0.153191489,0.204809699,10.33410045,0.145040289,0.3115727,0.228675136,7.449993976,1.111111111,1.60714281,0.166802611,1.0,0.0,0.0,7.590515643619998,7.742402022,2023-08-02
496,496,123,dominicks,2,0,2.69,0.176040942,0.153191489,0.204809699,10.33410045,0.145040289,0.3115727,0.228675136,7.449993976,1.111111111,1.60714281,0.166802611,1.0,0.0,0.0,7.39374718432,7.203405521,2023-08-03
711,711,123,dominicks,3,0,2.69,0.176040942,0.153191489,0.204809699,10.33410045,0.145040289,0.3115727,0.228675136,7.449993976,1.111111111,1.60714281,0.166802611,1.0,0.0,0.0,8.08905583344001,8.050703382,2023-08-04
860,860,123,dominicks,4,0,2.69,0.176040942,0.153191489,0.204809699,10.33410045,0.145040289,0.3115727,0.228675136,7.449993976,1.111111111,1.60714281,0.166802611,1.0,0.0,0.0,7.530328587259987,7.624618986,2023-08-05
1217,1217,123,dominicks,5,0,2.69,0.176040942,0.153191489,0.204809699,10.33410045,0.145040289,0.3115727,0.228675136,7.449993976,1.111111111,1.60714281,0.166802611,1.0,0.0,0.0,7.021174435949994,6.866933285,2023-08-06
1385,1385,123,dominicks,6,0,2.69,0.176040942,0.153191489,0.204809699,10.33410045,0.145040289,0.3115727,0.228675136,7.449993976,1.111111111,1.60714281,0.166802611,1.0,0.0,0.0,8.28918835990001,8.219326094,2023-08-07
1666,1666,123,dominicks,7,1,2.09,0.176040942,0.153191489,0.204809699,10.33410045,0.145040289,0.3115727,0.228675136,7.449993976,1.111111111,1.60714281,0.166802611,1.0,0.0,0.0,8.824717085070011,8.822322178,2023-08-08
1870,1870,123,dominicks,8,0,2.09,0.176040942,0.153191489,0.204809699,10.33410045,0.145040289,0.3115727,0.228675136,7.449993976,1.111111111,1.60714281,0.166802611,1.0,0.0,0.0,8.102779771109997,8.009030685,2023-08-09
52,52,50,minute.maid,0,0,2.62,0.153357376,0.128764278,0.07092564,10.58930796,0.111798396,0.3242127,0.240180587,2.767046304,0.727272727,1.939328534,0.470972765,0.0,1.0,0.0,7.846791630679997,7.847762538,2023-08-01
377,377,50,minute.maid,1,1,1.99,0.153357376,0.128764278,0.07092564,10.58930796,0.111798396,0.3242127,0.240180587,2.767046304,0.727272727,1.939328534,0.470972765,0.0,1.0,0.0,9.89181372111,9.939626599,2023-08-02
426,426,50,minute.maid,2,0,2.62,0.153357376,0.128764278,0.07092564,10.58930796,0.111798396,0.3242127,0.240180587,2.767046304,0.727272727,1.939328534,0.470972765,0.0,1.0,0.0,7.746606476830005,7.655390645,2023-08-03
821,821,50,minute.maid,3,0,2.62,0.153357376,0.128764278,0.07092564,10.58930796,0.111798396,0.3242127,0.240180587,2.767046304,0.727272727,1.939328534,0.470972765,0.0,1.0,0.0,7.749149711429998,7.714231145,2023-08-04
1017,1017,50,minute.maid,4,1,2.59,0.153357376,0.128764278,0.07092564,10.58930796,0.111798396,0.3242127,0.240180587,2.767046304,0.727272727,1.939328534,0.470972765,0.0,1.0,0.0,9.541374397889982,9.411156511,2023-08-05
1174,1174,50,minute.maid,5,0,2.62,0.153357376,0.128764278,0.07092564,10.58930796,0.111798396,0.3242127,0.240180587,2.767046304,0.727272727,1.939328534,0.470972765,0.0,1.0,0.0,8.003222753140005,7.82244473,2023-08-06
1479,1479,50,minute.maid,6,0,2.62,0.153357376,0.128764278,0.07092564,10.58930796,0.111798396,0.3242127,0.240180587,2.767046304,0.727272727,1.939328534,0.470972765,0.0,1.0,0.0,8.748747324210008,8.946374826,2023-08-07
1686,1686,50,minute.maid,7,1,2.39,0.153357376,0.128764278,0.07092564,10.58930796,0.111798396,0.3242127,0.240180587,2.767046304,0.727272727,1.939328534,0.470972765,0.0,1.0,0.0,9.268536229429992,9.041685006,2023-08-08
1866,1866,50,minute.maid,8,0,2.62,0.153357376,0.128764278,0.07092564,10.58930796,0.111798396,0.3242127,0.240180587,2.767046304,0.727272727,1.939328534,0.470972765,0.0,1.0,0.0,7.891861081070001,7.82244473,2023-08-09
53,53,128,minute.maid,0,0,3.17,0.157485189,0.211896894,0.355911221,10.15342882,0.100043497,0.398251192,0.26618705,10.6674474,2.0,1.409463486,0.259004207,0.0,1.0,0.0,8.608785635709992,8.647519453,2023-08-01
366,366,128,minute.maid,1,1,1.99,0.157485189,0.211896894,0.355911221,10.15342882,0.100043497,0.398251192,0.26618705,10.6674474,2.0,1.409463486,0.259004207,0.0,1.0,0.0,11.36492419049999,11.41518032,2023-08-02
469,469,128,minute.maid,2,0,3.17,0.157485189,0.211896894,0.355911221,10.15342882,0.100043497,0.398251192,0.26618705,10.6674474,2.0,1.409463486,0.259004207,0.0,1.0,0.0,8.569012945860008,8.462948177,2023-08-03
720,720,128,minute.maid,3,0,3.17,0.157485189,0.211896894,0.355911221,10.15342882,0.100043497,0.398251192,0.26618705,10.6674474,2.0,1.409463486,0.259004207,0.0,1.0,0.0,8.720630114750008,8.903815212,2023-08-04
880,880,128,minute.maid,4,1,2.59,0.157485189,0.211896894,0.355911221,10.15342882,0.100043497,0.398251192,0.26618705,10.6674474,2.0,1.409463486,0.259004207,0.0,1.0,0.0,10.935821418620012,11.15647907,2023-08-05
1236,1236,128,minute.maid,5,0,3.17,0.157485189,0.211896894,0.355911221,10.15342882,0.100043497,0.398251192,0.26618705,10.6674474,2.0,1.409463486,0.259004207,0.0,1.0,0.0,8.3814578889,8.090708716,2023-08-06
1449,1449,128,minute.maid,6,0,3.17,0.157485189,0.211896894,0.355911221,10.15342882,0.100043497,0.398251192,0.26618705,10.6674474,2.0,1.409463486,0.259004207,0.0,1.0,0.0,9.273270264920008,9.496421163,2023-08-07
1721,1721,128,minute.maid,7,1,2.39,0.157485189,0.211896894,0.355911221,10.15342882,0.100043497,0.398251192,0.26618705,10.6674474,2.0,1.409463486,0.259004207,0.0,1.0,0.0,10.780939455990016,10.73674444,2023-08-08
1854,1854,128,minute.maid,8,0,3.17,0.157485189,0.211896894,0.355911221,10.15342882,0.100043497,0.398251192,0.26618705,10.6674474,2.0,1.409463486,0.259004207,0.0,1.0,0.0,8.649718476610005,8.476371197,2023-08-09
55,55,28,dominicks,0,1,1.59,0.213308785,0.233162564,0.055935473,10.79853422,0.103665655,0.389058524,0.445140033,2.912922287,1.727272727,1.820776686,0.814221001,1.0,0.0,0.0,8.521259543800006,8.363575703,2023-08-01
296,296,28,dominicks,1,0,2.49,0.213308785,0.233162564,0.055935473,10.79853422,0.103665655,0.389058524,0.445140033,2.912922287,1.727272727,1.820776686,0.814221001,1.0,0.0,0.0,7.605611612609989,7.685243608,2023-08-02
483,483,28,dominicks,2,0,2.49,0.213308785,0.233162564,0.055935473,10.79853422,0.103665655,0.389058524,0.445140033,2.912922287,1.727272727,1.820776686,0.814221001,1.0,0.0,0.0,7.638844289139991,7.769800996,2023-08-03
726,726,28,dominicks,3,0,2.49,0.213308785,0.233162564,0.055935473,10.79853422,0.103665655,0.389058524,0.445140033,2.912922287,1.727272727,1.820776686,0.814221001,1.0,0.0,0.0,7.875387687739988,7.943072717,2023-08-04
895,895,28,dominicks,4,0,2.49,0.213308785,0.233162564,0.055935473,10.79853422,0.103665655,0.389058524,0.445140033,2.912922287,1.727272727,1.820776686,0.814221001,1.0,0.0,0.0,6.801519652830004,6.461468176,2023-08-05
1253,1253,28,dominicks,5,0,2.49,0.213308785,0.233162564,0.055935473,10.79853422,0.103665655,0.389058524,0.445140033,2.912922287,1.727272727,1.820776686,0.814221001,1.0,0.0,0.0,6.901705322799999,6.797940413,2023-08-06
1463,1463,28,dominicks,6,0,2.49,0.213308785,0.233162564,0.055935473,10.79853422,0.103665655,0.389058524,0.445140033,2.912922287,1.727272727,1.820776686,0.814221001,1.0,0.0,0.0,7.781222974559996,7.742402022,2023-08-07
1639,1639,28,dominicks,7,1,2.09,0.213308785,0.233162564,0.055935473,10.79853422,0.103665655,0.389058524,0.445140033,2.912922287,1.727272727,1.820776686,0.814221001,1.0,0.0,0.0,8.467941069890003,8.449342525,2023-08-08
1840,1840,28,dominicks,8,0,2.09,0.213308785,0.233162564,0.055935473,10.79853422,0.103665655,0.389058524,0.445140033,2.912922287,1.727272727,1.820776686,0.814221001,1.0,0.0,0.0,7.523642724459998,7.526178913,2023-08-09
56,56,28,minute.maid,0,0,2.99,0.213308785,0.233162564,0.055935473,10.79853422,0.103665655,0.389058524,0.445140033,2.912922287,1.727272727,1.820776686,0.814221001,0.0,1.0,0.0,8.294886674159994,8.333270353,2023-08-01
338,338,28,minute.maid,1,1,1.99,0.213308785,0.233162564,0.055935473,10.79853422,0.103665655,0.389058524,0.445140033,2.912922287,1.727272727,1.820776686,0.814221001,0.0,1.0,0.0,9.980354202750007,9.939626599,2023-08-02
506,506,28,minute.maid,2,0,2.99,0.213308785,0.233162564,0.055935473,10.79853422,0.103665655,0.389058524,0.445140033,2.912922287,1.727272727,1.820776686,0.814221001,0.0,1.0,0.0,8.191502660109993,8.110126802,2023-08-03
716,716,28,minute.maid,3,0,2.99,0.213308785,0.233162564,0.055935473,10.79853422,0.103665655,0.389058524,0.445140033,2.912922287,1.727272727,1.820776686,0.814221001,0.0,1.0,0.0,8.20907481242999,8.236420527,2023-08-04
887,887,28,minute.maid,4,1,2.59,0.213308785,0.233162564,0.055935473,10.79853422,0.103665655,0.389058524,0.445140033,2.912922287,1.727272727,1.820776686,0.814221001,0.0,1.0,0.0,9.784951865049994,9.768354879,2023-08-05
1249,1249,28,minute.maid,5,0,2.99,0.213308785,0.233162564,0.055935473,10.79853422,0.103665655,0.389058524,0.445140033,2.912922287,1.727272727,1.820776686,0.814221001,0.0,1.0,0.0,8.117465697389997,8.009030685,2023-08-06
1411,1411,28,minute.maid,6,0,2.99,0.213308785,0.233162564,0.055935473,10.79853422,0.103665655,0.389058524,0.445140033,2.912922287,1.727272727,1.820776686,0.814221001,0.0,1.0,0.0,8.73710855740001,8.912473275,2023-08-07
1674,1674,28,minute.maid,7,1,2.39,0.213308785,0.233162564,0.055935473,10.79853422,0.103665655,0.389058524,0.445140033,2.912922287,1.727272727,1.820776686,0.814221001,0.0,1.0,0.0,9.460084502419994,9.400630098,2023-08-08
1850,1850,28,minute.maid,8,0,2.99,0.213308785,0.233162564,0.055935473,10.79853422,0.103665655,0.389058524,0.445140033,2.912922287,1.727272727,1.820776686,0.814221001,0.0,1.0,0.0,7.982519044699992,7.847762538,2023-08-09
58,58,21,dominicks,0,1,1.59,0.066896458,0.17750345,0.105038777,10.71619397,0.164179104,0.406070931,0.123485737,0.267524672,1.05,1.953944431,0.602073176,1.0,0.0,0.0,8.998452664150015,9.018695488,2023-08-01
242,242,21,dominicks,1,0,2.29,0.066896458,0.17750345,0.105038777,10.71619397,0.164179104,0.406070931,0.123485737,0.267524672,1.05,1.953944431,0.602073176,1.0,0.0,0.0,7.916792107649991,7.943072717,2023-08-02
753,753,21,dominicks,3,0,2.29,0.066896458,0.17750345,0.105038777,10.71619397,0.164179104,0.406070931,0.123485737,0.267524672,1.05,1.953944431,0.602073176,1.0,0.0,0.0,8.165754281459987,8.236420527,2023-08-04
988,988,21,dominicks,4,0,2.29,0.066896458,0.17750345,0.105038777,10.71619397,0.164179104,0.406070931,0.123485737,0.267524672,1.05,1.953944431,0.602073176,1.0,0.0,0.0,7.935489829779986,7.87245515,2023-08-05
1121,1121,21,dominicks,5,0,2.29,0.066896458,0.17750345,0.105038777,10.71619397,0.164179104,0.406070931,0.123485737,0.267524672,1.05,1.953944431,0.602073176,1.0,0.0,0.0,8.27572219249999,8.42156296,2023-08-06
1512,1512,21,dominicks,6,0,2.29,0.066896458,0.17750345,0.105038777,10.71619397,0.164179104,0.406070931,0.123485737,0.267524672,1.05,1.953944431,0.602073176,1.0,0.0,0.0,8.312979824739992,8.333270353,2023-08-07
1597,1597,21,dominicks,7,1,2.09,0.066896458,0.17750345,0.105038777,10.71619397,0.164179104,0.406070931,0.123485737,0.267524672,1.05,1.953944431,0.602073176,1.0,0.0,0.0,8.779271780769996,8.783855897,2023-08-08
1871,1871,21,dominicks,8,0,2.09,0.066896458,0.17750345,0.105038777,10.71619397,0.164179104,0.406070931,0.123485737,0.267524672,1.05,1.953944431,0.602073176,1.0,0.0,0.0,8.00095819218999,7.965545573,2023-08-09
65,65,132,minute.maid,0,0,2.62,0.139617348,0.264528441,0.273974204,10.61915425,0.129984231,0.352754754,0.148870968,2.312046161,1.5625,2.795615017,0.478339596,0.0,1.0,0.0,8.372424865200015,8.30201781,2023-08-01
415,415,132,minute.maid,1,1,1.99,0.139617348,0.264528441,0.273974204,10.61915425,0.129984231,0.352754754,0.148870968,2.312046161,1.5625,2.795615017,0.478339596,0.0,1.0,0.0,10.822713086499997,10.79745087,2023-08-02
526,526,132,minute.maid,2,0,2.62,0.139617348,0.264528441,0.273974204,10.61915425,0.129984231,0.352754754,0.148870968,2.312046161,1.5625,2.795615017,0.478339596,0.0,1.0,0.0,8.538333458610012,8.565602331,2023-08-03
652,652,132,minute.maid,3,0,2.62,0.139617348,0.264528441,0.273974204,10.61915425,0.129984231,0.352754754,0.148870968,2.312046161,1.5625,2.795615017,0.478339596,0.0,1.0,0.0,8.599212503580016,8.66974259,2023-08-04
966,966,132,minute.maid,4,1,2.59,0.139617348,0.264528441,0.273974204,10.61915425,0.129984231,0.352754754,0.148870968,2.312046161,1.5625,2.795615017,0.478339596,0.0,1.0,0.0,10.45408424618999,10.62347139,2023-08-05
1264,1264,132,minute.maid,5,0,2.62,0.139617348,0.264528441,0.273974204,10.61915425,0.129984231,0.352754754,0.148870968,2.312046161,1.5625,2.795615017,0.478339596,0.0,1.0,0.0,8.539050220000009,8.51559191,2023-08-06
1333,1333,132,minute.maid,6,0,2.62,0.139617348,0.264528441,0.273974204,10.61915425,0.129984231,0.352754754,0.148870968,2.312046161,1.5625,2.795615017,0.478339596,0.0,1.0,0.0,8.979687732340004,9.121727714,2023-08-07
1658,1658,132,minute.maid,7,1,2.39,0.139617348,0.264528441,0.273974204,10.61915425,0.129984231,0.352754754,0.148870968,2.312046161,1.5625,2.795615017,0.478339596,0.0,1.0,0.0,10.0580076832,9.939626599,2023-08-08
1830,1830,132,minute.maid,8,0,2.62,0.139617348,0.264528441,0.273974204,10.61915425,0.129984231,0.352754754,0.148870968,2.312046161,1.5625,2.795615017,0.478339596,0.0,1.0,0.0,8.424564336879994,8.333270353,2023-08-09
