diagnostics-ingestion-python-sdk/background_data_df.csv
,index,store,brand,week,feat,price,AGE60,EDUC,ETHNIC,INCOME,HHLARGE,WORKWOM,HVAL150,SSTRDIST,SSTRVOL,CPDIST5,CPWVOL5,brand_dominicks,brand_minute.maid,brand_tropicana,score,logmove,datetime
66,66,14,dominicks,0,1,1.59,0.213949275,0.348293024,0.034178744,11.04392933,0.107894294,0.362305746,0.750769908,3.320947571,0.75,2.359891293,0.73181003,1.0,0.0,0.0,8.617653532679999,8.886270902,2023-08-01
398,398,14,dominicks,1,0,2.69,0.213949275,0.348293024,0.034178744,11.04392933,0.107894294,0.362305746,0.750769908,3.320947571,0.75,2.359891293,0.73181003,1.0,0.0,0.0,6.916595091300001,7.249925537,2023-08-02
619,619,14,dominicks,2,0,2.69,0.213949275,0.348293024,0.034178744,11.04392933,0.107894294,0.362305746,0.750769908,3.320947571,0.75,2.359891293,0.73181003,1.0,0.0,0.0,6.565970695210005,6.238324625,2023-08-03
701,701,14,dominicks,3,0,2.69,0.213949275,0.348293024,0.034178744,11.04392933,0.107894294,0.362305746,0.750769908,3.320947571,0.75,2.359891293,0.73181003,1.0,0.0,0.0,7.458619988619998,8.090708716,2023-08-04
867,867,14,dominicks,4,0,2.69,0.213949275,0.348293024,0.034178744,11.04392933,0.107894294,0.362305746,0.750769908,3.320947571,0.75,2.359891293,0.73181003,1.0,0.0,0.0,6.355837530350008,6.104793232,2023-08-05
1254,1254,14,dominicks,5,0,2.69,0.213949275,0.348293024,0.034178744,11.04392933,0.107894294,0.362305746,0.750769908,3.320947571,0.75,2.359891293,0.73181003,1.0,0.0,0.0,4.951175528859995,4.158883083,2023-08-06
1328,1328,14,dominicks,6,0,2.69,0.213949275,0.348293024,0.034178744,11.04392933,0.107894294,0.362305746,0.750769908,3.320947571,0.75,2.359891293,0.73181003,1.0,0.0,0.0,6.723210732189998,6.797940413,2023-08-07
1583,1583,14,dominicks,7,1,2.09,0.213949275,0.348293024,0.034178744,11.04392933,0.107894294,0.362305746,0.750769908,3.320947571,0.75,2.359891293,0.73181003,1.0,0.0,0.0,8.585701282860004,8.51559191,2023-08-08
1847,1847,14,dominicks,8,0,2.09,0.213949275,0.348293024,0.034178744,11.04392933,0.107894294,0.362305746,0.750769908,3.320947571,0.75,2.359891293,0.73181003,1.0,0.0,0.0,7.280920034080001,7.454719949,2023-08-09
67,67,14,minute.maid,0,0,3.17,0.213949275,0.348293024,0.034178744,11.04392933,0.107894294,0.362305746,0.750769908,3.320947571,0.75,2.359891293,0.73181003,0.0,1.0,0.0,7.886425194870003,7.82244473,2023-08-01
356,356,14,minute.maid,1,1,1.99,0.213949275,0.348293024,0.034178744,11.04392933,0.107894294,0.362305746,0.750769908,3.320947571,0.75,2.359891293,0.73181003,0.0,1.0,0.0,10.525061679099997,10.59021417,2023-08-02
462,462,14,minute.maid,2,0,3.17,0.213949275,0.348293024,0.034178744,11.04392933,0.107894294,0.362305746,0.750769908,3.320947571,0.75,2.359891293,0.73181003,0.0,1.0,0.0,7.862449804549999,7.82244473,2023-08-03
691,691,14,minute.maid,3,0,3.17,0.213949275,0.348293024,0.034178744,11.04392933,0.107894294,0.362305746,0.750769908,3.320947571,0.75,2.359891293,0.73181003,0.0,1.0,0.0,7.889799028239996,7.847762538,2023-08-04
1035,1035,14,minute.maid,4,1,2.59,0.213949275,0.348293024,0.034178744,11.04392933,0.107894294,0.362305746,0.750769908,3.320947571,0.75,2.359891293,0.73181003,0.0,1.0,0.0,10.16149643172001,10.17504024,2023-08-05
1258,1258,14,minute.maid,5,0,3.17,0.213949275,0.348293024,0.034178744,11.04392933,0.107894294,0.362305746,0.750769908,3.320947571,0.75,2.359891293,0.73181003,0.0,1.0,0.0,8.206267252049999,8.070906089,2023-08-06
1364,1364,14,minute.maid,6,0,3.17,0.213949275,0.348293024,0.034178744,11.04392933,0.107894294,0.362305746,0.750769908,3.320947571,0.75,2.359891293,0.73181003,0.0,1.0,0.0,9.11490645863999,9.501217335,2023-08-07
1541,1541,14,minute.maid,7,1,2.39,0.213949275,0.348293024,0.034178744,11.04392933,0.107894294,0.362305746,0.750769908,3.320947571,0.75,2.359891293,0.73181003,0.0,1.0,0.0,9.88907623430001,9.790094865,2023-08-08
69,69,132,dominicks,0,1,1.59,0.139617348,0.264528441,0.273974204,10.61915425,0.129984231,0.352754754,0.148870968,2.312046161,1.5625,2.795615017,0.478339596,1.0,0.0,0.0,9.11088620351001,9.169518378,2023-08-01
414,414,132,dominicks,1,0,2.29,0.139617348,0.264528441,0.273974204,10.61915425,0.129984231,0.352754754,0.148870968,2.312046161,1.5625,2.795615017,0.478339596,1.0,0.0,0.0,8.425061485279997,8.286017468,2023-08-02
454,454,132,dominicks,2,0,2.29,0.139617348,0.264528441,0.273974204,10.61915425,0.129984231,0.352754754,0.148870968,2.312046161,1.5625,2.795615017,0.478339596,1.0,0.0,0.0,8.57722272632001,8.66974259,2023-08-03
681,681,132,dominicks,3,0,2.29,0.139617348,0.264528441,0.273974204,10.61915425,0.129984231,0.352754754,0.148870968,2.312046161,1.5625,2.795615017,0.478339596,1.0,0.0,0.0,8.806733000689995,8.962904128,2023-08-04
1011,1011,132,dominicks,4,0,2.29,0.139617348,0.264528441,0.273974204,10.61915425,0.129984231,0.352754754,0.148870968,2.312046161,1.5625,2.795615017,0.478339596,1.0,0.0,0.0,8.534904733420005,8.51559191,2023-08-05
1124,1124,132,dominicks,5,0,2.29,0.139617348,0.264528441,0.273974204,10.61915425,0.129984231,0.352754754,0.148870968,2.312046161,1.5625,2.795615017,0.478339596,1.0,0.0,0.0,8.62879308533001,8.712759975,2023-08-06
1307,1307,132,dominicks,6,0,2.29,0.139617348,0.264528441,0.273974204,10.61915425,0.129984231,0.352754754,0.148870968,2.312046161,1.5625,2.795615017,0.478339596,1.0,0.0,0.0,8.655962182549995,8.658692754,2023-08-07
1549,1549,132,dominicks,7,1,2.09,0.139617348,0.264528441,0.273974204,10.61915425,0.129984231,0.352754754,0.148870968,2.312046161,1.5625,2.795615017,0.478339596,1.0,0.0,0.0,9.113444858419994,9.317938383,2023-08-08
70,70,9,dominicks,0,1,1.59,0.269119018,0.222172318,0.032618826,10.78715178,0.096830474,0.358994501,0.505747126,1.103278736,0.666666667,1.820474337,0.441268272,1.0,0.0,0.0,8.965189602680008,9.056722883,2023-08-01
228,228,9,dominicks,1,0,2.29,0.269119018,0.222172318,0.032618826,10.78715178,0.096830474,0.358994501,0.505747126,1.103278736,0.666666667,1.820474337,0.441268272,1.0,0.0,0.0,7.148824971339994,7.049254841,2023-08-02
605,605,9,dominicks,2,0,2.29,0.269119018,0.222172318,0.032618826,10.78715178,0.096830474,0.358994501,0.505747126,1.103278736,0.666666667,1.820474337,0.441268272,1.0,0.0,0.0,6.9857813267399935,6.797940413,2023-08-03
746,746,9,dominicks,3,0,2.29,0.269119018,0.222172318,0.032618826,10.78715178,0.096830474,0.358994501,0.505747126,1.103278736,0.666666667,1.820474337,0.441268272,1.0,0.0,0.0,7.596078159089991,7.685243608,2023-08-04
924,924,9,dominicks,4,0,2.29,0.269119018,0.222172318,0.032618826,10.78715178,0.096830474,0.358994501,0.505747126,1.103278736,0.666666667,1.820474337,0.441268272,1.0,0.0,0.0,7.253015267939997,7.049254841,2023-08-05
1162,1162,9,dominicks,5,0,2.29,0.269119018,0.222172318,0.032618826,10.78715178,0.096830474,0.358994501,0.505747126,1.103278736,0.666666667,1.820474337,0.441268272,1.0,0.0,0.0,7.774121671059998,8.110126802,2023-08-06
1481,1481,9,dominicks,6,0,2.29,0.269119018,0.222172318,0.032618826,10.78715178,0.096830474,0.358994501,0.505747126,1.103278736,0.666666667,1.820474337,0.441268272,1.0,0.0,0.0,8.275861883840008,8.502688505,2023-08-07
1734,1734,9,dominicks,7,1,2.09,0.269119018,0.222172318,0.032618826,10.78715178,0.096830474,0.358994501,0.505747126,1.103278736,0.666666667,1.820474337,0.441268272,1.0,0.0,0.0,8.773986244039996,8.723231275,2023-08-08
1792,1792,9,dominicks,8,0,2.09,0.269119018,0.222172318,0.032618826,10.78715178,0.096830474,0.358994501,0.505747126,1.103278736,0.666666667,1.820474337,0.441268272,1.0,0.0,0.0,8.012815452030011,8.219326094,2023-08-09
71,71,9,minute.maid,0,0,2.62,0.269119018,0.222172318,0.032618826,10.78715178,0.096830474,0.358994501,0.505747126,1.103278736,0.666666667,1.820474337,0.441268272,0.0,1.0,0.0,8.280932430810005,8.449342525,2023-08-01
333,333,9,minute.maid,1,1,1.99,0.269119018,0.222172318,0.032618826,10.78715178,0.096830474,0.358994501,0.505747126,1.103278736,0.666666667,1.820474337,0.441268272,0.0,1.0,0.0,11.054767158700011,11.17279856,2023-08-02
459,459,9,minute.maid,2,0,2.62,0.269119018,0.222172318,0.032618826,10.78715178,0.096830474,0.358994501,0.505747126,1.103278736,0.666666667,1.820474337,0.441268272,0.0,1.0,0.0,8.224120341829995,8.129174997,2023-08-03
735,735,9,minute.maid,3,0,2.62,0.269119018,0.222172318,0.032618826,10.78715178,0.096830474,0.358994501,0.505747126,1.103278736,0.666666667,1.820474337,0.441268272,0.0,1.0,0.0,8.425213950390003,8.489616424,2023-08-04
971,971,9,minute.maid,4,1,2.59,0.269119018,0.222172318,0.032618826,10.78715178,0.096830474,0.358994501,0.505747126,1.103278736,0.666666667,1.820474337,0.441268272,0.0,1.0,0.0,10.46435719887001,10.51499074,2023-08-05
1290,1290,9,minute.maid,5,0,2.62,0.269119018,0.222172318,0.032618826,10.78715178,0.096830474,0.358994501,0.505747126,1.103278736,0.666666667,1.820474337,0.441268272,0.0,1.0,0.0,8.343641856549992,8.236420527,2023-08-06
1416,1416,9,minute.maid,6,0,2.62,0.269119018,0.222172318,0.032618826,10.78715178,0.096830474,0.358994501,0.505747126,1.103278736,0.666666667,1.820474337,0.441268272,0.0,1.0,0.0,9.014906744290007,9.346268889,2023-08-07
1731,1731,9,minute.maid,7,1,2.39,0.269119018,0.222172318,0.032618826,10.78715178,0.096830474,0.358994501,0.505747126,1.103278736,0.666666667,1.820474337,0.441268272,0.0,1.0,0.0,10.199938035520011,10.1478445,2023-08-08
1820,1820,9,minute.maid,8,0,2.62,0.269119018,0.222172318,0.032618826,10.78715178,0.096830474,0.358994501,0.505747126,1.103278736,0.666666667,1.820474337,0.441268272,0.0,1.0,0.0,8.293097118929989,8.286017468,2023-08-09
73,73,8,dominicks,0,1,1.59,0.252394035,0.095173274,0.035243328,10.59700966,0.131749698,0.283074736,0.054227156,2.636332801,1.5,2.905384316,0.641015947,1.0,0.0,0.0,9.338856346620007,9.570529135,2023-08-01
284,284,8,dominicks,1,0,2.29,0.252394035,0.095173274,0.035243328,10.59700966,0.131749698,0.283074736,0.054227156,2.636332801,1.5,2.905384316,0.641015947,1.0,0.0,0.0,8.641381278589995,8.764053269,2023-08-02
596,596,8,dominicks,2,0,2.29,0.252394035,0.095173274,0.035243328,10.59700966,0.131749698,0.283074736,0.054227156,2.636332801,1.5,2.905384316,0.641015947,1.0,0.0,0.0,8.40824282359999,8.286017468,2023-08-03
630,630,8,dominicks,3,0,2.29,0.252394035,0.095173274,0.035243328,10.59700966,0.131749698,0.283074736,0.054227156,2.636332801,1.5,2.905384316,0.641015947,1.0,0.0,0.0,8.401165447140004,8.378390789,2023-08-04
1025,1025,8,dominicks,4,0,2.29,0.252394035,0.095173274,0.035243328,10.59700966,0.131749698,0.283074736,0.054227156,2.636332801,1.5,2.905384316,0.641015947,1.0,0.0,0.0,8.238328955509994,8.166216269,2023-08-05
1210,1210,8,dominicks,5,0,2.29,0.252394035,0.095173274,0.035243328,10.59700966,0.131749698,0.283074736,0.054227156,2.636332801,1.5,2.905384316,0.641015947,1.0,0.0,0.0,8.681866428890006,8.7740036,2023-08-06
1464,1464,8,dominicks,6,0,2.29,0.252394035,0.095173274,0.035243328,10.59700966,0.131749698,0.283074736,0.054227156,2.636332801,1.5,2.905384316,0.641015947,1.0,0.0,0.0,8.713569013669991,8.691482577,2023-08-07
1738,1738,8,dominicks,7,1,2.09,0.252394035,0.095173274,0.035243328,10.59700966,0.131749698,0.283074736,0.054227156,2.636332801,1.5,2.905384316,0.641015947,1.0,0.0,0.0,9.076679286459989,9.086136769,2023-08-08
74,74,8,minute.maid,0,0,2.62,0.252394035,0.095173274,0.035243328,10.59700966,0.131749698,0.283074736,0.054227156,2.636332801,1.5,2.905384316,0.641015947,0.0,1.0,0.0,8.673376629210011,8.712759975,2023-08-01
381,381,8,minute.maid,1,1,1.99,0.252394035,0.095173274,0.035243328,10.59700966,0.131749698,0.283074736,0.054227156,2.636332801,1.5,2.905384316,0.641015947,0.0,1.0,0.0,10.907014311200005,10.85838342,2023-08-02
603,603,8,minute.maid,2,0,2.62,0.252394035,0.095173274,0.035243328,10.59700966,0.131749698,0.283074736,0.054227156,2.636332801,1.5,2.905384316,0.641015947,0.0,1.0,0.0,8.558117378220004,8.502688505,2023-08-03
638,638,8,minute.maid,3,0,2.62,0.252394035,0.095173274,0.035243328,10.59700966,0.131749698,0.283074736,0.054227156,2.636332801,1.5,2.905384316,0.641015947,0.0,1.0,0.0,8.583787212669995,8.577723691,2023-08-04
1009,1009,8,minute.maid,4,1,2.59,0.252394035,0.095173274,0.035243328,10.59700966,0.131749698,0.283074736,0.054227156,2.636332801,1.5,2.905384316,0.641015947,0.0,1.0,0.0,10.42338775247001,10.58213005,2023-08-05
1176,1176,8,minute.maid,5,0,2.62,0.252394035,0.095173274,0.035243328,10.59700966,0.131749698,0.283074736,0.054227156,2.636332801,1.5,2.905384316,0.641015947,0.0,1.0,0.0,8.752317376279997,8.624791202,2023-08-06
1500,1500,8,minute.maid,6,0,2.62,0.252394035,0.095173274,0.035243328,10.59700966,0.131749698,0.283074736,0.054227156,2.636332801,1.5,2.905384316,0.641015947,0.0,1.0,0.0,9.270593805290009,9.588228712,2023-08-07
1732,1732,8,minute.maid,7,1,2.39,0.252394035,0.095173274,0.035243328,10.59700966,0.131749698,0.283074736,0.054227156,2.636332801,1.5,2.905384316,0.641015947,0.0,1.0,0.0,10.088645381259996,10.00820786,2023-08-08
79,79,32,minute.maid,0,0,3.17,0.254953032,0.198259861,0.031938514,10.67447502,0.080251365,0.344152081,0.538346427,6.497971979,0.52173913,3.337253941,0.365659802,0.0,1.0,0.0,8.11506433376,8.090708716,2023-08-01
247,247,32,minute.maid,1,1,1.99,0.254953032,0.198259861,0.031938514,10.67447502,0.080251365,0.344152081,0.538346427,6.497971979,0.52173913,3.337253941,0.365659802,0.0,1.0,0.0,11.0081214926,11.0289365,2023-08-02
582,582,32,minute.maid,2,0,3.17,0.254953032,0.198259861,0.031938514,10.67447502,0.080251365,0.344152081,0.538346427,6.497971979,0.52173913,3.337253941,0.365659802,0.0,1.0,0.0,8.174089464070002,8.070906089,2023-08-03
636,636,32,minute.maid,3,0,3.17,0.254953032,0.198259861,0.031938514,10.67447502,0.080251365,0.344152081,0.538346427,6.497971979,0.52173913,3.337253941,0.365659802,0.0,1.0,0.0,8.460130282590006,8.61323038,2023-08-04
1044,1044,32,minute.maid,4,1,2.59,0.254953032,0.198259861,0.031938514,10.67447502,0.080251365,0.344152081,0.538346427,6.497971979,0.52173913,3.337253941,0.365659802,0.0,1.0,0.0,10.748856618859987,10.86940619,2023-08-05
1288,1288,32,minute.maid,5,0,3.17,0.254953032,0.198259861,0.031938514,10.67447502,0.080251365,0.344152081,0.538346427,6.497971979,0.52173913,3.337253941,0.365659802,0.0,1.0,0.0,8.277531854890013,8.050703382,2023-08-06
1456,1456,32,minute.maid,6,0,3.17,0.254953032,0.198259861,0.031938514,10.67447502,0.080251365,0.344152081,0.538346427,6.497971979,0.52173913,3.337253941,0.365659802,0.0,1.0,0.0,9.08726443222001,9.252633284,2023-08-07
1571,1571,32,minute.maid,7,1,2.39,0.254953032,0.198259861,0.031938514,10.67447502,0.080251365,0.344152081,0.538346427,6.497971979,0.52173913,3.337253941,0.365659802,0.0,1.0,0.0,10.474841824849994,10.52191119,2023-08-08
80,80,32,dominicks,0,1,1.59,0.254953032,0.198259861,0.031938514,10.67447502,0.080251365,0.344152081,0.538346427,6.497971979,0.52173913,3.337253941,0.365659802,1.0,0.0,0.0,8.779858788189994,8.764053269,2023-08-01
262,262,32,dominicks,1,0,2.69,0.254953032,0.198259861,0.031938514,10.67447502,0.080251365,0.344152081,0.538346427,6.497971979,0.52173913,3.337253941,0.365659802,1.0,0.0,0.0,7.891753849569989,7.965545573,2023-08-02
560,560,32,dominicks,2,0,2.69,0.254953032,0.198259861,0.031938514,10.67447502,0.080251365,0.344152081,0.538346427,6.497971979,0.52173913,3.337253941,0.365659802,1.0,0.0,0.0,7.758915133799991,7.685243608,2023-08-03
647,647,32,dominicks,3,0,2.69,0.254953032,0.198259861,0.031938514,10.67447502,0.080251365,0.344152081,0.538346427,6.497971979,0.52173913,3.337253941,0.365659802,1.0,0.0,0.0,8.690724164059986,9.026417534,2023-08-04
999,999,32,dominicks,4,0,2.69,0.254953032,0.198259861,0.031938514,10.67447502,0.080251365,0.344152081,0.538346427,6.497971979,0.52173913,3.337253941,0.365659802,1.0,0.0,0.0,7.319319345209996,6.931471806,2023-08-05
1105,1105,32,dominicks,5,0,2.69,0.254953032,0.198259861,0.031938514,10.67447502,0.080251365,0.344152081,0.538346427,6.497971979,0.52173913,3.337253941,0.365659802,1.0,0.0,0.0,7.457499558520001,7.454719949,2023-08-06
1409,1409,32,dominicks,6,0,2.69,0.254953032,0.198259861,0.031938514,10.67447502,0.080251365,0.344152081,0.538346427,6.497971979,0.52173913,3.337253941,0.365659802,1.0,0.0,0.0,8.266041978490009,8.462948177,2023-08-07
1551,1551,32,dominicks,7,1,2.09,0.254953032,0.198259861,0.031938514,10.67447502,0.080251365,0.344152081,0.538346427,6.497971979,0.52173913,3.337253941,0.365659802,1.0,0.0,0.0,8.865695415749986,8.895081532,2023-08-08
84,84,128,dominicks,0,1,1.59,0.157485189,0.211896894,0.355911221,10.15342882,0.100043497,0.398251192,0.26618705,10.6674474,2.0,1.409463486,0.259004207,1.0,0.0,0.0,9.053056699489996,9.162829389,2023-08-01
413,413,128,dominicks,1,0,2.69,0.157485189,0.211896894,0.355911221,10.15342882,0.100043497,0.398251192,0.26618705,10.6674474,2.0,1.409463486,0.259004207,1.0,0.0,0.0,7.814612144440008,7.796469243,2023-08-02
568,568,128,dominicks,2,0,2.69,0.157485189,0.211896894,0.355911221,10.15342882,0.100043497,0.398251192,0.26618705,10.6674474,2.0,1.409463486,0.259004207,1.0,0.0,0.0,7.906815487869997,7.847762538,2023-08-03
653,653,128,dominicks,3,0,2.69,0.157485189,0.211896894,0.355911221,10.15342882,0.100043497,0.398251192,0.26618705,10.6674474,2.0,1.409463486,0.259004207,1.0,0.0,0.0,8.321731915430009,8.449342525,2023-08-04
960,960,128,dominicks,4,0,2.69,0.157485189,0.211896894,0.355911221,10.15342882,0.100043497,0.398251192,0.26618705,10.6674474,2.0,1.409463486,0.259004207,1.0,0.0,0.0,7.509216357450004,7.454719949,2023-08-05
1277,1277,128,dominicks,5,0,2.69,0.157485189,0.211896894,0.355911221,10.15342882,0.100043497,0.398251192,0.26618705,10.6674474,2.0,1.409463486,0.259004207,1.0,0.0,0.0,7.387771325800003,7.377758908,2023-08-06
1349,1349,128,dominicks,6,0,2.69,0.157485189,0.211896894,0.355911221,10.15342882,0.100043497,0.398251192,0.26618705,10.6674474,2.0,1.409463486,0.259004207,1.0,0.0,0.0,8.643698327500006,8.7740036,2023-08-07
1601,1601,128,dominicks,7,1,2.09,0.157485189,0.211896894,0.355911221,10.15342882,0.100043497,0.398251192,0.26618705,10.6674474,2.0,1.409463486,0.259004207,1.0,0.0,0.0,9.044692901700005,9.182763604,2023-08-08
1821,1821,128,dominicks,8,0,2.09,0.157485189,0.211896894,0.355911221,10.15342882,0.100043497,0.398251192,0.26618705,10.6674474,2.0,1.409463486,0.259004207,1.0,0.0,0.0,8.628519113800003,8.68067166,2023-08-09
