diagnostics-ingestion-python-sdk/background_data_df.csv
,index,store,brand,week,feat,price,AGE60,EDUC,ETHNIC,INCOME,HHLARGE,WORKWOM,HVAL150,SSTRDIST,SSTRVOL,CPDIST5,CPWVOL5,brand_dominicks,brand_minute.maid,brand_tropicana,score,logmove,datetime
86,86,48,dominicks,0,1,1.59,0.097921961,0.303260384,0.099491703,10.75602879,0.07848683,0.459682823,0.303356282,4.65068687,1.615384615,2.198071182,0.904416734,1.0,0.0,0.0,8.85651312683001,9.100525506,2023-08-01
271,271,48,dominicks,1,0,2.49,0.097921961,0.303260384,0.099491703,10.75602879,0.07848683,0.459682823,0.303356282,4.65068687,1.615384615,2.198071182,0.904416734,1.0,0.0,0.0,7.477899573799997,7.416979621,2023-08-02
515,515,48,dominicks,2,0,2.49,0.097921961,0.303260384,0.099491703,10.75602879,0.07848683,0.459682823,0.303356282,4.65068687,1.615384615,2.198071182,0.904416734,1.0,0.0,0.0,7.514007563400002,7.454719949,2023-08-03
674,674,48,dominicks,3,0,2.49,0.097921961,0.303260384,0.099491703,10.75602879,0.07848683,0.459682823,0.303356282,4.65068687,1.615384615,2.198071182,0.904416734,1.0,0.0,0.0,7.993939107239997,8.090708716,2023-08-04
937,937,48,dominicks,4,0,2.49,0.097921961,0.303260384,0.099491703,10.75602879,0.07848683,0.459682823,0.303356282,4.65068687,1.615384615,2.198071182,0.904416734,1.0,0.0,0.0,7.673980968519994,7.714231145,2023-08-05
1148,1148,48,dominicks,5,0,2.49,0.097921961,0.303260384,0.099491703,10.75602879,0.07848683,0.459682823,0.303356282,4.65068687,1.615384615,2.198071182,0.904416734,1.0,0.0,0.0,7.6806058159899955,7.742402022,2023-08-06
1530,1530,48,dominicks,6,0,2.49,0.097921961,0.303260384,0.099491703,10.75602879,0.07848683,0.459682823,0.303356282,4.65068687,1.615384615,2.198071182,0.904416734,1.0,0.0,0.0,8.374664088730013,8.553332238,2023-08-07
1610,1610,48,dominicks,7,1,2.09,0.097921961,0.303260384,0.099491703,10.75602879,0.07848683,0.459682823,0.303356282,4.65068687,1.615384615,2.198071182,0.904416734,1.0,0.0,0.0,8.479594655479987,8.317766167,2023-08-08
87,87,48,minute.maid,0,0,2.99,0.097921961,0.303260384,0.099491703,10.75602879,0.07848683,0.459682823,0.303356282,4.65068687,1.615384615,2.198071182,0.904416734,0.0,1.0,0.0,8.526591404299985,8.528330936,2023-08-01
248,248,48,minute.maid,1,1,1.99,0.097921961,0.303260384,0.099491703,10.75602879,0.07848683,0.459682823,0.303356282,4.65068687,1.615384615,2.198071182,0.904416734,0.0,1.0,0.0,10.12029843447999,10.09641929,2023-08-02
590,590,48,minute.maid,2,0,2.99,0.097921961,0.303260384,0.099491703,10.75602879,0.07848683,0.459682823,0.303356282,4.65068687,1.615384615,2.198071182,0.904416734,0.0,1.0,0.0,8.507917823439987,8.435549202,2023-08-03
756,756,48,minute.maid,3,0,2.99,0.097921961,0.303260384,0.099491703,10.75602879,0.07848683,0.459682823,0.303356282,4.65068687,1.615384615,2.198071182,0.904416734,0.0,1.0,0.0,8.681685019680005,8.7740036,2023-08-04
995,995,48,minute.maid,4,1,2.59,0.097921961,0.303260384,0.099491703,10.75602879,0.07848683,0.459682823,0.303356282,4.65068687,1.615384615,2.198071182,0.904416734,0.0,1.0,0.0,9.86379799536,9.882468185,2023-08-05
1111,1111,48,minute.maid,5,0,2.99,0.097921961,0.303260384,0.099491703,10.75602879,0.07848683,0.459682823,0.303356282,4.65068687,1.615384615,2.198071182,0.904416734,0.0,1.0,0.0,8.624686534110012,8.553332238,2023-08-06
1514,1514,48,minute.maid,6,0,2.99,0.097921961,0.303260384,0.099491703,10.75602879,0.07848683,0.459682823,0.303356282,4.65068687,1.615384615,2.198071182,0.904416734,0.0,1.0,0.0,9.10951182476001,9.29468152,2023-08-07
1677,1677,48,minute.maid,7,1,2.39,0.097921961,0.303260384,0.099491703,10.75602879,0.07848683,0.459682823,0.303356282,4.65068687,1.615384615,2.198071182,0.904416734,0.0,1.0,0.0,9.439518161390009,9.538780437,2023-08-08
1862,1862,48,minute.maid,8,0,2.99,0.097921961,0.303260384,0.099491703,10.75602879,0.07848683,0.459682823,0.303356282,4.65068687,1.615384615,2.198071182,0.904416734,0.0,1.0,0.0,8.596582802130007,8.565602331,2023-08-09
90,90,47,dominicks,0,1,1.59,0.125798297,0.140598651,0.120675891,10.63532646,0.145731588,0.398027021,0.335671343,4.910910687,2.028571429,1.967744964,0.794855358,1.0,0.0,0.0,8.76025873854001,8.850230966,2023-08-01
265,265,47,dominicks,1,0,2.49,0.125798297,0.140598651,0.120675891,10.63532646,0.145731588,0.398027021,0.335671343,4.910910687,2.028571429,1.967744964,0.794855358,1.0,0.0,0.0,7.92967427038999,7.87245515,2023-08-02
569,569,47,dominicks,2,0,2.49,0.125798297,0.140598651,0.120675891,10.63532646,0.145731588,0.398027021,0.335671343,4.910910687,2.028571429,1.967744964,0.794855358,1.0,0.0,0.0,8.026753575729996,8.166216269,2023-08-03
639,639,47,dominicks,3,0,2.49,0.125798297,0.140598651,0.120675891,10.63532646,0.145731588,0.398027021,0.335671343,4.910910687,2.028571429,1.967744964,0.794855358,1.0,0.0,0.0,8.358690768560013,8.553332238,2023-08-04
1018,1018,47,dominicks,4,0,2.49,0.125798297,0.140598651,0.120675891,10.63532646,0.145731588,0.398027021,0.335671343,4.910910687,2.028571429,1.967744964,0.794855358,1.0,0.0,0.0,7.709137418539999,7.416979621,2023-08-05
1110,1110,47,dominicks,5,0,2.49,0.125798297,0.140598651,0.120675891,10.63532646,0.145731588,0.398027021,0.335671343,4.910910687,2.028571429,1.967744964,0.794855358,1.0,0.0,0.0,7.720726744169993,7.714231145,2023-08-06
1402,1402,47,dominicks,6,0,2.49,0.125798297,0.140598651,0.120675891,10.63532646,0.145731588,0.398027021,0.335671343,4.910910687,2.028571429,1.967744964,0.794855358,1.0,0.0,0.0,8.358681375230006,8.489616424,2023-08-07
1563,1563,47,dominicks,7,1,2.09,0.125798297,0.140598651,0.120675891,10.63532646,0.145731588,0.398027021,0.335671343,4.910910687,2.028571429,1.967744964,0.794855358,1.0,0.0,0.0,8.662659548519992,8.624791202,2023-08-08
91,91,47,minute.maid,0,0,2.99,0.125798297,0.140598651,0.120675891,10.63532646,0.145731588,0.398027021,0.335671343,4.910910687,2.028571429,1.967744964,0.794855358,0.0,1.0,0.0,8.188559429789988,8.184234774,2023-08-01
226,226,47,minute.maid,1,1,1.99,0.125798297,0.140598651,0.120675891,10.63532646,0.145731588,0.398027021,0.335671343,4.910910687,2.028571429,1.967744964,0.794855358,0.0,1.0,0.0,10.305889427400013,10.32430094,2023-08-02
611,611,47,minute.maid,2,0,2.99,0.125798297,0.140598651,0.120675891,10.63532646,0.145731588,0.398027021,0.335671343,4.910910687,2.028571429,1.967744964,0.794855358,0.0,1.0,0.0,8.164330979460003,8.14786713,2023-08-03
800,800,47,minute.maid,3,0,2.99,0.125798297,0.140598651,0.120675891,10.63532646,0.145731588,0.398027021,0.335671343,4.910910687,2.028571429,1.967744964,0.794855358,0.0,1.0,0.0,8.128195855540001,8.070906089,2023-08-04
1061,1061,47,minute.maid,4,1,2.59,0.125798297,0.140598651,0.120675891,10.63532646,0.145731588,0.398027021,0.335671343,4.910910687,2.028571429,1.967744964,0.794855358,0.0,1.0,0.0,9.991684636130012,10.12246243,2023-08-05
1192,1192,47,minute.maid,5,0,2.99,0.125798297,0.140598651,0.120675891,10.63532646,0.145731588,0.398027021,0.335671343,4.910910687,2.028571429,1.967744964,0.794855358,0.0,1.0,0.0,8.004679322789995,7.943072717,2023-08-06
1386,1386,47,minute.maid,6,0,2.99,0.125798297,0.140598651,0.120675891,10.63532646,0.145731588,0.398027021,0.335671343,4.910910687,2.028571429,1.967744964,0.794855358,0.0,1.0,0.0,8.60002998254001,8.754002934,2023-08-07
1565,1565,47,minute.maid,7,1,2.39,0.125798297,0.140598651,0.120675891,10.63532646,0.145731588,0.398027021,0.335671343,4.910910687,2.028571429,1.967744964,0.794855358,0.0,1.0,0.0,9.694260026830008,9.807857322,2023-08-08
1805,1805,47,minute.maid,8,0,2.99,0.125798297,0.140598651,0.120675891,10.63532646,0.145731588,0.398027021,0.335671343,4.910910687,2.028571429,1.967744964,0.794855358,0.0,1.0,0.0,8.219299762050014,8.219326094,2023-08-09
95,95,45,minute.maid,0,0,2.62,0.128857348,0.280150164,0.087233873,10.74537796,0.083717204,0.464112624,0.342017119,3.158816596,1.25,2.891890631,0.887524737,0.0,1.0,0.0,8.22629051344999,8.236420527,2023-08-01
412,412,45,minute.maid,1,1,1.99,0.128857348,0.280150164,0.087233873,10.74537796,0.083717204,0.464112624,0.342017119,3.158816596,1.25,2.891890631,0.887524737,0.0,1.0,0.0,10.073797182059993,10.19196931,2023-08-02
422,422,45,minute.maid,2,0,2.62,0.128857348,0.280150164,0.087233873,10.74537796,0.083717204,0.464112624,0.342017119,3.158816596,1.25,2.891890631,0.887524737,0.0,1.0,0.0,8.218162718009992,8.236420527,2023-08-03
849,849,45,minute.maid,3,0,2.62,0.128857348,0.280150164,0.087233873,10.74537796,0.083717204,0.464112624,0.342017119,3.158816596,1.25,2.891890631,0.887524737,0.0,1.0,0.0,8.144194659410005,8.009030685,2023-08-04
1007,1007,45,minute.maid,4,1,2.59,0.128857348,0.280150164,0.087233873,10.74537796,0.083717204,0.464112624,0.342017119,3.158816596,1.25,2.891890631,0.887524737,0.0,1.0,0.0,9.787778124310014,9.828764006,2023-08-05
1149,1149,45,minute.maid,5,0,2.62,0.128857348,0.280150164,0.087233873,10.74537796,0.083717204,0.464112624,0.342017119,3.158816596,1.25,2.891890631,0.887524737,0.0,1.0,0.0,8.35532938181001,8.476371197,2023-08-06
1318,1318,45,minute.maid,6,0,2.62,0.128857348,0.280150164,0.087233873,10.74537796,0.083717204,0.464112624,0.342017119,3.158816596,1.25,2.891890631,0.887524737,0.0,1.0,0.0,8.348518594070006,8.269756948,2023-08-07
1539,1539,45,minute.maid,7,1,2.39,0.128857348,0.280150164,0.087233873,10.74537796,0.083717204,0.464112624,0.342017119,3.158816596,1.25,2.891890631,0.887524737,0.0,1.0,0.0,9.269433170400006,9.195835686,2023-08-08
104,104,33,dominicks,0,1,1.59,0.134169965,0.419688004,0.130127179,10.34592726,0.013506356,0.472308288,0.862559242,3.129556199,2.416666667,0.867215261,0.752824617,1.0,0.0,0.0,8.003397067410011,7.560080465,2023-08-01
330,330,33,dominicks,1,0,2.69,0.134169965,0.419688004,0.130127179,10.34592726,0.013506356,0.472308288,0.862559242,3.129556199,2.416666667,0.867215261,0.752824617,1.0,0.0,0.0,7.6261797460599965,7.491087594,2023-08-02
458,458,33,dominicks,2,0,2.69,0.134169965,0.419688004,0.130127179,10.34592726,0.013506356,0.472308288,0.862559242,3.129556199,2.416666667,0.867215261,0.752824617,1.0,0.0,0.0,7.923437990029993,8.110126802,2023-08-03
805,805,33,dominicks,3,0,2.69,0.134169965,0.419688004,0.130127179,10.34592726,0.013506356,0.472308288,0.862559242,3.129556199,2.416666667,0.867215261,0.752824617,1.0,0.0,0.0,8.022095765049997,8.110126802,2023-08-04
1030,1030,33,dominicks,4,0,2.69,0.134169965,0.419688004,0.130127179,10.34592726,0.013506356,0.472308288,0.862559242,3.129556199,2.416666667,0.867215261,0.752824617,1.0,0.0,0.0,7.363249547189997,7.416979621,2023-08-05
1204,1204,33,dominicks,5,0,2.69,0.134169965,0.419688004,0.130127179,10.34592726,0.013506356,0.472308288,0.862559242,3.129556199,2.416666667,0.867215261,0.752824617,1.0,0.0,0.0,7.195544327119992,6.992096427,2023-08-06
1455,1455,33,dominicks,6,0,2.69,0.134169965,0.419688004,0.130127179,10.34592726,0.013506356,0.472308288,0.862559242,3.129556199,2.416666667,0.867215261,0.752824617,1.0,0.0,0.0,8.281746076390007,8.30201781,2023-08-07
1543,1543,33,dominicks,7,1,2.09,0.134169965,0.419688004,0.130127179,10.34592726,0.013506356,0.472308288,0.862559242,3.129556199,2.416666667,0.867215261,0.752824617,1.0,0.0,0.0,8.470523707180005,8.61323038,2023-08-08
1823,1823,33,dominicks,8,0,2.09,0.134169965,0.419688004,0.130127179,10.34592726,0.013506356,0.472308288,0.862559242,3.129556199,2.416666667,0.867215261,0.752824617,1.0,0.0,0.0,7.909758877069993,7.943072717,2023-08-09
105,105,33,minute.maid,0,0,3.17,0.134169965,0.419688004,0.130127179,10.34592726,0.013506356,0.472308288,0.862559242,3.129556199,2.416666667,0.867215261,0.752824617,0.0,1.0,0.0,8.289770940259986,8.236420527,2023-08-01
375,375,33,minute.maid,1,1,1.99,0.134169965,0.419688004,0.130127179,10.34592726,0.013506356,0.472308288,0.862559242,3.129556199,2.416666667,0.867215261,0.752824617,0.0,1.0,0.0,10.285785078890006,10.34714721,2023-08-02
535,535,33,minute.maid,2,0,3.17,0.134169965,0.419688004,0.130127179,10.34592726,0.013506356,0.472308288,0.862559242,3.129556199,2.416666667,0.867215261,0.752824617,0.0,1.0,0.0,8.406214952379987,8.435549202,2023-08-03
819,819,33,minute.maid,3,0,3.17,0.134169965,0.419688004,0.130127179,10.34592726,0.013506356,0.472308288,0.862559242,3.129556199,2.416666667,0.867215261,0.752824617,0.0,1.0,0.0,8.367486873619999,8.378390789,2023-08-04
1014,1014,33,minute.maid,4,1,2.59,0.134169965,0.419688004,0.130127179,10.34592726,0.013506356,0.472308288,0.862559242,3.129556199,2.416666667,0.867215261,0.752824617,0.0,1.0,0.0,10.043782326689987,10.06424493,2023-08-05
1160,1160,33,minute.maid,5,0,3.17,0.134169965,0.419688004,0.130127179,10.34592726,0.013506356,0.472308288,0.862559242,3.129556199,2.416666667,0.867215261,0.752824617,0.0,1.0,0.0,8.265987755829988,8.184234774,2023-08-06
1519,1519,33,minute.maid,6,0,3.17,0.134169965,0.419688004,0.130127179,10.34592726,0.013506356,0.472308288,0.862559242,3.129556199,2.416666667,0.867215261,0.752824617,0.0,1.0,0.0,8.796464280479988,8.868413285,2023-08-07
1550,1550,33,minute.maid,7,1,2.39,0.134169965,0.419688004,0.130127179,10.34592726,0.013506356,0.472308288,0.862559242,3.129556199,2.416666667,0.867215261,0.752824617,0.0,1.0,0.0,9.847073366169994,9.800790154,2023-08-08
1843,1843,33,minute.maid,8,0,3.17,0.134169965,0.419688004,0.130127179,10.34592726,0.013506356,0.472308288,0.862559242,3.129556199,2.416666667,0.867215261,0.752824617,0.0,1.0,0.0,8.08775162169001,7.98752448,2023-08-09
106,106,45,dominicks,0,1,1.59,0.128857348,0.280150164,0.087233873,10.74537796,0.083717204,0.464112624,0.342017119,3.158816596,1.25,2.891890631,0.887524737,1.0,0.0,0.0,8.438281307719995,8.166216269,2023-08-01
407,407,45,dominicks,1,0,2.29,0.128857348,0.280150164,0.087233873,10.74537796,0.083717204,0.464112624,0.342017119,3.158816596,1.25,2.891890631,0.887524737,1.0,0.0,0.0,7.622835391089991,7.685243608,2023-08-02
512,512,45,dominicks,2,0,2.29,0.128857348,0.280150164,0.087233873,10.74537796,0.083717204,0.464112624,0.342017119,3.158816596,1.25,2.891890631,0.887524737,1.0,0.0,0.0,7.492112999729996,7.416979621,2023-08-03
778,778,45,dominicks,3,0,2.29,0.128857348,0.280150164,0.087233873,10.74537796,0.083717204,0.464112624,0.342017119,3.158816596,1.25,2.891890631,0.887524737,1.0,0.0,0.0,7.647109395559997,7.526178913,2023-08-04
929,929,45,dominicks,4,0,2.29,0.128857348,0.280150164,0.087233873,10.74537796,0.083717204,0.464112624,0.342017119,3.158816596,1.25,2.891890631,0.887524737,1.0,0.0,0.0,7.653214874190006,7.655390645,2023-08-05
1129,1129,45,dominicks,5,0,2.29,0.128857348,0.280150164,0.087233873,10.74537796,0.083717204,0.464112624,0.342017119,3.158816596,1.25,2.891890631,0.887524737,1.0,0.0,0.0,7.768394376550007,7.896552702,2023-08-06
1322,1322,45,dominicks,6,0,2.29,0.128857348,0.280150164,0.087233873,10.74537796,0.083717204,0.464112624,0.342017119,3.158816596,1.25,2.891890631,0.887524737,1.0,0.0,0.0,8.033071044800007,8.030084094,2023-08-07
1618,1618,45,dominicks,7,1,2.09,0.128857348,0.280150164,0.087233873,10.74537796,0.083717204,0.464112624,0.342017119,3.158816596,1.25,2.891890631,0.887524737,1.0,0.0,0.0,8.655281609959992,8.783855897,2023-08-08
1801,1801,45,dominicks,8,0,2.09,0.128857348,0.280150164,0.087233873,10.74537796,0.083717204,0.464112624,0.342017119,3.158816596,1.25,2.891890631,0.887524737,1.0,0.0,0.0,7.804669793059991,7.685243608,2023-08-09
108,108,121,dominicks,0,1,1.59,0.16358133,0.35061287,0.039173539,10.94992897,0.091693756,0.382304265,0.61086249,3.751225161,1.090909091,2.069345766,0.559533568,1.0,0.0,0.0,8.269895685920007,8.030084094,2023-08-01
419,419,121,dominicks,1,0,2.29,0.16358133,0.35061287,0.039173539,10.94992897,0.091693756,0.382304265,0.61086249,3.751225161,1.090909091,2.069345766,0.559533568,1.0,0.0,0.0,7.761452302129994,7.847762538,2023-08-02
561,561,121,dominicks,2,0,2.29,0.16358133,0.35061287,0.039173539,10.94992897,0.091693756,0.382304265,0.61086249,3.751225161,1.090909091,2.069345766,0.559533568,1.0,0.0,0.0,7.49046447461,7.203405521,2023-08-03
791,791,121,dominicks,3,0,2.29,0.16358133,0.35061287,0.039173539,10.94992897,0.091693756,0.382304265,0.61086249,3.751225161,1.090909091,2.069345766,0.559533568,1.0,0.0,0.0,8.196773424090011,8.30201781,2023-08-04
975,975,121,dominicks,4,0,2.29,0.16358133,0.35061287,0.039173539,10.94992897,0.091693756,0.382304265,0.61086249,3.751225161,1.090909091,2.069345766,0.559533568,1.0,0.0,0.0,8.049644337059998,8.110126802,2023-08-05
1119,1119,121,dominicks,5,0,2.29,0.16358133,0.35061287,0.039173539,10.94992897,0.091693756,0.382304265,0.61086249,3.751225161,1.090909091,2.069345766,0.559533568,1.0,0.0,0.0,8.090184482000002,8.070906089,2023-08-06
1347,1347,121,dominicks,6,0,2.29,0.16358133,0.35061287,0.039173539,10.94992897,0.091693756,0.382304265,0.61086249,3.751225161,1.090909091,2.069345766,0.559533568,1.0,0.0,0.0,8.119314507820002,8.070906089,2023-08-07
1678,1678,121,dominicks,7,1,2.09,0.16358133,0.35061287,0.039173539,10.94992897,0.091693756,0.382304265,0.61086249,3.751225161,1.090909091,2.069345766,0.559533568,1.0,0.0,0.0,8.572896972719995,8.783855897,2023-08-08
