diagnostics-ingestion-python-sdk/background_data_df.csv
,index,store,brand,week,feat,price,AGE60,EDUC,ETHNIC,INCOME,HHLARGE,WORKWOM,HVAL150,SSTRDIST,SSTRVOL,CPDIST5,CPWVOL5,brand_dominicks,brand_minute.maid,brand_tropicana,score,logmove,datetime
110,110,101,minute.maid,0,0,2.99,0.225035218,0.174741859,0.087422017,10.65993812,0.096042271,0.390065147,0.354573672,4.849622717,0.5,2.200317948,0.342081421,0.0,1.0,0.0,8.427079709550013,8.476371197,2023-08-01
236,236,101,minute.maid,1,1,1.99,0.225035218,0.174741859,0.087422017,10.65993812,0.096042271,0.390065147,0.354573672,4.849622717,0.5,2.200317948,0.342081421,0.0,1.0,0.0,10.885292089000002,10.94447073,2023-08-02
575,575,101,minute.maid,2,0,2.99,0.225035218,0.174741859,0.087422017,10.65993812,0.096042271,0.390065147,0.354573672,4.849622717,0.5,2.200317948,0.342081421,0.0,1.0,0.0,8.376542906190014,8.30201781,2023-08-03
751,751,101,minute.maid,3,0,2.99,0.225035218,0.174741859,0.087422017,10.65993812,0.096042271,0.390065147,0.354573672,4.849622717,0.5,2.200317948,0.342081421,0.0,1.0,0.0,8.596169824549998,8.691482577,2023-08-04
983,983,101,minute.maid,4,1,2.59,0.225035218,0.174741859,0.087422017,10.65993812,0.096042271,0.390065147,0.354573672,4.849622717,0.5,2.200317948,0.342081421,0.0,1.0,0.0,10.412679589180009,10.4559924,2023-08-05
1107,1107,101,minute.maid,5,0,2.99,0.225035218,0.174741859,0.087422017,10.65993812,0.096042271,0.390065147,0.354573672,4.849622717,0.5,2.200317948,0.342081421,0.0,1.0,0.0,8.345912159060003,8.269756948,2023-08-06
1505,1505,101,minute.maid,6,0,2.99,0.225035218,0.174741859,0.087422017,10.65993812,0.096042271,0.390065147,0.354573672,4.849622717,0.5,2.200317948,0.342081421,0.0,1.0,0.0,8.786070280929994,8.733594062,2023-08-07
1707,1707,101,minute.maid,7,1,2.39,0.225035218,0.174741859,0.087422017,10.65993812,0.096042271,0.390065147,0.354573672,4.849622717,0.5,2.200317948,0.342081421,0.0,1.0,0.0,10.164290107139996,10.08313888,2023-08-08
1771,1771,101,minute.maid,8,0,2.99,0.225035218,0.174741859,0.087422017,10.65993812,0.096042271,0.390065147,0.354573672,4.849622717,0.5,2.200317948,0.342081421,0.0,1.0,0.0,8.343813630200009,8.253227646,2023-08-09
113,113,113,minute.maid,0,0,2.99,0.299352545,0.151592429,0.026448309,10.64766049,0.091559829,0.297514876,0.378173027,4.235048902,0.52173913,3.305794933,0.366915963,0.0,1.0,0.0,8.525549336950013,8.553332238,2023-08-01
404,404,113,minute.maid,1,1,1.99,0.299352545,0.151592429,0.026448309,10.64766049,0.091559829,0.297514876,0.378173027,4.235048902,0.52173913,3.305794933,0.366915963,0.0,1.0,0.0,10.836748886899986,10.85096683,2023-08-02
562,562,113,minute.maid,2,0,2.99,0.299352545,0.151592429,0.026448309,10.64766049,0.091559829,0.297514876,0.378173027,4.235048902,0.52173913,3.305794933,0.366915963,0.0,1.0,0.0,8.462444943160008,8.363575703,2023-08-03
654,654,113,minute.maid,3,0,2.99,0.299352545,0.151592429,0.026448309,10.64766049,0.091559829,0.297514876,0.378173027,4.235048902,0.52173913,3.305794933,0.366915963,0.0,1.0,0.0,8.624503126160006,8.502688505,2023-08-04
972,972,113,minute.maid,4,1,2.59,0.299352545,0.151592429,0.026448309,10.64766049,0.091559829,0.297514876,0.378173027,4.235048902,0.52173913,3.305794933,0.366915963,0.0,1.0,0.0,10.634173855299986,10.67655436,2023-08-05
1194,1194,113,minute.maid,5,0,2.99,0.299352545,0.151592429,0.026448309,10.64766049,0.091559829,0.297514876,0.378173027,4.235048902,0.52173913,3.305794933,0.366915963,0.0,1.0,0.0,9.134582825009996,9.30637756,2023-08-06
1327,1327,113,minute.maid,6,0,2.99,0.299352545,0.151592429,0.026448309,10.64766049,0.091559829,0.297514876,0.378173027,4.235048902,0.52173913,3.305794933,0.366915963,0.0,1.0,0.0,9.500449948219996,9.719564714,2023-08-07
1747,1747,113,minute.maid,7,1,2.39,0.299352545,0.151592429,0.026448309,10.64766049,0.091559829,0.297514876,0.378173027,4.235048902,0.52173913,3.305794933,0.366915963,0.0,1.0,0.0,10.383957338350012,10.39329381,2023-08-08
1822,1822,113,minute.maid,8,0,2.99,0.299352545,0.151592429,0.026448309,10.64766049,0.091559829,0.297514876,0.378173027,4.235048902,0.52173913,3.305794933,0.366915963,0.0,1.0,0.0,8.571116531620001,8.378390789,2023-08-09
114,114,97,dominicks,0,1,1.59,0.142433234,0.178182783,0.233612085,10.48374595,0.139324117,0.390218878,0.135732648,16.73439396,1.1875,2.520728232,0.271672959,1.0,0.0,0.0,8.55677462042001,8.636219898,2023-08-01
396,396,97,dominicks,1,0,2.49,0.142433234,0.178182783,0.233612085,10.48374595,0.139324117,0.390218878,0.135732648,16.73439396,1.1875,2.520728232,0.271672959,1.0,0.0,0.0,6.959878123059991,6.866933285,2023-08-02
429,429,97,dominicks,2,0,2.49,0.142433234,0.178182783,0.233612085,10.48374595,0.139324117,0.390218878,0.135732648,16.73439396,1.1875,2.520728232,0.271672959,1.0,0.0,0.0,6.99311931261999,6.992096427,2023-08-03
693,693,97,dominicks,3,0,2.49,0.142433234,0.178182783,0.233612085,10.48374595,0.139324117,0.390218878,0.135732648,16.73439396,1.1875,2.520728232,0.271672959,1.0,0.0,0.0,7.269485161039998,7.377758908,2023-08-04
998,998,97,dominicks,4,0,2.49,0.142433234,0.178182783,0.233612085,10.48374595,0.139324117,0.390218878,0.135732648,16.73439396,1.1875,2.520728232,0.271672959,1.0,0.0,0.0,6.797877545869999,6.556778356,2023-08-05
1195,1195,97,dominicks,5,0,2.49,0.142433234,0.178182783,0.233612085,10.48374595,0.139324117,0.390218878,0.135732648,16.73439396,1.1875,2.520728232,0.271672959,1.0,0.0,0.0,7.1229492619100006,7.377758908,2023-08-06
1367,1367,97,dominicks,6,0,2.49,0.142433234,0.178182783,0.233612085,10.48374595,0.139324117,0.390218878,0.135732648,16.73439396,1.1875,2.520728232,0.271672959,1.0,0.0,0.0,7.900253988090003,8.14786713,2023-08-07
1756,1756,97,dominicks,7,1,2.09,0.142433234,0.178182783,0.233612085,10.48374595,0.139324117,0.390218878,0.135732648,16.73439396,1.1875,2.520728232,0.271672959,1.0,0.0,0.0,8.400670139999995,8.166216269,2023-08-08
115,115,113,dominicks,0,1,1.59,0.299352545,0.151592429,0.026448309,10.64766049,0.091559829,0.297514876,0.378173027,4.235048902,0.52173913,3.305794933,0.366915963,1.0,0.0,0.0,8.17794458081001,7.796469243,2023-08-01
378,378,113,dominicks,1,0,2.49,0.299352545,0.151592429,0.026448309,10.64766049,0.091559829,0.297514876,0.378173027,4.235048902,0.52173913,3.305794933,0.366915963,1.0,0.0,0.0,7.684599623939985,7.592870288,2023-08-02
461,461,113,dominicks,2,0,2.49,0.299352545,0.151592429,0.026448309,10.64766049,0.091559829,0.297514876,0.378173027,4.235048902,0.52173913,3.305794933,0.366915963,1.0,0.0,0.0,7.627333793489987,7.592870288,2023-08-03
692,692,113,dominicks,3,0,2.49,0.299352545,0.151592429,0.026448309,10.64766049,0.091559829,0.297514876,0.378173027,4.235048902,0.52173913,3.305794933,0.366915963,1.0,0.0,0.0,8.401194586939987,8.60153434,2023-08-04
1029,1029,113,dominicks,4,0,2.49,0.299352545,0.151592429,0.026448309,10.64766049,0.091559829,0.297514876,0.378173027,4.235048902,0.52173913,3.305794933,0.366915963,1.0,0.0,0.0,7.145417424200007,6.723832441,2023-08-05
1209,1209,113,dominicks,5,0,2.49,0.299352545,0.151592429,0.026448309,10.64766049,0.091559829,0.297514876,0.378173027,4.235048902,0.52173913,3.305794933,0.366915963,1.0,0.0,0.0,7.403045526080007,7.454719949,2023-08-06
1353,1353,113,dominicks,6,0,2.49,0.299352545,0.151592429,0.026448309,10.64766049,0.091559829,0.297514876,0.378173027,4.235048902,0.52173913,3.305794933,0.366915963,1.0,0.0,0.0,8.430755392790012,8.66974259,2023-08-07
1757,1757,113,dominicks,7,1,2.09,0.299352545,0.151592429,0.026448309,10.64766049,0.091559829,0.297514876,0.378173027,4.235048902,0.52173913,3.305794933,0.366915963,1.0,0.0,0.0,8.651255845709994,8.764053269,2023-08-08
116,116,97,minute.maid,0,0,2.99,0.142433234,0.178182783,0.233612085,10.48374595,0.139324117,0.390218878,0.135732648,16.73439396,1.1875,2.520728232,0.271672959,0.0,1.0,0.0,7.8050687460300034,7.82244473,2023-08-01
410,410,97,minute.maid,1,1,1.99,0.142433234,0.178182783,0.233612085,10.48374595,0.139324117,0.390218878,0.135732648,16.73439396,1.1875,2.520728232,0.271672959,0.0,1.0,0.0,10.062762154090008,10.10952564,2023-08-02
449,449,97,minute.maid,2,0,2.99,0.142433234,0.178182783,0.233612085,10.48374595,0.139324117,0.390218878,0.135732648,16.73439396,1.1875,2.520728232,0.271672959,0.0,1.0,0.0,7.80574990434001,7.796469243,2023-08-03
680,680,97,minute.maid,3,0,2.99,0.142433234,0.178182783,0.233612085,10.48374595,0.139324117,0.390218878,0.135732648,16.73439396,1.1875,2.520728232,0.271672959,0.0,1.0,0.0,7.812803809450008,7.796469243,2023-08-04
1055,1055,97,minute.maid,4,1,2.59,0.142433234,0.178182783,0.233612085,10.48374595,0.139324117,0.390218878,0.135732648,16.73439396,1.1875,2.520728232,0.271672959,0.0,1.0,0.0,9.674924863660015,9.601300794,2023-08-05
1152,1152,97,minute.maid,5,0,2.99,0.142433234,0.178182783,0.233612085,10.48374595,0.139324117,0.390218878,0.135732648,16.73439396,1.1875,2.520728232,0.271672959,0.0,1.0,0.0,7.87217309913999,7.87245515,2023-08-06
1319,1319,97,minute.maid,6,0,2.99,0.142433234,0.178182783,0.233612085,10.48374595,0.139324117,0.390218878,0.135732648,16.73439396,1.1875,2.520728232,0.271672959,0.0,1.0,0.0,7.932595657629991,7.965545573,2023-08-07
1749,1749,97,minute.maid,7,1,2.39,0.142433234,0.178182783,0.233612085,10.48374595,0.139324117,0.390218878,0.135732648,16.73439396,1.1875,2.520728232,0.271672959,0.0,1.0,0.0,9.475361239810017,9.421573272,2023-08-08
119,119,114,minute.maid,0,0,2.62,0.182173295,0.094424515,0.441169508,10.34794899,0.111967075,0.307476963,0.009842116,4.935835625,1.454545455,3.239227061,0.147758687,0.0,1.0,0.0,8.839276330950007,8.938006577,2023-08-01
385,385,114,minute.maid,1,1,1.99,0.182173295,0.094424515,0.441169508,10.34794899,0.111967075,0.307476963,0.009842116,4.935835625,1.454545455,3.239227061,0.147758687,0.0,1.0,0.0,10.697013208700003,10.58213005,2023-08-02
446,446,114,minute.maid,2,0,2.62,0.182173295,0.094424515,0.441169508,10.34794899,0.111967075,0.307476963,0.009842116,4.935835625,1.454545455,3.239227061,0.147758687,0.0,1.0,0.0,8.705841813279996,8.589699882,2023-08-03
695,695,114,minute.maid,3,0,2.62,0.182173295,0.094424515,0.441169508,10.34794899,0.111967075,0.307476963,0.009842116,4.935835625,1.454545455,3.239227061,0.147758687,0.0,1.0,0.0,8.910063228779999,8.987196821,2023-08-04
903,903,114,minute.maid,4,1,2.59,0.182173295,0.094424515,0.441169508,10.34794899,0.111967075,0.307476963,0.009842116,4.935835625,1.454545455,3.239227061,0.147758687,0.0,1.0,0.0,10.540601649699989,10.60301434,2023-08-05
1301,1301,114,minute.maid,5,0,2.62,0.182173295,0.094424515,0.441169508,10.34794899,0.111967075,0.307476963,0.009842116,4.935835625,1.454545455,3.239227061,0.147758687,0.0,1.0,0.0,8.568259561340007,8.462948177,2023-08-06
1316,1316,114,minute.maid,6,0,2.62,0.182173295,0.094424515,0.441169508,10.34794899,0.111967075,0.307476963,0.009842116,4.935835625,1.454545455,3.239227061,0.147758687,0.0,1.0,0.0,8.869996895229988,8.868413285,2023-08-07
1652,1652,114,minute.maid,7,1,2.39,0.182173295,0.094424515,0.441169508,10.34794899,0.111967075,0.307476963,0.009842116,4.935835625,1.454545455,3.239227061,0.147758687,0.0,1.0,0.0,10.221830988009993,10.11212642,2023-08-08
1800,1800,114,minute.maid,8,0,2.62,0.182173295,0.094424515,0.441169508,10.34794899,0.111967075,0.307476963,0.009842116,4.935835625,1.454545455,3.239227061,0.147758687,0.0,1.0,0.0,8.568133733530004,8.51559191,2023-08-09
120,120,94,dominicks,0,1,1.59,0.103002197,0.229390404,0.059311691,10.7445158,0.128111377,0.402313223,0.367446809,3.960019335,1.494736842,1.804932958,0.42732801,1.0,0.0,0.0,9.308185973520008,9.77201119,2023-08-01
389,389,94,dominicks,1,0,2.29,0.103002197,0.229390404,0.059311691,10.7445158,0.128111377,0.402313223,0.367446809,3.960019335,1.494736842,1.804932958,0.42732801,1.0,0.0,0.0,8.609709617460007,8.702177866,2023-08-02
588,588,94,dominicks,2,0,2.29,0.103002197,0.229390404,0.059311691,10.7445158,0.128111377,0.402313223,0.367446809,3.960019335,1.494736842,1.804932958,0.42732801,1.0,0.0,0.0,8.62054309678001,8.712759975,2023-08-03
698,698,94,dominicks,3,0,2.29,0.103002197,0.229390404,0.059311691,10.7445158,0.128111377,0.402313223,0.367446809,3.960019335,1.494736842,1.804932958,0.42732801,1.0,0.0,0.0,8.671733600439993,8.793612072,2023-08-04
957,957,94,dominicks,4,0,2.29,0.103002197,0.229390404,0.059311691,10.7445158,0.128111377,0.402313223,0.367446809,3.960019335,1.494736842,1.804932958,0.42732801,1.0,0.0,0.0,8.16089684928,7.920083199,2023-08-05
1247,1247,94,dominicks,5,0,2.29,0.103002197,0.229390404,0.059311691,10.7445158,0.128111377,0.402313223,0.367446809,3.960019335,1.494736842,1.804932958,0.42732801,1.0,0.0,0.0,8.450276746970012,8.553332238,2023-08-06
1317,1317,94,dominicks,6,0,2.29,0.103002197,0.229390404,0.059311691,10.7445158,0.128111377,0.402313223,0.367446809,3.960019335,1.494736842,1.804932958,0.42732801,1.0,0.0,0.0,8.724891296700013,8.850230966,2023-08-07
1584,1584,94,dominicks,7,1,2.09,0.103002197,0.229390404,0.059311691,10.7445158,0.128111377,0.402313223,0.367446809,3.960019335,1.494736842,1.804932958,0.42732801,1.0,0.0,0.0,8.981920149879993,9.041685006,2023-08-08
1782,1782,94,dominicks,8,0,2.09,0.103002197,0.229390404,0.059311691,10.7445158,0.128111377,0.402313223,0.367446809,3.960019335,1.494736842,1.804932958,0.42732801,1.0,0.0,0.0,8.516977529620004,8.61323038,2023-08-09
121,121,94,minute.maid,0,0,2.62,0.103002197,0.229390404,0.059311691,10.7445158,0.128111377,0.402313223,0.367446809,3.960019335,1.494736842,1.804932958,0.42732801,0.0,1.0,0.0,8.54987521144001,8.489616424,2023-08-01
397,397,94,minute.maid,1,1,1.99,0.103002197,0.229390404,0.059311691,10.7445158,0.128111377,0.402313223,0.367446809,3.960019335,1.494736842,1.804932958,0.42732801,0.0,1.0,0.0,10.163315560100012,10.13014492,2023-08-02
586,586,94,minute.maid,2,0,2.62,0.103002197,0.229390404,0.059311691,10.7445158,0.128111377,0.402313223,0.367446809,3.960019335,1.494736842,1.804932958,0.42732801,0.0,1.0,0.0,8.704691192290014,8.712759975,2023-08-03
700,700,94,minute.maid,3,0,2.62,0.103002197,0.229390404,0.059311691,10.7445158,0.128111377,0.402313223,0.367446809,3.960019335,1.494736842,1.804932958,0.42732801,0.0,1.0,0.0,8.806689523480008,8.877381955,2023-08-04
884,884,94,minute.maid,4,1,2.59,0.103002197,0.229390404,0.059311691,10.7445158,0.128111377,0.402313223,0.367446809,3.960019335,1.494736842,1.804932958,0.42732801,0.0,1.0,0.0,9.914865045319988,9.936535407,2023-08-05
1203,1203,94,minute.maid,5,0,2.62,0.103002197,0.229390404,0.059311691,10.7445158,0.128111377,0.402313223,0.367446809,3.960019335,1.494736842,1.804932958,0.42732801,0.0,1.0,0.0,8.497987470680007,8.378390789,2023-08-06
1310,1310,94,minute.maid,6,0,2.62,0.103002197,0.229390404,0.059311691,10.7445158,0.128111377,0.402313223,0.367446809,3.960019335,1.494736842,1.804932958,0.42732801,0.0,1.0,0.0,8.948137988549995,9.049232212,2023-08-07
1638,1638,94,minute.maid,7,1,2.39,0.103002197,0.229390404,0.059311691,10.7445158,0.128111377,0.402313223,0.367446809,3.960019335,1.494736842,1.804932958,0.42732801,0.0,1.0,0.0,9.588257659609996,9.529521112,2023-08-08
1761,1761,94,minute.maid,8,0,2.62,0.103002197,0.229390404,0.059311691,10.7445158,0.128111377,0.402313223,0.367446809,3.960019335,1.494736842,1.804932958,0.42732801,0.0,1.0,0.0,8.47182849644999,8.392989588,2023-08-09
123,123,114,dominicks,0,1,1.59,0.182173295,0.094424515,0.441169508,10.34794899,0.111967075,0.307476963,0.009842116,4.935835625,1.454545455,3.239227061,0.147758687,1.0,0.0,0.0,9.295928052780011,9.270870872,2023-08-01
359,359,114,dominicks,1,0,2.29,0.182173295,0.094424515,0.441169508,10.34794899,0.111967075,0.307476963,0.009842116,4.935835625,1.454545455,3.239227061,0.147758687,1.0,0.0,0.0,8.522786411709992,8.60153434,2023-08-02
618,618,114,dominicks,2,0,2.29,0.182173295,0.094424515,0.441169508,10.34794899,0.111967075,0.307476963,0.009842116,4.935835625,1.454545455,3.239227061,0.147758687,1.0,0.0,0.0,8.35556576301001,8.253227646,2023-08-03
704,704,114,dominicks,3,0,2.29,0.182173295,0.094424515,0.441169508,10.34794899,0.111967075,0.307476963,0.009842116,4.935835625,1.454545455,3.239227061,0.147758687,1.0,0.0,0.0,8.636208190419996,8.841014311,2023-08-04
861,861,114,dominicks,4,0,2.29,0.182173295,0.094424515,0.441169508,10.34794899,0.111967075,0.307476963,0.009842116,4.935835625,1.454545455,3.239227061,0.147758687,1.0,0.0,0.0,8.238595537820006,8.030084094,2023-08-05
1207,1207,114,dominicks,5,0,2.29,0.182173295,0.094424515,0.441169508,10.34794899,0.111967075,0.307476963,0.009842116,4.935835625,1.454545455,3.239227061,0.147758687,1.0,0.0,0.0,8.504011757100008,8.565602331,2023-08-06
1374,1374,114,dominicks,6,0,2.29,0.182173295,0.094424515,0.441169508,10.34794899,0.111967075,0.307476963,0.009842116,4.935835625,1.454545455,3.239227061,0.147758687,1.0,0.0,0.0,8.532116935680008,8.489616424,2023-08-07
1669,1669,114,dominicks,7,1,2.09,0.182173295,0.094424515,0.441169508,10.34794899,0.111967075,0.307476963,0.009842116,4.935835625,1.454545455,3.239227061,0.147758687,1.0,0.0,0.0,9.31174258878,9.491601877,2023-08-08
1858,1858,114,dominicks,8,0,2.09,0.182173295,0.094424515,0.441169508,10.34794899,0.111967075,0.307476963,0.009842116,4.935835625,1.454545455,3.239227061,0.147758687,1.0,0.0,0.0,8.422391954150008,8.378390789,2023-08-09
