diagnostics-ingestion-python-sdk/background_data_df.csv
,index,store,brand,week,feat,price,AGE60,EDUC,ETHNIC,INCOME,HHLARGE,WORKWOM,HVAL150,SSTRDIST,SSTRVOL,CPDIST5,CPWVOL5,brand_dominicks,brand_minute.maid,brand_tropicana,score,logmove,datetime
124,124,93,dominicks,0,1,1.59,0.142390194,0.363016383,0.347395301,10.36719012,0.072001002,0.420637376,0.491839763,13.1902194,0.666666667,1.331641281,0.222243272,1.0,0.0,0.0,8.425322148480005,8.61323038,2023-08-01
530,530,93,dominicks,2,0,2.69,0.142390194,0.363016383,0.347395301,10.36719012,0.072001002,0.420637376,0.491839763,13.1902194,0.666666667,1.331641281,0.222243272,1.0,0.0,0.0,8.094898404609985,8.317766167,2023-08-03
675,675,93,dominicks,3,0,2.69,0.142390194,0.363016383,0.347395301,10.36719012,0.072001002,0.420637376,0.491839763,13.1902194,0.666666667,1.331641281,0.222243272,1.0,0.0,0.0,8.005284474739991,7.965545573,2023-08-04
872,872,93,dominicks,4,0,2.69,0.142390194,0.363016383,0.347395301,10.36719012,0.072001002,0.420637376,0.491839763,13.1902194,0.666666667,1.331641281,0.222243272,1.0,0.0,0.0,7.330125633169998,7.203405521,2023-08-05
1219,1219,93,dominicks,5,0,2.69,0.142390194,0.363016383,0.347395301,10.36719012,0.072001002,0.420637376,0.491839763,13.1902194,0.666666667,1.331641281,0.222243272,1.0,0.0,0.0,7.210043842209995,7.049254841,2023-08-06
1354,1354,93,dominicks,6,0,2.69,0.142390194,0.363016383,0.347395301,10.36719012,0.072001002,0.420637376,0.491839763,13.1902194,0.666666667,1.331641281,0.222243272,1.0,0.0,0.0,8.50746130265999,8.793612072,2023-08-07
1676,1676,93,dominicks,7,1,2.09,0.142390194,0.363016383,0.347395301,10.36719012,0.072001002,0.420637376,0.491839763,13.1902194,0.666666667,1.331641281,0.222243272,1.0,0.0,0.0,8.062785226270009,7.796469243,2023-08-08
1810,1810,93,dominicks,8,0,2.09,0.142390194,0.363016383,0.347395301,10.36719012,0.072001002,0.420637376,0.491839763,13.1902194,0.666666667,1.331641281,0.222243272,1.0,0.0,0.0,7.503097438129999,7.377758908,2023-08-09
125,125,93,minute.maid,0,0,3.17,0.142390194,0.363016383,0.347395301,10.36719012,0.072001002,0.420637376,0.491839763,13.1902194,0.666666667,1.331641281,0.222243272,0.0,1.0,0.0,8.20446420887999,8.184234774,2023-08-01
545,545,93,minute.maid,2,0,3.17,0.142390194,0.363016383,0.347395301,10.36719012,0.072001002,0.420637376,0.491839763,13.1902194,0.666666667,1.331641281,0.222243272,0.0,1.0,0.0,8.280614677440006,8.253227646,2023-08-03
657,657,93,minute.maid,3,0,3.17,0.142390194,0.363016383,0.347395301,10.36719012,0.072001002,0.420637376,0.491839763,13.1902194,0.666666667,1.331641281,0.222243272,0.0,1.0,0.0,8.365357137179997,8.407378325,2023-08-04
982,982,93,minute.maid,4,1,2.59,0.142390194,0.363016383,0.347395301,10.36719012,0.072001002,0.420637376,0.491839763,13.1902194,0.666666667,1.331641281,0.222243272,0.0,1.0,0.0,10.45869008416001,10.46515837,2023-08-05
1106,1106,93,minute.maid,5,0,3.17,0.142390194,0.363016383,0.347395301,10.36719012,0.072001002,0.420637376,0.491839763,13.1902194,0.666666667,1.331641281,0.222243272,0.0,1.0,0.0,8.218401019029997,8.090708716,2023-08-06
1335,1335,93,minute.maid,6,0,3.17,0.142390194,0.363016383,0.347395301,10.36719012,0.072001002,0.420637376,0.491839763,13.1902194,0.666666667,1.331641281,0.222243272,0.0,1.0,0.0,8.728252270210008,9.100525506,2023-08-07
1594,1594,93,minute.maid,7,1,2.39,0.142390194,0.363016383,0.347395301,10.36719012,0.072001002,0.420637376,0.491839763,13.1902194,0.666666667,1.331641281,0.222243272,0.0,1.0,0.0,10.25792820027002,10.196754,2023-08-08
1814,1814,93,minute.maid,8,0,3.17,0.142390194,0.363016383,0.347395301,10.36719012,0.072001002,0.420637376,0.491839763,13.1902194,0.666666667,1.331641281,0.222243272,0.0,1.0,0.0,8.215213916999991,8.184234774,2023-08-09
128,128,92,dominicks,0,1,1.59,0.137827632,0.27012665,0.375388716,10.65780038,0.15049505,0.323033209,0.134417808,3.764544229,2.25,1.591835871,0.348654011,1.0,0.0,0.0,8.556869235230009,8.253227646,2023-08-01
258,258,92,dominicks,1,0,2.49,0.137827632,0.27012665,0.375388716,10.65780038,0.15049505,0.323033209,0.134417808,3.764544229,2.25,1.591835871,0.348654011,1.0,0.0,0.0,6.825977973069996,6.556778356,2023-08-02
557,557,92,dominicks,2,0,2.49,0.137827632,0.27012665,0.375388716,10.65780038,0.15049505,0.323033209,0.134417808,3.764544229,2.25,1.591835871,0.348654011,1.0,0.0,0.0,7.193791951919995,7.103322063,2023-08-03
663,663,92,dominicks,3,0,2.49,0.137827632,0.27012665,0.375388716,10.65780038,0.15049505,0.323033209,0.134417808,3.764544229,2.25,1.591835871,0.348654011,1.0,0.0,0.0,8.217319946780004,8.476371197,2023-08-04
926,926,92,dominicks,4,0,2.49,0.137827632,0.27012665,0.375388716,10.65780038,0.15049505,0.323033209,0.134417808,3.764544229,2.25,1.591835871,0.348654011,1.0,0.0,0.0,7.484888247000002,7.336936914,2023-08-05
1172,1172,92,dominicks,5,0,2.49,0.137827632,0.27012665,0.375388716,10.65780038,0.15049505,0.323033209,0.134417808,3.764544229,2.25,1.591835871,0.348654011,1.0,0.0,0.0,7.315293811230001,7.294377299,2023-08-06
1369,1369,92,dominicks,6,0,2.49,0.137827632,0.27012665,0.375388716,10.65780038,0.15049505,0.323033209,0.134417808,3.764544229,2.25,1.591835871,0.348654011,1.0,0.0,0.0,8.189625944749986,8.184234774,2023-08-07
1606,1606,92,dominicks,7,1,2.09,0.137827632,0.27012665,0.375388716,10.65780038,0.15049505,0.323033209,0.134417808,3.764544229,2.25,1.591835871,0.348654011,1.0,0.0,0.0,8.818235859709999,9.00307017,2023-08-08
1796,1796,92,dominicks,8,0,2.09,0.137827632,0.27012665,0.375388716,10.65780038,0.15049505,0.323033209,0.134417808,3.764544229,2.25,1.591835871,0.348654011,1.0,0.0,0.0,7.837656999609991,7.769800996,2023-08-09
129,129,92,minute.maid,0,0,2.99,0.137827632,0.27012665,0.375388716,10.65780038,0.15049505,0.323033209,0.134417808,3.764544229,2.25,1.591835871,0.348654011,0.0,1.0,0.0,8.297691225799996,8.333270353,2023-08-01
259,259,92,minute.maid,1,1,1.99,0.137827632,0.27012665,0.375388716,10.65780038,0.15049505,0.323033209,0.134417808,3.764544229,2.25,1.591835871,0.348654011,0.0,1.0,0.0,10.60031040221001,10.66167313,2023-08-02
559,559,92,minute.maid,2,0,2.99,0.137827632,0.27012665,0.375388716,10.65780038,0.15049505,0.323033209,0.134417808,3.764544229,2.25,1.591835871,0.348654011,0.0,1.0,0.0,8.273485928010007,8.269756948,2023-08-03
664,664,92,minute.maid,3,0,2.99,0.137827632,0.27012665,0.375388716,10.65780038,0.15049505,0.323033209,0.134417808,3.764544229,2.25,1.591835871,0.348654011,0.0,1.0,0.0,8.21142980324001,8.219326094,2023-08-04
928,928,92,minute.maid,4,1,2.59,0.137827632,0.27012665,0.375388716,10.65780038,0.15049505,0.323033209,0.134417808,3.764544229,2.25,1.591835871,0.348654011,0.0,1.0,0.0,10.183411251889988,10.28575227,2023-08-05
1147,1147,92,minute.maid,5,0,2.99,0.137827632,0.27012665,0.375388716,10.65780038,0.15049505,0.323033209,0.134417808,3.764544229,2.25,1.591835871,0.348654011,0.0,1.0,0.0,7.928366445670004,7.82244473,2023-08-06
1356,1356,92,minute.maid,6,0,2.99,0.137827632,0.27012665,0.375388716,10.65780038,0.15049505,0.323033209,0.134417808,3.764544229,2.25,1.591835871,0.348654011,0.0,1.0,0.0,8.772492046889992,9.026417534,2023-08-07
1622,1622,92,minute.maid,7,1,2.39,0.137827632,0.27012665,0.375388716,10.65780038,0.15049505,0.323033209,0.134417808,3.764544229,2.25,1.591835871,0.348654011,0.0,1.0,0.0,9.933687793969993,9.818365299,2023-08-08
133,133,112,dominicks,0,1,1.59,0.08972372,0.329898517,0.069710243,10.88265918,0.096660967,0.440164355,0.56065207,3.101112587,0.535714286,3.017842945,0.311666297,1.0,0.0,0.0,9.078666996240011,9.17616292,2023-08-01
243,243,112,dominicks,1,0,2.29,0.08972372,0.329898517,0.069710243,10.88265918,0.096660967,0.440164355,0.56065207,3.101112587,0.535714286,3.017842945,0.311666297,1.0,0.0,0.0,8.20036514508,8.090708716,2023-08-02
584,584,112,dominicks,2,0,2.29,0.08972372,0.329898517,0.069710243,10.88265918,0.096660967,0.440164355,0.56065207,3.101112587,0.535714286,3.017842945,0.311666297,1.0,0.0,0.0,8.369988173490007,8.51559191,2023-08-03
754,754,112,dominicks,3,0,2.29,0.08972372,0.329898517,0.069710243,10.88265918,0.096660967,0.440164355,0.56065207,3.101112587,0.535714286,3.017842945,0.311666297,1.0,0.0,0.0,8.610487087190005,8.743850562,2023-08-04
992,992,112,dominicks,4,0,2.29,0.08972372,0.329898517,0.069710243,10.88265918,0.096660967,0.440164355,0.56065207,3.101112587,0.535714286,3.017842945,0.311666297,1.0,0.0,0.0,8.005975193959998,7.714231145,2023-08-05
1113,1113,112,dominicks,5,0,2.29,0.08972372,0.329898517,0.069710243,10.88265918,0.096660967,0.440164355,0.56065207,3.101112587,0.535714286,3.017842945,0.311666297,1.0,0.0,0.0,8.508168478639993,8.723231275,2023-08-06
1527,1527,112,dominicks,6,0,2.29,0.08972372,0.329898517,0.069710243,10.88265918,0.096660967,0.440164355,0.56065207,3.101112587,0.535714286,3.017842945,0.311666297,1.0,0.0,0.0,8.877888052430006,9.018695488,2023-08-07
1715,1715,112,dominicks,7,1,2.09,0.08972372,0.329898517,0.069710243,10.88265918,0.096660967,0.440164355,0.56065207,3.101112587,0.535714286,3.017842945,0.311666297,1.0,0.0,0.0,9.078612544379997,9.208739091,2023-08-08
1767,1767,112,dominicks,8,0,2.09,0.08972372,0.329898517,0.069710243,10.88265918,0.096660967,0.440164355,0.56065207,3.101112587,0.535714286,3.017842945,0.311666297,1.0,0.0,0.0,8.588806288879987,8.733594062,2023-08-09
135,135,101,dominicks,0,1,1.59,0.225035218,0.174741859,0.087422017,10.65993812,0.096042271,0.390065147,0.354573672,4.849622717,0.5,2.200317948,0.342081421,1.0,0.0,0.0,9.358955512299996,9.639522007,2023-08-01
244,244,101,dominicks,1,0,2.49,0.225035218,0.174741859,0.087422017,10.65993812,0.096042271,0.390065147,0.354573672,4.849622717,0.5,2.200317948,0.342081421,1.0,0.0,0.0,7.807233713089991,7.847762538,2023-08-02
600,600,101,dominicks,2,0,2.49,0.225035218,0.174741859,0.087422017,10.65993812,0.096042271,0.390065147,0.354573672,4.849622717,0.5,2.200317948,0.342081421,1.0,0.0,0.0,7.713413372799987,7.624618986,2023-08-03
755,755,101,dominicks,3,0,2.49,0.225035218,0.174741859,0.087422017,10.65993812,0.096042271,0.390065147,0.354573672,4.849622717,0.5,2.200317948,0.342081421,1.0,0.0,0.0,8.394251784500009,8.476371197,2023-08-04
994,994,101,dominicks,4,0,2.49,0.225035218,0.174741859,0.087422017,10.65993812,0.096042271,0.390065147,0.354573672,4.849622717,0.5,2.200317948,0.342081421,1.0,0.0,0.0,7.758353849329998,7.714231145,2023-08-05
1087,1087,101,dominicks,5,0,2.49,0.225035218,0.174741859,0.087422017,10.65993812,0.096042271,0.390065147,0.354573672,4.849622717,0.5,2.200317948,0.342081421,1.0,0.0,0.0,7.594363423390003,7.336936914,2023-08-06
1466,1466,101,dominicks,6,0,2.49,0.225035218,0.174741859,0.087422017,10.65993812,0.096042271,0.390065147,0.354573672,4.849622717,0.5,2.200317948,0.342081421,1.0,0.0,0.0,8.932880638509994,9.323669057,2023-08-07
1696,1696,101,dominicks,7,1,2.09,0.225035218,0.174741859,0.087422017,10.65993812,0.096042271,0.390065147,0.354573672,4.849622717,0.5,2.200317948,0.342081421,1.0,0.0,0.0,8.960333776810009,9.010913347,2023-08-08
1836,1836,101,dominicks,8,0,2.09,0.225035218,0.174741859,0.087422017,10.65993812,0.096042271,0.390065147,0.354573672,4.849622717,0.5,2.200317948,0.342081421,1.0,0.0,0.0,8.275316670529987,8.201934351,2023-08-09
137,137,109,dominicks,0,1,1.59,0.151055656,0.476916693,0.060687451,11.23319833,0.114171257,0.340806694,0.878804348,7.481499805,0.714285714,2.416943478,0.394100191,1.0,0.0,0.0,8.361206639030007,8.462948177,2023-08-01
387,387,109,dominicks,1,0,2.69,0.151055656,0.476916693,0.060687451,11.23319833,0.114171257,0.340806694,0.878804348,7.481499805,0.714285714,2.416943478,0.394100191,1.0,0.0,0.0,6.573326708630005,6.238324625,2023-08-02
456,456,109,dominicks,2,0,2.69,0.151055656,0.476916693,0.060687451,11.23319833,0.114171257,0.340806694,0.878804348,7.481499805,0.714285714,2.416943478,0.394100191,1.0,0.0,0.0,7.0290367415300015,7.249925537,2023-08-03
781,781,109,dominicks,3,0,2.69,0.151055656,0.476916693,0.060687451,11.23319833,0.114171257,0.340806694,0.878804348,7.481499805,0.714285714,2.416943478,0.394100191,1.0,0.0,0.0,7.468990402979995,7.714231145,2023-08-04
1006,1006,109,dominicks,4,0,2.69,0.151055656,0.476916693,0.060687451,11.23319833,0.114171257,0.340806694,0.878804348,7.481499805,0.714285714,2.416943478,0.394100191,1.0,0.0,0.0,6.569562202700005,6.104793232,2023-08-05
1235,1235,109,dominicks,5,0,2.69,0.151055656,0.476916693,0.060687451,11.23319833,0.114171257,0.340806694,0.878804348,7.481499805,0.714285714,2.416943478,0.394100191,1.0,0.0,0.0,6.179792312200006,6.104793232,2023-08-06
1360,1360,109,dominicks,6,0,2.69,0.151055656,0.476916693,0.060687451,11.23319833,0.114171257,0.340806694,0.878804348,7.481499805,0.714285714,2.416943478,0.394100191,1.0,0.0,0.0,7.703723735550003,8.070906089,2023-08-07
1720,1720,109,dominicks,7,1,2.09,0.151055656,0.476916693,0.060687451,11.23319833,0.114171257,0.340806694,0.878804348,7.481499805,0.714285714,2.416943478,0.394100191,1.0,0.0,0.0,8.498156451420009,8.489616424,2023-08-08
138,138,109,minute.maid,0,0,3.17,0.151055656,0.476916693,0.060687451,11.23319833,0.114171257,0.340806694,0.878804348,7.481499805,0.714285714,2.416943478,0.394100191,0.0,1.0,0.0,8.862420345830003,8.877381955,2023-08-01
362,362,109,minute.maid,1,1,1.99,0.151055656,0.476916693,0.060687451,11.23319833,0.114171257,0.340806694,0.878804348,7.481499805,0.714285714,2.416943478,0.394100191,0.0,1.0,0.0,11.2871496963,11.36005397,2023-08-02
573,573,109,minute.maid,2,0,3.17,0.151055656,0.476916693,0.060687451,11.23319833,0.114171257,0.340806694,0.878804348,7.481499805,0.714285714,2.416943478,0.394100191,0.0,1.0,0.0,8.886718624829994,8.868413285,2023-08-03
810,810,109,minute.maid,3,0,3.17,0.151055656,0.476916693,0.060687451,11.23319833,0.114171257,0.340806694,0.878804348,7.481499805,0.714285714,2.416943478,0.394100191,0.0,1.0,0.0,8.918535143880003,8.979164649,2023-08-04
892,892,109,minute.maid,4,1,2.59,0.151055656,0.476916693,0.060687451,11.23319833,0.114171257,0.340806694,0.878804348,7.481499805,0.714285714,2.416943478,0.394100191,0.0,1.0,0.0,10.82445244936001,10.912321,2023-08-05
1250,1250,109,minute.maid,5,0,3.17,0.151055656,0.476916693,0.060687451,11.23319833,0.114171257,0.340806694,0.878804348,7.481499805,0.714285714,2.416943478,0.394100191,0.0,1.0,0.0,8.85687773776001,8.702177866,2023-08-06
1365,1365,109,minute.maid,6,0,3.17,0.151055656,0.476916693,0.060687451,11.23319833,0.114171257,0.340806694,0.878804348,7.481499805,0.714285714,2.416943478,0.394100191,0.0,1.0,0.0,9.293953281210005,9.570529135,2023-08-07
1746,1746,109,minute.maid,7,1,2.39,0.151055656,0.476916693,0.060687451,11.23319833,0.114171257,0.340806694,0.878804348,7.481499805,0.714285714,2.416943478,0.394100191,0.0,1.0,0.0,10.658025092099992,10.61565274,2023-08-08
140,140,110,minute.maid,0,0,2.99,0.114956688,0.167553191,0.152944449,10.52085999,0.161950632,0.404314087,0.232741256,8.458996675,0.954545455,2.335458124,0.321927182,0.0,1.0,0.0,8.401958373000008,8.449342525,2023-08-01
256,256,110,minute.maid,1,1,1.99,0.114956688,0.167553191,0.152944449,10.52085999,0.161950632,0.404314087,0.232741256,8.458996675,0.954545455,2.335458124,0.321927182,0.0,1.0,0.0,10.39455897992001,10.37148918,2023-08-02
555,555,110,minute.maid,2,0,2.99,0.114956688,0.167553191,0.152944449,10.52085999,0.161950632,0.404314087,0.232741256,8.458996675,0.954545455,2.335458124,0.321927182,0.0,1.0,0.0,8.187558252529989,8.129174997,2023-08-03
845,845,110,minute.maid,3,0,2.99,0.114956688,0.167553191,0.152944449,10.52085999,0.161950632,0.404314087,0.232741256,8.458996675,0.954545455,2.335458124,0.321927182,0.0,1.0,0.0,8.232727267050006,8.269756948,2023-08-04
910,910,110,minute.maid,4,1,2.59,0.114956688,0.167553191,0.152944449,10.52085999,0.161950632,0.404314087,0.232741256,8.458996675,0.954545455,2.335458124,0.321927182,0.0,1.0,0.0,9.888455993659989,9.761001904,2023-08-05
1158,1158,110,minute.maid,5,0,2.99,0.114956688,0.167553191,0.152944449,10.52085999,0.161950632,0.404314087,0.232741256,8.458996675,0.954545455,2.335458124,0.321927182,0.0,1.0,0.0,8.18569240766001,8.050703382,2023-08-06
1378,1378,110,minute.maid,6,0,2.99,0.114956688,0.167553191,0.152944449,10.52085999,0.161950632,0.404314087,0.232741256,8.458996675,0.954545455,2.335458124,0.321927182,0.0,1.0,0.0,8.752837348829997,9.049232212,2023-08-07
1716,1716,110,minute.maid,7,1,2.39,0.114956688,0.167553191,0.152944449,10.52085999,0.161950632,0.404314087,0.232741256,8.458996675,0.954545455,2.335458124,0.321927182,0.0,1.0,0.0,9.820430619960009,9.811372264,2023-08-08
1842,1842,110,minute.maid,8,0,2.99,0.114956688,0.167553191,0.152944449,10.52085999,0.161950632,0.404314087,0.232741256,8.458996675,0.954545455,2.335458124,0.321927182,0.0,1.0,0.0,8.262011474639996,8.090708716,2023-08-09
