diagnostics-ingestion-python-sdk/background_data_df.csv
,index,store,brand,week,feat,price,AGE60,EDUC,ETHNIC,INCOME,HHLARGE,WORKWOM,HVAL150,SSTRDIST,SSTRVOL,CPDIST5,CPWVOL5,brand_dominicks,brand_minute.maid,brand_tropicana,score,logmove,datetime
141,141,107,dominicks,0,1,1.59,0.261867453,0.273051907,0.025624482,10.82713119,0.094316953,0.311220523,0.533949633,5.821370205,1.19047619,1.994644862,0.300364461,1.0,0.0,0.0,8.16990109583,7.82244473,2023-08-01
276,276,107,dominicks,1,0,2.49,0.261867453,0.273051907,0.025624482,10.82713119,0.094316953,0.311220523,0.533949633,5.821370205,1.19047619,1.994644862,0.300364461,1.0,0.0,0.0,7.598996036420004,7.655390645,2023-08-02
521,521,107,dominicks,2,0,2.49,0.261867453,0.273051907,0.025624482,10.82713119,0.094316953,0.311220523,0.533949633,5.821370205,1.19047619,1.994644862,0.300364461,1.0,0.0,0.0,7.358760102079998,7.049254841,2023-08-03
825,825,107,dominicks,3,0,2.49,0.261867453,0.273051907,0.025624482,10.82713119,0.094316953,0.311220523,0.533949633,5.821370205,1.19047619,1.994644862,0.300364461,1.0,0.0,0.0,8.44671857337999,8.733594062,2023-08-04
943,943,107,dominicks,4,0,2.49,0.261867453,0.273051907,0.025624482,10.82713119,0.094316953,0.311220523,0.533949633,5.821370205,1.19047619,1.994644862,0.300364461,1.0,0.0,0.0,7.8193624699500015,8.070906089,2023-08-05
1132,1132,107,dominicks,5,0,2.49,0.261867453,0.273051907,0.025624482,10.82713119,0.094316953,0.311220523,0.533949633,5.821370205,1.19047619,1.994644862,0.300364461,1.0,0.0,0.0,7.286789643369996,6.931471806,2023-08-06
1490,1490,107,dominicks,6,0,2.49,0.261867453,0.273051907,0.025624482,10.82713119,0.094316953,0.311220523,0.533949633,5.821370205,1.19047619,1.994644862,0.300364461,1.0,0.0,0.0,8.322594204839989,8.528330936,2023-08-07
1729,1729,107,dominicks,7,1,2.09,0.261867453,0.273051907,0.025624482,10.82713119,0.094316953,0.311220523,0.533949633,5.821370205,1.19047619,1.994644862,0.300364461,1.0,0.0,0.0,8.867759763259993,9.107642974,2023-08-08
1809,1809,107,dominicks,8,0,2.09,0.261867453,0.273051907,0.025624482,10.82713119,0.094316953,0.311220523,0.533949633,5.821370205,1.19047619,1.994644862,0.300364461,1.0,0.0,0.0,7.991259118990005,8.009030685,2023-08-09
142,142,107,minute.maid,0,0,2.99,0.261867453,0.273051907,0.025624482,10.82713119,0.094316953,0.311220523,0.533949633,5.821370205,1.19047619,1.994644862,0.300364461,0.0,1.0,0.0,8.591612032469996,8.589699882,2023-08-01
235,235,107,minute.maid,1,1,1.99,0.261867453,0.273051907,0.025624482,10.82713119,0.094316953,0.311220523,0.533949633,5.821370205,1.19047619,1.994644862,0.300364461,0.0,1.0,0.0,10.833113753800008,10.92045585,2023-08-02
601,601,107,minute.maid,2,0,2.99,0.261867453,0.273051907,0.025624482,10.82713119,0.094316953,0.311220523,0.533949633,5.821370205,1.19047619,1.994644862,0.300364461,0.0,1.0,0.0,8.64407375796999,8.647519453,2023-08-03
816,816,107,minute.maid,3,0,2.99,0.261867453,0.273051907,0.025624482,10.82713119,0.094316953,0.311220523,0.533949633,5.821370205,1.19047619,1.994644862,0.300364461,0.0,1.0,0.0,8.70619626583001,8.754002934,2023-08-04
919,919,107,minute.maid,4,1,2.59,0.261867453,0.273051907,0.025624482,10.82713119,0.094316953,0.311220523,0.533949633,5.821370205,1.19047619,1.994644862,0.300364461,0.0,1.0,0.0,10.328332086730017,10.30521234,2023-08-05
1175,1175,107,minute.maid,5,0,2.99,0.261867453,0.273051907,0.025624482,10.82713119,0.094316953,0.311220523,0.533949633,5.821370205,1.19047619,1.994644862,0.300364461,0.0,1.0,0.0,8.548679857049994,8.392989588,2023-08-06
1470,1470,107,minute.maid,6,0,2.99,0.261867453,0.273051907,0.025624482,10.82713119,0.094316953,0.311220523,0.533949633,5.821370205,1.19047619,1.994644862,0.300364461,0.0,1.0,0.0,9.083879732699996,9.162829389,2023-08-07
1684,1684,107,minute.maid,7,1,2.39,0.261867453,0.273051907,0.025624482,10.82713119,0.094316953,0.311220523,0.533949633,5.821370205,1.19047619,1.994644862,0.300364461,0.0,1.0,0.0,9.966033046430011,9.775654181,2023-08-08
1784,1784,107,minute.maid,8,0,2.99,0.261867453,0.273051907,0.025624482,10.82713119,0.094316953,0.311220523,0.533949633,5.821370205,1.19047619,1.994644862,0.300364461,0.0,1.0,0.0,8.289124300410004,8.269756948,2023-08-09
144,144,110,dominicks,0,1,1.59,0.114956688,0.167553191,0.152944449,10.52085999,0.161950632,0.404314087,0.232741256,8.458996675,0.954545455,2.335458124,0.321927182,1.0,0.0,0.0,8.119153244389999,7.920083199,2023-08-01
285,285,110,dominicks,1,0,2.49,0.114956688,0.167553191,0.152944449,10.52085999,0.161950632,0.404314087,0.232741256,8.458996675,0.954545455,2.335458124,0.321927182,1.0,0.0,0.0,7.509989976639988,7.685243608,2023-08-02
594,594,110,dominicks,2,0,2.49,0.114956688,0.167553191,0.152944449,10.52085999,0.161950632,0.404314087,0.232741256,8.458996675,0.954545455,2.335458124,0.321927182,1.0,0.0,0.0,7.382248082149994,7.049254841,2023-08-03
807,807,110,dominicks,3,0,2.49,0.114956688,0.167553191,0.152944449,10.52085999,0.161950632,0.404314087,0.232741256,8.458996675,0.954545455,2.335458124,0.321927182,1.0,0.0,0.0,7.981071615129999,8.090708716,2023-08-04
955,955,110,dominicks,4,0,2.49,0.114956688,0.167553191,0.152944449,10.52085999,0.161950632,0.404314087,0.232741256,8.458996675,0.954545455,2.335458124,0.321927182,1.0,0.0,0.0,7.341249975339997,7.491087594,2023-08-05
1191,1191,110,dominicks,5,0,2.49,0.114956688,0.167553191,0.152944449,10.52085999,0.161950632,0.404314087,0.232741256,8.458996675,0.954545455,2.335458124,0.321927182,1.0,0.0,0.0,6.668947367090004,6.356107661,2023-08-06
1403,1403,110,dominicks,6,0,2.49,0.114956688,0.167553191,0.152944449,10.52085999,0.161950632,0.404314087,0.232741256,8.458996675,0.954545455,2.335458124,0.321927182,1.0,0.0,0.0,8.274621958369988,8.42156296,2023-08-07
1682,1682,110,dominicks,7,1,2.09,0.114956688,0.167553191,0.152944449,10.52085999,0.161950632,0.404314087,0.232741256,8.458996675,0.954545455,2.335458124,0.321927182,1.0,0.0,0.0,8.556099131290003,8.68067166,2023-08-08
149,149,105,dominicks,0,1,1.59,0.175542126,0.094235589,0.365410594,10.41439317,0.159839527,0.360890119,0.074418605,4.037829402,0.96,3.354376593,0.520134391,1.0,0.0,0.0,8.470877156890012,8.050703382,2023-08-01
274,274,105,dominicks,1,0,2.29,0.175542126,0.094235589,0.365410594,10.41439317,0.159839527,0.360890119,0.074418605,4.037829402,0.96,3.354376593,0.520134391,1.0,0.0,0.0,8.722175129660013,8.803273983,2023-08-02
812,812,105,dominicks,3,0,2.29,0.175542126,0.094235589,0.365410594,10.41439317,0.159839527,0.360890119,0.074418605,4.037829402,0.96,3.354376593,0.520134391,1.0,0.0,0.0,8.604867172250012,8.553332238,2023-08-04
1067,1067,105,dominicks,4,0,2.29,0.175542126,0.094235589,0.365410594,10.41439317,0.159839527,0.360890119,0.074418605,4.037829402,0.96,3.354376593,0.520134391,1.0,0.0,0.0,8.487826271909986,8.435549202,2023-08-05
1171,1171,105,dominicks,5,0,2.29,0.175542126,0.094235589,0.365410594,10.41439317,0.159839527,0.360890119,0.074418605,4.037829402,0.96,3.354376593,0.520134391,1.0,0.0,0.0,8.869401618870006,8.946374826,2023-08-06
1446,1446,105,dominicks,6,0,2.29,0.175542126,0.094235589,0.365410594,10.41439317,0.159839527,0.360890119,0.074418605,4.037829402,0.96,3.354376593,0.520134391,1.0,0.0,0.0,8.981770482770008,9.056722883,2023-08-07
1743,1743,105,dominicks,7,1,2.09,0.175542126,0.094235589,0.365410594,10.41439317,0.159839527,0.360890119,0.074418605,4.037829402,0.96,3.354376593,0.520134391,1.0,0.0,0.0,9.111169787770018,9.351839934,2023-08-08
1826,1826,105,dominicks,8,0,2.09,0.175542126,0.094235589,0.365410594,10.41439317,0.159839527,0.360890119,0.074418605,4.037829402,0.96,3.354376593,0.520134391,1.0,0.0,0.0,8.535742708290009,8.565602331,2023-08-09
150,150,105,minute.maid,0,0,2.62,0.175542126,0.094235589,0.365410594,10.41439317,0.159839527,0.360890119,0.074418605,4.037829402,0.96,3.354376593,0.520134391,0.0,1.0,0.0,8.589281305480005,8.51559191,2023-08-01
365,365,105,minute.maid,1,1,1.99,0.175542126,0.094235589,0.365410594,10.41439317,0.159839527,0.360890119,0.074418605,4.037829402,0.96,3.354376593,0.520134391,0.0,1.0,0.0,10.738500479499995,10.67211319,2023-08-02
786,786,105,minute.maid,3,0,2.62,0.175542126,0.094235589,0.365410594,10.41439317,0.159839527,0.360890119,0.074418605,4.037829402,0.96,3.354376593,0.520134391,0.0,1.0,0.0,8.74666090975,8.812843434,2023-08-04
1033,1033,105,minute.maid,4,1,2.59,0.175542126,0.094235589,0.365410594,10.41439317,0.159839527,0.360890119,0.074418605,4.037829402,0.96,3.354376593,0.520134391,0.0,1.0,0.0,10.407183241839986,10.52018556,2023-08-05
1161,1161,105,minute.maid,5,0,2.62,0.175542126,0.094235589,0.365410594,10.41439317,0.159839527,0.360890119,0.074418605,4.037829402,0.96,3.354376593,0.520134391,0.0,1.0,0.0,8.618515965979991,8.60153434,2023-08-06
1521,1521,105,minute.maid,6,0,2.62,0.175542126,0.094235589,0.365410594,10.41439317,0.159839527,0.360890119,0.074418605,4.037829402,0.96,3.354376593,0.520134391,0.0,1.0,0.0,8.839208336129994,8.831711918,2023-08-07
1714,1714,105,minute.maid,7,1,2.39,0.175542126,0.094235589,0.365410594,10.41439317,0.159839527,0.360890119,0.074418605,4.037829402,0.96,3.354376593,0.520134391,0.0,1.0,0.0,10.047923170229986,10.04498712,2023-08-08
1844,1844,105,minute.maid,8,0,2.62,0.175542126,0.094235589,0.365410594,10.41439317,0.159839527,0.360890119,0.074418605,4.037829402,0.96,3.354376593,0.520134391,0.0,1.0,0.0,8.509311670970012,8.462948177,2023-08-09
151,151,111,minute.maid,0,0,3.17,0.210512842,0.096928919,0.995690759,10.13828296,0.157135934,0.288515406,0.012746711,12.19094513,1.894736842,1.465672465,0.289203431,0.0,1.0,0.0,7.804500001460008,7.796469243,2023-08-01
360,360,111,minute.maid,1,1,1.99,0.210512842,0.096928919,0.995690759,10.13828296,0.157135934,0.288515406,0.012746711,12.19094513,1.894736842,1.465672465,0.289203431,0.0,1.0,0.0,11.35220593359998,11.34199479,2023-08-02
604,604,111,minute.maid,2,0,3.17,0.210512842,0.096928919,0.995690759,10.13828296,0.157135934,0.288515406,0.012746711,12.19094513,1.894736842,1.465672465,0.289203431,0.0,1.0,0.0,7.817242688489992,7.714231145,2023-08-03
818,818,111,minute.maid,3,0,3.17,0.210512842,0.096928919,0.995690759,10.13828296,0.157135934,0.288515406,0.012746711,12.19094513,1.894736842,1.465672465,0.289203431,0.0,1.0,0.0,8.039279505379987,8.184234774,2023-08-04
1001,1001,111,minute.maid,4,1,2.59,0.210512842,0.096928919,0.995690759,10.13828296,0.157135934,0.288515406,0.012746711,12.19094513,1.894736842,1.465672465,0.289203431,0.0,1.0,0.0,10.650941542940007,10.63892765,2023-08-05
1181,1181,111,minute.maid,5,0,3.17,0.210512842,0.096928919,0.995690759,10.13828296,0.157135934,0.288515406,0.012746711,12.19094513,1.894736842,1.465672465,0.289203431,0.0,1.0,0.0,7.716161662209995,7.526178913,2023-08-06
1497,1497,111,minute.maid,6,0,3.17,0.210512842,0.096928919,0.995690759,10.13828296,0.157135934,0.288515406,0.012746711,12.19094513,1.894736842,1.465672465,0.289203431,0.0,1.0,0.0,7.795169226849988,7.87245515,2023-08-07
1711,1711,111,minute.maid,7,1,2.39,0.210512842,0.096928919,0.995690759,10.13828296,0.157135934,0.288515406,0.012746711,12.19094513,1.894736842,1.465672465,0.289203431,0.0,1.0,0.0,10.51531736605001,10.46150206,2023-08-08
1797,1797,111,minute.maid,8,0,3.17,0.210512842,0.096928919,0.995690759,10.13828296,0.157135934,0.288515406,0.012746711,12.19094513,1.894736842,1.465672465,0.289203431,0.0,1.0,0.0,7.393380568089992,7.103322063,2023-08-09
155,155,111,dominicks,0,1,1.59,0.210512842,0.096928919,0.995690759,10.13828296,0.157135934,0.288515406,0.012746711,12.19094513,1.894736842,1.465672465,0.289203431,1.0,0.0,0.0,9.355998505290009,9.431882642,2023-08-01
269,269,111,dominicks,1,0,2.69,0.210512842,0.096928919,0.995690759,10.13828296,0.157135934,0.288515406,0.012746711,12.19094513,1.894736842,1.465672465,0.289203431,1.0,0.0,0.0,7.518923847879997,7.526178913,2023-08-02
514,514,111,dominicks,2,0,2.69,0.210512842,0.096928919,0.995690759,10.13828296,0.157135934,0.288515406,0.012746711,12.19094513,1.894736842,1.465672465,0.289203431,1.0,0.0,0.0,7.389999327759997,7.249925537,2023-08-03
631,631,111,dominicks,3,0,2.69,0.210512842,0.096928919,0.995690759,10.13828296,0.157135934,0.288515406,0.012746711,12.19094513,1.894736842,1.465672465,0.289203431,1.0,0.0,0.0,8.014683034740006,8.30201781,2023-08-04
1054,1054,111,dominicks,4,0,2.69,0.210512842,0.096928919,0.995690759,10.13828296,0.157135934,0.288515406,0.012746711,12.19094513,1.894736842,1.465672465,0.289203431,1.0,0.0,0.0,7.635715689709996,7.416979621,2023-08-05
1117,1117,111,dominicks,5,0,2.69,0.210512842,0.096928919,0.995690759,10.13828296,0.157135934,0.288515406,0.012746711,12.19094513,1.894736842,1.465672465,0.289203431,1.0,0.0,0.0,7.297070142839994,7.294377299,2023-08-06
1399,1399,111,dominicks,6,0,2.69,0.210512842,0.096928919,0.995690759,10.13828296,0.157135934,0.288515406,0.012746711,12.19094513,1.894736842,1.465672465,0.289203431,1.0,0.0,0.0,7.980843486399996,8.090708716,2023-08-07
1693,1693,111,dominicks,7,1,2.09,0.210512842,0.096928919,0.995690759,10.13828296,0.157135934,0.288515406,0.012746711,12.19094513,1.894736842,1.465672465,0.289203431,1.0,0.0,0.0,9.277627287190008,9.405907156,2023-08-08
157,157,103,dominicks,0,1,1.59,0.058053966,0.194621102,0.187760899,10.58524512,0.204916868,0.36129428,0.090007348,5.100649474,1.2,3.300102441,0.421982695,1.0,0.0,0.0,9.064116543590009,9.329367078,2023-08-01
300,300,103,dominicks,1,0,2.29,0.058053966,0.194621102,0.187760899,10.58524512,0.204916868,0.36129428,0.090007348,5.100649474,1.2,3.300102441,0.421982695,1.0,0.0,0.0,7.92523466519,8.009030685,2023-08-02
480,480,103,dominicks,2,0,2.29,0.058053966,0.194621102,0.187760899,10.58524512,0.204916868,0.36129428,0.090007348,5.100649474,1.2,3.300102441,0.421982695,1.0,0.0,0.0,7.794168641490001,7.526178913,2023-08-03
632,632,103,dominicks,3,0,2.29,0.058053966,0.194621102,0.187760899,10.58524512,0.204916868,0.36129428,0.090007348,5.100649474,1.2,3.300102441,0.421982695,1.0,0.0,0.0,8.39213725525,8.61323038,2023-08-04
1046,1046,103,dominicks,4,0,2.29,0.058053966,0.194621102,0.187760899,10.58524512,0.204916868,0.36129428,0.090007348,5.100649474,1.2,3.300102441,0.421982695,1.0,0.0,0.0,7.868070105549997,7.685243608,2023-08-05
1231,1231,103,dominicks,5,0,2.29,0.058053966,0.194621102,0.187760899,10.58524512,0.204916868,0.36129428,0.090007348,5.100649474,1.2,3.300102441,0.421982695,1.0,0.0,0.0,8.273260864210005,8.449342525,2023-08-06
1440,1440,103,dominicks,6,0,2.29,0.058053966,0.194621102,0.187760899,10.58524512,0.204916868,0.36129428,0.090007348,5.100649474,1.2,3.300102441,0.421982695,1.0,0.0,0.0,8.352602612639991,8.42156296,2023-08-07
1705,1705,103,dominicks,7,1,2.09,0.058053966,0.194621102,0.187760899,10.58524512,0.204916868,0.36129428,0.090007348,5.100649474,1.2,3.300102441,0.421982695,1.0,0.0,0.0,8.773966331189992,8.691482577,2023-08-08
158,158,103,minute.maid,0,0,2.62,0.058053966,0.194621102,0.187760899,10.58524512,0.204916868,0.36129428,0.090007348,5.100649474,1.2,3.300102441,0.421982695,0.0,1.0,0.0,7.899330183439994,7.847762538,2023-08-01
311,311,103,minute.maid,1,1,1.99,0.058053966,0.194621102,0.187760899,10.58524512,0.204916868,0.36129428,0.090007348,5.100649474,1.2,3.300102441,0.421982695,0.0,1.0,0.0,10.414583245329986,10.47965138,2023-08-02
452,452,103,minute.maid,2,0,2.62,0.058053966,0.194621102,0.187760899,10.58524512,0.204916868,0.36129428,0.090007348,5.100649474,1.2,3.300102441,0.421982695,0.0,1.0,0.0,7.994692121180001,8.070906089,2023-08-03
732,732,103,minute.maid,3,0,2.62,0.058053966,0.194621102,0.187760899,10.58524512,0.204916868,0.36129428,0.090007348,5.100649474,1.2,3.300102441,0.421982695,0.0,1.0,0.0,7.906171812319993,7.847762538,2023-08-04
1057,1057,103,minute.maid,4,1,2.59,0.058053966,0.194621102,0.187760899,10.58524512,0.204916868,0.36129428,0.090007348,5.100649474,1.2,3.300102441,0.421982695,0.0,1.0,0.0,9.800842931110008,9.793672687,2023-08-05
1283,1283,103,minute.maid,5,0,2.62,0.058053966,0.194621102,0.187760899,10.58524512,0.204916868,0.36129428,0.090007348,5.100649474,1.2,3.300102441,0.421982695,0.0,1.0,0.0,7.8812371366299985,7.920083199,2023-08-06
1434,1434,103,minute.maid,6,0,2.62,0.058053966,0.194621102,0.187760899,10.58524512,0.204916868,0.36129428,0.090007348,5.100649474,1.2,3.300102441,0.421982695,0.0,1.0,0.0,7.81077384002999,7.769800996,2023-08-07
1717,1717,103,minute.maid,7,1,2.39,0.058053966,0.194621102,0.187760899,10.58524512,0.204916868,0.36129428,0.090007348,5.100649474,1.2,3.300102441,0.421982695,0.0,1.0,0.0,9.251365915229991,9.026417534,2023-08-08
