diagnostics-ingestion-python-sdk/background_data_df.csv
,index,store,brand,week,feat,price,AGE60,EDUC,ETHNIC,INCOME,HHLARGE,WORKWOM,HVAL150,SSTRDIST,SSTRVOL,CPDIST5,CPWVOL5,brand_dominicks,brand_minute.maid,brand_tropicana,score,logmove,datetime
160,160,112,minute.maid,0,0,2.62,0.08972372,0.329898517,0.069710243,10.88265918,0.096660967,0.440164355,0.56065207,3.101112587,0.535714286,3.017842945,0.311666297,0.0,1.0,0.0,9.234303303120004,9.17616292,2023-08-01
348,348,112,minute.maid,1,1,1.99,0.08972372,0.329898517,0.069710243,10.88265918,0.096660967,0.440164355,0.56065207,3.101112587,0.535714286,3.017842945,0.311666297,0.0,1.0,0.0,10.915120579400003,10.96681803,2023-08-02
430,430,112,minute.maid,2,0,2.62,0.08972372,0.329898517,0.069710243,10.88265918,0.096660967,0.440164355,0.56065207,3.101112587,0.535714286,3.017842945,0.311666297,0.0,1.0,0.0,9.312703554749993,9.357380115,2023-08-03
712,712,112,minute.maid,3,0,2.62,0.08972372,0.329898517,0.069710243,10.88265918,0.096660967,0.440164355,0.56065207,3.101112587,0.535714286,3.017842945,0.311666297,0.0,1.0,0.0,9.28475653139999,9.30637756,2023-08-04
852,852,112,minute.maid,4,1,2.59,0.08972372,0.329898517,0.069710243,10.88265918,0.096660967,0.440164355,0.56065207,3.101112587,0.535714286,3.017842945,0.311666297,0.0,1.0,0.0,10.69850204206,10.85838342,2023-08-05
1212,1212,112,minute.maid,5,0,2.62,0.08972372,0.329898517,0.069710243,10.88265918,0.096660967,0.440164355,0.56065207,3.101112587,0.535714286,3.017842945,0.311666297,0.0,1.0,0.0,9.266660282539997,9.142489705,2023-08-06
1389,1389,112,minute.maid,6,0,2.62,0.08972372,0.329898517,0.069710243,10.88265918,0.096660967,0.440164355,0.56065207,3.101112587,0.535714286,3.017842945,0.311666297,0.0,1.0,0.0,9.613804490969995,9.76468515,2023-08-07
1723,1723,112,minute.maid,7,1,2.39,0.08972372,0.329898517,0.069710243,10.88265918,0.096660967,0.440164355,0.56065207,3.101112587,0.535714286,3.017842945,0.311666297,0.0,1.0,0.0,10.286640903919988,10.17990643,2023-08-08
1872,1872,112,minute.maid,8,0,2.62,0.08972372,0.329898517,0.069710243,10.88265918,0.096660967,0.440164355,0.56065207,3.101112587,0.535714286,3.017842945,0.311666297,0.0,1.0,0.0,9.295408552460003,9.17616292,2023-08-09
163,163,90,dominicks,0,1,1.59,0.225219573,0.050193454,0.268367489,10.5046565,0.124328331,0.244462674,0.005700872,12.84014961,2.461538462,4.107901798,0.370342571,1.0,0.0,0.0,9.129100346649995,9.221478116,2023-08-01
280,280,90,dominicks,1,0,2.49,0.225219573,0.050193454,0.268367489,10.5046565,0.124328331,0.244462674,0.005700872,12.84014961,2.461538462,4.107901798,0.370342571,1.0,0.0,0.0,7.236949644549997,7.336936914,2023-08-02
528,528,90,dominicks,2,0,2.49,0.225219573,0.050193454,0.268367489,10.5046565,0.124328331,0.244462674,0.005700872,12.84014961,2.461538462,4.107901798,0.370342571,1.0,0.0,0.0,6.994908400609996,6.643789733,2023-08-03
739,739,90,dominicks,3,0,2.49,0.225219573,0.050193454,0.268367489,10.5046565,0.124328331,0.244462674,0.005700872,12.84014961,2.461538462,4.107901798,0.370342571,1.0,0.0,0.0,7.582708123850002,8.050703382,2023-08-04
927,927,90,dominicks,4,0,2.49,0.225219573,0.050193454,0.268367489,10.5046565,0.124328331,0.244462674,0.005700872,12.84014961,2.461538462,4.107901798,0.370342571,1.0,0.0,0.0,6.791780325740003,6.356107661,2023-08-05
1157,1157,90,dominicks,5,0,2.49,0.225219573,0.050193454,0.268367489,10.5046565,0.124328331,0.244462674,0.005700872,12.84014961,2.461538462,4.107901798,0.370342571,1.0,0.0,0.0,6.689602444030006,6.461468176,2023-08-06
1492,1492,90,dominicks,6,0,2.49,0.225219573,0.050193454,0.268367489,10.5046565,0.124328331,0.244462674,0.005700872,12.84014961,2.461538462,4.107901798,0.370342571,1.0,0.0,0.0,7.78654554647,8.407378325,2023-08-07
1620,1620,90,dominicks,7,1,2.09,0.225219573,0.050193454,0.268367489,10.5046565,0.124328331,0.244462674,0.005700872,12.84014961,2.461538462,4.107901798,0.370342571,1.0,0.0,0.0,8.840857317180005,8.743850562,2023-08-08
165,165,118,minute.maid,0,0,2.99,0.289442379,0.224725883,0.040669145,10.63236378,0.090132827,0.354977468,0.475752773,1.945508831,0.923076923,2.046488588,0.513721734,0.0,1.0,0.0,8.28853431686999,8.236420527,2023-08-01
390,390,118,minute.maid,1,1,1.99,0.289442379,0.224725883,0.040669145,10.63236378,0.090132827,0.354977468,0.475752773,1.945508831,0.923076923,2.046488588,0.513721734,0.0,1.0,0.0,10.906448572559992,11.10103979,2023-08-02
505,505,118,minute.maid,2,0,2.99,0.289442379,0.224725883,0.040669145,10.63236378,0.090132827,0.354977468,0.475752773,1.945508831,0.923076923,2.046488588,0.513721734,0.0,1.0,0.0,8.412762425550001,8.502688505,2023-08-03
637,637,118,minute.maid,3,0,2.99,0.289442379,0.224725883,0.040669145,10.63236378,0.090132827,0.354977468,0.475752773,1.945508831,0.923076923,2.046488588,0.513721734,0.0,1.0,0.0,8.246162659389993,8.166216269,2023-08-04
1074,1074,118,minute.maid,4,1,2.59,0.289442379,0.224725883,0.040669145,10.63236378,0.090132827,0.354977468,0.475752773,1.945508831,0.923076923,2.046488588,0.513721734,0.0,1.0,0.0,10.346814384720012,10.37947325,2023-08-05
1151,1151,118,minute.maid,5,0,2.99,0.289442379,0.224725883,0.040669145,10.63236378,0.090132827,0.354977468,0.475752773,1.945508831,0.923076923,2.046488588,0.513721734,0.0,1.0,0.0,8.336915114939998,8.090708716,2023-08-06
1478,1478,118,minute.maid,6,0,2.99,0.289442379,0.224725883,0.040669145,10.63236378,0.090132827,0.354977468,0.475752773,1.945508831,0.923076923,2.046488588,0.513721734,0.0,1.0,0.0,8.996861931340009,9.156095357,2023-08-07
1536,1536,118,minute.maid,7,1,2.39,0.289442379,0.224725883,0.040669145,10.63236378,0.090132827,0.354977468,0.475752773,1.945508831,0.923076923,2.046488588,0.513721734,0.0,1.0,0.0,10.133092943550016,10.16277015,2023-08-08
1793,1793,118,minute.maid,8,0,2.99,0.289442379,0.224725883,0.040669145,10.63236378,0.090132827,0.354977468,0.475752773,1.945508831,0.923076923,2.046488588,0.513721734,0.0,1.0,0.0,8.461922873849995,8.589699882,2023-08-09
167,167,78,dominicks,0,1,1.59,0.111947994,0.314432275,0.056086079,10.95917494,0.111221204,0.423952262,0.528312901,0.132096821,1.142857143,1.704244878,0.515669276,1.0,0.0,0.0,8.753508345220009,8.859363449,2023-08-01
363,363,78,dominicks,1,0,2.29,0.111947994,0.314432275,0.056086079,10.95917494,0.111221204,0.423952262,0.528312901,0.132096821,1.142857143,1.704244878,0.515669276,1.0,0.0,0.0,7.341275978839995,7.294377299,2023-08-02
464,464,78,dominicks,2,0,2.29,0.111947994,0.314432275,0.056086079,10.95917494,0.111221204,0.423952262,0.528312901,0.132096821,1.142857143,1.704244878,0.515669276,1.0,0.0,0.0,7.042797403150006,6.723832441,2023-08-03
840,840,78,dominicks,3,0,2.29,0.111947994,0.314432275,0.056086079,10.95917494,0.111221204,0.423952262,0.528312901,0.132096821,1.142857143,1.704244878,0.515669276,1.0,0.0,0.0,7.994383125249995,8.286017468,2023-08-04
1079,1079,78,dominicks,4,0,2.29,0.111947994,0.314432275,0.056086079,10.95917494,0.111221204,0.423952262,0.528312901,0.132096821,1.142857143,1.704244878,0.515669276,1.0,0.0,0.0,7.50302797661,7.203405521,2023-08-05
1131,1131,78,dominicks,5,0,2.29,0.111947994,0.314432275,0.056086079,10.95917494,0.111221204,0.423952262,0.528312901,0.132096821,1.142857143,1.704244878,0.515669276,1.0,0.0,0.0,7.922846044049989,8.236420527,2023-08-06
1488,1488,78,dominicks,6,0,2.29,0.111947994,0.314432275,0.056086079,10.95917494,0.111221204,0.423952262,0.528312901,0.132096821,1.142857143,1.704244878,0.515669276,1.0,0.0,0.0,8.197470459420002,8.378390789,2023-08-07
1573,1573,78,dominicks,7,1,2.09,0.111947994,0.314432275,0.056086079,10.95917494,0.111221204,0.423952262,0.528312901,0.132096821,1.142857143,1.704244878,0.515669276,1.0,0.0,0.0,8.75979253021001,8.7740036,2023-08-08
1779,1779,78,dominicks,8,0,2.09,0.111947994,0.314432275,0.056086079,10.95917494,0.111221204,0.423952262,0.528312901,0.132096821,1.142857143,1.704244878,0.515669276,1.0,0.0,0.0,7.573920383890002,7.336936914,2023-08-09
168,168,78,minute.maid,0,0,2.62,0.111947994,0.314432275,0.056086079,10.95917494,0.111221204,0.423952262,0.528312901,0.132096821,1.142857143,1.704244878,0.515669276,0.0,1.0,0.0,8.50875523841001,8.476371197,2023-08-01
255,255,78,minute.maid,1,1,1.99,0.111947994,0.314432275,0.056086079,10.95917494,0.111221204,0.423952262,0.528312901,0.132096821,1.142857143,1.704244878,0.515669276,0.0,1.0,0.0,10.77766133006001,10.86818742,2023-08-02
553,553,78,minute.maid,2,0,2.62,0.111947994,0.314432275,0.056086079,10.95917494,0.111221204,0.423952262,0.528312901,0.132096821,1.142857143,1.704244878,0.515669276,0.0,1.0,0.0,8.512432689690009,8.462948177,2023-08-03
772,772,78,minute.maid,3,0,2.62,0.111947994,0.314432275,0.056086079,10.95917494,0.111221204,0.423952262,0.528312901,0.132096821,1.142857143,1.704244878,0.515669276,0.0,1.0,0.0,8.579710570010008,8.636219898,2023-08-04
1045,1045,78,minute.maid,4,1,2.59,0.111947994,0.314432275,0.056086079,10.95917494,0.111221204,0.423952262,0.528312901,0.132096821,1.142857143,1.704244878,0.515669276,0.0,1.0,0.0,10.279652217349996,10.39915893,2023-08-05
1112,1112,78,minute.maid,5,0,2.62,0.111947994,0.314432275,0.056086079,10.95917494,0.111221204,0.423952262,0.528312901,0.132096821,1.142857143,1.704244878,0.515669276,0.0,1.0,0.0,8.464193440589995,8.407378325,2023-08-06
1405,1405,78,minute.maid,6,0,2.62,0.111947994,0.314432275,0.056086079,10.95917494,0.111221204,0.423952262,0.528312901,0.132096821,1.142857143,1.704244878,0.515669276,0.0,1.0,0.0,9.084033966880003,9.240287448,2023-08-07
1568,1568,78,minute.maid,7,1,2.39,0.111947994,0.314432275,0.056086079,10.95917494,0.111221204,0.423952262,0.528312901,0.132096821,1.142857143,1.704244878,0.515669276,0.0,1.0,0.0,9.927512390279997,9.888982866,2023-08-08
1773,1773,78,minute.maid,8,0,2.62,0.111947994,0.314432275,0.056086079,10.95917494,0.111221204,0.423952262,0.528312901,0.132096821,1.142857143,1.704244878,0.515669276,0.0,1.0,0.0,8.36613703030999,8.236420527,2023-08-09
169,169,118,dominicks,0,1,1.59,0.289442379,0.224725883,0.040669145,10.63236378,0.090132827,0.354977468,0.475752773,1.945508831,0.923076923,2.046488588,0.513721734,1.0,0.0,0.0,9.667050191540008,9.987828701,2023-08-01
257,257,118,dominicks,1,0,2.49,0.289442379,0.224725883,0.040669145,10.63236378,0.090132827,0.354977468,0.475752773,1.945508831,0.923076923,2.046488588,0.513721734,1.0,0.0,0.0,7.453952591979995,7.491087594,2023-08-02
558,558,118,dominicks,2,0,2.49,0.289442379,0.224725883,0.040669145,10.63236378,0.090132827,0.354977468,0.475752773,1.945508831,0.923076923,2.046488588,0.513721734,1.0,0.0,0.0,7.352153237449996,7.249925537,2023-08-03
769,769,118,dominicks,3,0,2.49,0.289442379,0.224725883,0.040669145,10.63236378,0.090132827,0.354977468,0.475752773,1.945508831,0.923076923,2.046488588,0.513721734,1.0,0.0,0.0,7.725261176839988,7.624618986,2023-08-04
1002,1002,118,dominicks,4,0,2.49,0.289442379,0.224725883,0.040669145,10.63236378,0.090132827,0.354977468,0.475752773,1.945508831,0.923076923,2.046488588,0.513721734,1.0,0.0,0.0,7.137057982539996,7.049254841,2023-08-05
1100,1100,118,dominicks,5,0,2.49,0.289442379,0.224725883,0.040669145,10.63236378,0.090132827,0.354977468,0.475752773,1.945508831,0.923076923,2.046488588,0.513721734,1.0,0.0,0.0,7.034375652079994,6.931471806,2023-08-06
1413,1413,118,dominicks,6,0,2.49,0.289442379,0.224725883,0.040669145,10.63236378,0.090132827,0.354977468,0.475752773,1.945508831,0.923076923,2.046488588,0.513721734,1.0,0.0,0.0,8.263058657320007,8.489616424,2023-08-07
1556,1556,118,dominicks,7,1,2.09,0.289442379,0.224725883,0.040669145,10.63236378,0.090132827,0.354977468,0.475752773,1.945508831,0.923076923,2.046488588,0.513721734,1.0,0.0,0.0,8.904216478870003,8.68067166,2023-08-08
1860,1860,118,dominicks,8,0,2.09,0.289442379,0.224725883,0.040669145,10.63236378,0.090132827,0.354977468,0.475752773,1.945508831,0.923076923,2.046488588,0.513721734,1.0,0.0,0.0,8.512380335780005,8.68067166,2023-08-09
171,171,77,dominicks,0,1,1.59,0.10110045,0.376871097,0.073507887,10.98312087,0.118093174,0.414163823,0.624113475,1.875487675,1.176470588,2.510313339,0.554352329,1.0,0.0,0.0,8.820235128140009,9.010913347,2023-08-01
312,312,77,dominicks,1,0,2.29,0.10110045,0.376871097,0.073507887,10.98312087,0.118093174,0.414163823,0.624113475,1.875487675,1.176470588,2.510313339,0.554352329,1.0,0.0,0.0,7.899139678409999,8.090708716,2023-08-02
851,851,77,dominicks,3,0,2.29,0.10110045,0.376871097,0.073507887,10.98312087,0.118093174,0.414163823,0.624113475,1.875487675,1.176470588,2.510313339,0.554352329,1.0,0.0,0.0,7.840574158540004,7.796469243,2023-08-04
1008,1008,77,dominicks,4,0,2.29,0.10110045,0.376871097,0.073507887,10.98312087,0.118093174,0.414163823,0.624113475,1.875487675,1.176470588,2.510313339,0.554352329,1.0,0.0,0.0,7.618012297749996,7.491087594,2023-08-05
1234,1234,77,dominicks,5,0,2.29,0.10110045,0.376871097,0.073507887,10.98312087,0.118093174,0.414163823,0.624113475,1.875487675,1.176470588,2.510313339,0.554352329,1.0,0.0,0.0,8.003546310529996,8.090708716,2023-08-06
1467,1467,77,dominicks,6,0,2.29,0.10110045,0.376871097,0.073507887,10.98312087,0.118093174,0.414163823,0.624113475,1.875487675,1.176470588,2.510313339,0.554352329,1.0,0.0,0.0,8.100421004640003,8.070906089,2023-08-07
1535,1535,77,dominicks,7,1,2.09,0.10110045,0.376871097,0.073507887,10.98312087,0.118093174,0.414163823,0.624113475,1.875487675,1.176470588,2.510313339,0.554352329,1.0,0.0,0.0,8.764585180750009,8.7740036,2023-08-08
1835,1835,77,dominicks,8,0,2.09,0.10110045,0.376871097,0.073507887,10.98312087,0.118093174,0.414163823,0.624113475,1.875487675,1.176470588,2.510313339,0.554352329,1.0,0.0,0.0,7.894346274260001,7.920083199,2023-08-09
172,172,77,minute.maid,0,0,2.62,0.10110045,0.376871097,0.073507887,10.98312087,0.118093174,0.414163823,0.624113475,1.875487675,1.176470588,2.510313339,0.554352329,0.0,1.0,0.0,8.647565587950004,8.743850562,2023-08-01
314,314,77,minute.maid,1,1,1.99,0.10110045,0.376871097,0.073507887,10.98312087,0.118093174,0.414163823,0.624113475,1.875487675,1.176470588,2.510313339,0.554352329,0.0,1.0,0.0,10.168529228900004,10.09112827,2023-08-02
822,822,77,minute.maid,3,0,2.62,0.10110045,0.376871097,0.073507887,10.98312087,0.118093174,0.414163823,0.624113475,1.875487675,1.176470588,2.510313339,0.554352329,0.0,1.0,0.0,8.472061617529988,8.435549202,2023-08-04
1051,1051,77,minute.maid,4,1,2.59,0.10110045,0.376871097,0.073507887,10.98312087,0.118093174,0.414163823,0.624113475,1.875487675,1.176470588,2.510313339,0.554352329,0.0,1.0,0.0,9.89691495362001,9.828764006,2023-08-05
1205,1205,77,minute.maid,5,0,2.62,0.10110045,0.376871097,0.073507887,10.98312087,0.118093174,0.414163823,0.624113475,1.875487675,1.176470588,2.510313339,0.554352329,0.0,1.0,0.0,8.468843200919999,8.407378325,2023-08-06
1436,1436,77,minute.maid,6,0,2.62,0.10110045,0.376871097,0.073507887,10.98312087,0.118093174,0.414163823,0.624113475,1.875487675,1.176470588,2.510313339,0.554352329,0.0,1.0,0.0,9.05506967791001,9.100525506,2023-08-07
1650,1650,77,minute.maid,7,1,2.39,0.10110045,0.376871097,0.073507887,10.98312087,0.118093174,0.414163823,0.624113475,1.875487675,1.176470588,2.510313339,0.554352329,0.0,1.0,0.0,9.649817879979995,9.534161491,2023-08-08
1815,1815,77,minute.maid,8,0,2.62,0.10110045,0.376871097,0.073507887,10.98312087,0.118093174,0.414163823,0.624113475,1.875487675,1.176470588,2.510313339,0.554352329,0.0,1.0,0.0,8.441473681840003,8.378390789,2023-08-09
177,177,119,minute.maid,0,0,2.62,0.121574965,0.279952033,0.049584956,10.75271926,0.089350352,0.462266179,0.459405941,2.213790697,1.153846154,2.71959438,0.722367357,0.0,1.0,0.0,8.666411637999992,8.764053269,2023-08-01
318,318,119,minute.maid,1,1,1.99,0.121574965,0.279952033,0.049584956,10.75271926,0.089350352,0.462266179,0.459405941,2.213790697,1.153846154,2.71959438,0.722367357,0.0,1.0,0.0,10.38098755310001,10.40885833,2023-08-02
487,487,119,minute.maid,2,0,2.62,0.121574965,0.279952033,0.049584956,10.75271926,0.089350352,0.462266179,0.459405941,2.213790697,1.153846154,2.71959438,0.722367357,0.0,1.0,0.0,8.515284402739985,8.435549202,2023-08-03
777,777,119,minute.maid,3,0,2.62,0.121574965,0.279952033,0.049584956,10.75271926,0.089350352,0.462266179,0.459405941,2.213790697,1.153846154,2.71959438,0.722367357,0.0,1.0,0.0,8.598648441069992,8.60153434,2023-08-04
997,997,119,minute.maid,4,1,2.59,0.121574965,0.279952033,0.049584956,10.75271926,0.089350352,0.462266179,0.459405941,2.213790697,1.153846154,2.71959438,0.722367357,0.0,1.0,0.0,10.02982705360999,10.03100087,2023-08-05
1246,1246,119,minute.maid,5,0,2.62,0.121574965,0.279952033,0.049584956,10.75271926,0.089350352,0.462266179,0.459405941,2.213790697,1.153846154,2.71959438,0.722367357,0.0,1.0,0.0,8.452844769530005,8.269756948,2023-08-06
1397,1397,119,minute.maid,6,0,2.62,0.121574965,0.279952033,0.049584956,10.75271926,0.089350352,0.462266179,0.459405941,2.213790697,1.153846154,2.71959438,0.722367357,0.0,1.0,0.0,9.162759540579993,9.317938383,2023-08-07
1673,1673,119,minute.maid,7,1,2.39,0.121574965,0.279952033,0.049584956,10.75271926,0.089350352,0.462266179,0.459405941,2.213790697,1.153846154,2.71959438,0.722367357,0.0,1.0,0.0,9.765173397639998,9.66827142,2023-08-08
