diagnostics-ingestion-python-sdk/background_data_df.csv
,index,store,brand,week,feat,price,AGE60,EDUC,ETHNIC,INCOME,HHLARGE,WORKWOM,HVAL150,SSTRDIST,SSTRVOL,CPDIST5,CPWVOL5,brand_dominicks,brand_minute.maid,brand_tropicana,score,logmove,datetime
179,179,75,dominicks,0,1,1.59,0.207699493,0.219548453,0.415999466,9.867082871,0.063964709,0.315583259,0.496,7.192666501,2.230769231,1.375126442,0.703181889,1.0,0.0,0.0,9.061058101770008,9.169518378,2023-08-01
351,351,75,dominicks,1,0,2.69,0.207699493,0.219548453,0.415999466,9.867082871,0.063964709,0.315583259,0.496,7.192666501,2.230769231,1.375126442,0.703181889,1.0,0.0,0.0,7.892119276710008,7.98752448,2023-08-02
427,427,75,dominicks,2,0,2.69,0.207699493,0.219548453,0.415999466,9.867082871,0.063964709,0.315583259,0.496,7.192666501,2.230769231,1.375126442,0.703181889,1.0,0.0,0.0,8.084279535170005,8.14786713,2023-08-03
798,798,75,dominicks,3,0,2.69,0.207699493,0.219548453,0.415999466,9.867082871,0.063964709,0.315583259,0.496,7.192666501,2.230769231,1.375126442,0.703181889,1.0,0.0,0.0,8.336092397509992,8.392989588,2023-08-04
862,862,75,dominicks,4,0,2.69,0.207699493,0.219548453,0.415999466,9.867082871,0.063964709,0.315583259,0.496,7.192666501,2.230769231,1.375126442,0.703181889,1.0,0.0,0.0,7.597296806659994,7.714231145,2023-08-05
1220,1220,75,dominicks,5,0,2.69,0.207699493,0.219548453,0.415999466,9.867082871,0.063964709,0.315583259,0.496,7.192666501,2.230769231,1.375126442,0.703181889,1.0,0.0,0.0,7.343514111410005,7.203405521,2023-08-06
1387,1387,75,dominicks,6,0,2.69,0.207699493,0.219548453,0.415999466,9.867082871,0.063964709,0.315583259,0.496,7.192666501,2.230769231,1.375126442,0.703181889,1.0,0.0,0.0,8.621970973339991,8.658692754,2023-08-07
1670,1670,75,dominicks,7,1,2.09,0.207699493,0.219548453,0.415999466,9.867082871,0.063964709,0.315583259,0.496,7.192666501,2.230769231,1.375126442,0.703181889,1.0,0.0,0.0,8.777952609439994,8.691482577,2023-08-08
180,180,75,minute.maid,0,0,3.17,0.207699493,0.219548453,0.415999466,9.867082871,0.063964709,0.315583259,0.496,7.192666501,2.230769231,1.375126442,0.703181889,0.0,1.0,0.0,8.332392994299985,8.317766167,2023-08-01
332,332,75,minute.maid,1,1,1.99,0.207699493,0.219548453,0.415999466,9.867082871,0.063964709,0.315583259,0.496,7.192666501,2.230769231,1.375126442,0.703181889,0.0,1.0,0.0,10.73188067572999,10.75602879,2023-08-02
436,436,75,minute.maid,2,0,3.17,0.207699493,0.219548453,0.415999466,9.867082871,0.063964709,0.315583259,0.496,7.192666501,2.230769231,1.375126442,0.703181889,0.0,1.0,0.0,8.43263111502,8.462948177,2023-08-03
794,794,75,minute.maid,3,0,3.17,0.207699493,0.219548453,0.415999466,9.867082871,0.063964709,0.315583259,0.496,7.192666501,2.230769231,1.375126442,0.703181889,0.0,1.0,0.0,8.405641531839999,8.407378325,2023-08-04
907,907,75,minute.maid,4,1,2.59,0.207699493,0.219548453,0.415999466,9.867082871,0.063964709,0.315583259,0.496,7.192666501,2.230769231,1.375126442,0.703181889,0.0,1.0,0.0,10.339749975669989,10.41846455,2023-08-05
1300,1300,75,minute.maid,5,0,3.17,0.207699493,0.219548453,0.415999466,9.867082871,0.063964709,0.315583259,0.496,7.192666501,2.230769231,1.375126442,0.703181889,0.0,1.0,0.0,8.40968960555001,8.219326094,2023-08-06
1419,1419,75,minute.maid,6,0,3.17,0.207699493,0.219548453,0.415999466,9.867082871,0.063964709,0.315583259,0.496,7.192666501,2.230769231,1.375126442,0.703181889,0.0,1.0,0.0,8.939380397900008,9.071537969,2023-08-07
1659,1659,75,minute.maid,7,1,2.39,0.207699493,0.219548453,0.415999466,9.867082871,0.063964709,0.315583259,0.496,7.192666501,2.230769231,1.375126442,0.703181889,0.0,1.0,0.0,10.135548050809996,10.24792796,2023-08-08
181,181,119,dominicks,0,1,1.59,0.121574965,0.279952033,0.049584956,10.75271926,0.089350352,0.462266179,0.459405941,2.213790697,1.153846154,2.71959438,0.722367357,1.0,0.0,0.0,8.831243907130013,8.912473275,2023-08-01
331,331,119,dominicks,1,0,2.29,0.121574965,0.279952033,0.049584956,10.75271926,0.089350352,0.462266179,0.459405941,2.213790697,1.153846154,2.71959438,0.722367357,1.0,0.0,0.0,7.873536729729992,7.769800996,2023-08-02
453,453,119,dominicks,2,0,2.29,0.121574965,0.279952033,0.049584956,10.75271926,0.089350352,0.462266179,0.459405941,2.213790697,1.153846154,2.71959438,0.722367357,1.0,0.0,0.0,7.963867397780006,7.98752448,2023-08-03
796,796,119,dominicks,3,0,2.29,0.121574965,0.279952033,0.049584956,10.75271926,0.089350352,0.462266179,0.459405941,2.213790697,1.153846154,2.71959438,0.722367357,1.0,0.0,0.0,8.453227894179989,8.733594062,2023-08-04
963,963,119,dominicks,4,0,2.29,0.121574965,0.279952033,0.049584956,10.75271926,0.089350352,0.462266179,0.459405941,2.213790697,1.153846154,2.71959438,0.722367357,1.0,0.0,0.0,7.980351958719987,7.943072717,2023-08-05
1270,1270,119,dominicks,5,0,2.29,0.121574965,0.279952033,0.049584956,10.75271926,0.089350352,0.462266179,0.459405941,2.213790697,1.153846154,2.71959438,0.722367357,1.0,0.0,0.0,8.251148049629991,8.42156296,2023-08-06
1410,1410,119,dominicks,6,0,2.29,0.121574965,0.279952033,0.049584956,10.75271926,0.089350352,0.462266179,0.459405941,2.213790697,1.153846154,2.71959438,0.722367357,1.0,0.0,0.0,8.286525573370012,8.30201781,2023-08-07
1617,1617,119,dominicks,7,1,2.09,0.121574965,0.279952033,0.049584956,10.75271926,0.089350352,0.462266179,0.459405941,2.213790697,1.153846154,2.71959438,0.722367357,1.0,0.0,0.0,8.71196300199001,8.712759975,2023-08-08
184,184,73,dominicks,0,1,1.59,0.257450782,0.07305396,0.109213291,10.61496569,0.135340763,0.292748225,0.005144033,2.584605038,1.5,3.228630183,0.18318752,1.0,0.0,0.0,9.71266060744,9.967025573,2023-08-01
273,273,73,dominicks,1,0,2.29,0.257450782,0.07305396,0.109213291,10.61496569,0.135340763,0.292748225,0.005144033,2.584605038,1.5,3.228630183,0.18318752,1.0,0.0,0.0,9.018843968549998,9.049232212,2023-08-02
517,517,73,dominicks,2,0,2.29,0.257450782,0.07305396,0.109213291,10.61496569,0.135340763,0.292748225,0.005144033,2.584605038,1.5,3.228630183,0.18318752,1.0,0.0,0.0,9.003322306510002,9.034080407,2023-08-03
827,827,73,dominicks,3,0,2.29,0.257450782,0.07305396,0.109213291,10.61496569,0.135340763,0.292748225,0.005144033,2.584605038,1.5,3.228630183,0.18318752,1.0,0.0,0.0,8.890405300600008,8.877381955,2023-08-04
942,942,73,dominicks,4,0,2.29,0.257450782,0.07305396,0.109213291,10.61496569,0.135340763,0.292748225,0.005144033,2.584605038,1.5,3.228630183,0.18318752,1.0,0.0,0.0,8.896615071420012,8.929567708,2023-08-05
1128,1128,73,dominicks,5,0,2.29,0.257450782,0.07305396,0.109213291,10.61496569,0.135340763,0.292748225,0.005144033,2.584605038,1.5,3.228630183,0.18318752,1.0,0.0,0.0,9.011979491219993,9.078864009,2023-08-06
1522,1522,73,dominicks,6,0,2.29,0.257450782,0.07305396,0.109213291,10.61496569,0.135340763,0.292748225,0.005144033,2.584605038,1.5,3.228630183,0.18318752,1.0,0.0,0.0,8.986166439370004,8.929567708,2023-08-07
1628,1628,73,dominicks,7,1,2.09,0.257450782,0.07305396,0.109213291,10.61496569,0.135340763,0.292748225,0.005144033,2.584605038,1.5,3.228630183,0.18318752,1.0,0.0,0.0,9.30460978788999,9.317938383,2023-08-08
1806,1806,73,dominicks,8,0,2.09,0.257450782,0.07305396,0.109213291,10.61496569,0.135340763,0.292748225,0.005144033,2.584605038,1.5,3.228630183,0.18318752,1.0,0.0,0.0,9.135926005709988,9.30637756,2023-08-09
185,185,121,minute.maid,0,0,2.62,0.16358133,0.35061287,0.039173539,10.94992897,0.091693756,0.382304265,0.61086249,3.751225161,1.090909091,2.069345766,0.559533568,0.0,1.0,0.0,8.624421183990004,8.565602331,2023-08-01
272,272,121,minute.maid,1,1,1.99,0.16358133,0.35061287,0.039173539,10.94992897,0.091693756,0.382304265,0.61086249,3.751225161,1.090909091,2.069345766,0.559533568,0.0,1.0,0.0,10.548632682600012,10.46515837,2023-08-02
564,564,121,minute.maid,2,0,2.62,0.16358133,0.35061287,0.039173539,10.94992897,0.091693756,0.382304265,0.61086249,3.751225161,1.090909091,2.069345766,0.559533568,0.0,1.0,0.0,8.664202372359997,8.624791202,2023-08-03
832,832,121,minute.maid,3,0,2.62,0.16358133,0.35061287,0.039173539,10.94992897,0.091693756,0.382304265,0.61086249,3.751225161,1.090909091,2.069345766,0.559533568,0.0,1.0,0.0,8.830322735379987,8.895081532,2023-08-04
936,936,121,minute.maid,4,1,2.59,0.16358133,0.35061287,0.039173539,10.94992897,0.091693756,0.382304265,0.61086249,3.751225161,1.090909091,2.069345766,0.559533568,0.0,1.0,0.0,10.081363414440007,10.05328592,2023-08-05
1137,1137,121,minute.maid,5,0,2.62,0.16358133,0.35061287,0.039173539,10.94992897,0.091693756,0.382304265,0.61086249,3.751225161,1.090909091,2.069345766,0.559533568,0.0,1.0,0.0,8.925069965300004,8.946374826,2023-08-06
1314,1314,121,minute.maid,6,0,2.62,0.16358133,0.35061287,0.039173539,10.94992897,0.091693756,0.382304265,0.61086249,3.751225161,1.090909091,2.069345766,0.559533568,0.0,1.0,0.0,9.221981968709994,9.264828557,2023-08-07
1616,1616,121,minute.maid,7,1,2.39,0.16358133,0.35061287,0.039173539,10.94992897,0.091693756,0.382304265,0.61086249,3.751225161,1.090909091,2.069345766,0.559533568,0.0,1.0,0.0,9.97428420511001,10.01681624,2023-08-08
1861,1861,121,minute.maid,8,0,2.62,0.16358133,0.35061287,0.039173539,10.94992897,0.091693756,0.382304265,0.61086249,3.751225161,1.090909091,2.069345766,0.559533568,0.0,1.0,0.0,8.85355026161,8.812843434,2023-08-09
186,186,73,minute.maid,0,0,2.62,0.257450782,0.07305396,0.109213291,10.61496569,0.135340763,0.292748225,0.005144033,2.584605038,1.5,3.228630183,0.18318752,0.0,1.0,0.0,8.902246344740014,8.850230966,2023-08-01
264,264,73,minute.maid,1,1,1.99,0.257450782,0.07305396,0.109213291,10.61496569,0.135340763,0.292748225,0.005144033,2.584605038,1.5,3.228630183,0.18318752,0.0,1.0,0.0,11.061353684799997,10.96902553,2023-08-02
565,565,73,minute.maid,2,0,2.62,0.257450782,0.07305396,0.109213291,10.61496569,0.135340763,0.292748225,0.005144033,2.584605038,1.5,3.228630183,0.18318752,0.0,1.0,0.0,8.959226783720013,8.921057018,2023-08-03
834,834,73,minute.maid,3,0,2.62,0.257450782,0.07305396,0.109213291,10.61496569,0.135340763,0.292748225,0.005144033,2.584605038,1.5,3.228630183,0.18318752,0.0,1.0,0.0,9.074188430570004,9.162829389,2023-08-04
930,930,73,minute.maid,4,1,2.59,0.257450782,0.07305396,0.109213291,10.61496569,0.135340763,0.292748225,0.005144033,2.584605038,1.5,3.228630183,0.18318752,0.0,1.0,0.0,10.542524651379992,10.65263692,2023-08-05
1141,1141,73,minute.maid,5,0,2.62,0.257450782,0.07305396,0.109213291,10.61496569,0.135340763,0.292748225,0.005144033,2.584605038,1.5,3.228630183,0.18318752,0.0,1.0,0.0,8.981690015750006,8.946374826,2023-08-06
1309,1309,73,minute.maid,6,0,2.62,0.257450782,0.07305396,0.109213291,10.61496569,0.135340763,0.292748225,0.005144033,2.584605038,1.5,3.228630183,0.18318752,0.0,1.0,0.0,9.10476289876001,9.121727714,2023-08-07
1582,1582,73,minute.maid,7,1,2.39,0.257450782,0.07305396,0.109213291,10.61496569,0.135340763,0.292748225,0.005144033,2.584605038,1.5,3.228630183,0.18318752,0.0,1.0,0.0,10.268451228220004,10.3368272,2023-08-08
1812,1812,73,minute.maid,8,0,2.62,0.257450782,0.07305396,0.109213291,10.61496569,0.135340763,0.292748225,0.005144033,2.584605038,1.5,3.228630183,0.18318752,0.0,1.0,0.0,8.730219852650016,8.66974259,2023-08-09
190,190,81,minute.maid,0,0,2.99,0.181118938,0.234201612,0.073961623,10.71993585,0.088337065,0.42954279,0.478846154,3.768907476,0.791666667,1.132215571,0.379390304,0.0,1.0,0.0,8.562582558430002,8.51559191,2023-08-01
267,267,81,minute.maid,1,1,1.99,0.181118938,0.234201612,0.073961623,10.71993585,0.088337065,0.42954279,0.478846154,3.768907476,0.791666667,1.132215571,0.379390304,0.0,1.0,0.0,10.89789288639999,10.90176372,2023-08-02
537,537,81,minute.maid,2,0,2.99,0.181118938,0.234201612,0.073961623,10.71993585,0.088337065,0.42954279,0.478846154,3.768907476,0.791666667,1.132215571,0.379390304,0.0,1.0,0.0,8.714527623469989,8.733594062,2023-08-03
626,626,81,minute.maid,3,0,2.99,0.181118938,0.234201612,0.073961623,10.71993585,0.088337065,0.42954279,0.478846154,3.768907476,0.791666667,1.132215571,0.379390304,0.0,1.0,0.0,8.795598362120002,8.877381955,2023-08-04
1060,1060,81,minute.maid,4,1,2.59,0.181118938,0.234201612,0.073961623,10.71993585,0.088337065,0.42954279,0.478846154,3.768907476,0.791666667,1.132215571,0.379390304,0.0,1.0,0.0,10.503629076079994,10.63739273,2023-08-05
1273,1273,81,minute.maid,5,0,2.99,0.181118938,0.234201612,0.073961623,10.71993585,0.088337065,0.42954279,0.478846154,3.768907476,0.791666667,1.132215571,0.379390304,0.0,1.0,0.0,8.601730829030004,8.51559191,2023-08-06
1390,1390,81,minute.maid,6,0,2.99,0.181118938,0.234201612,0.073961623,10.71993585,0.088337065,0.42954279,0.478846154,3.768907476,0.791666667,1.132215571,0.379390304,0.0,1.0,0.0,9.29267358000999,9.442086812,2023-08-07
1580,1580,81,minute.maid,7,1,2.39,0.181118938,0.234201612,0.073961623,10.71993585,0.088337065,0.42954279,0.478846154,3.768907476,0.791666667,1.132215571,0.379390304,0.0,1.0,0.0,10.209473511220008,10.20151592,2023-08-08
191,191,90,minute.maid,0,0,2.99,0.225219573,0.050193454,0.268367489,10.5046565,0.124328331,0.244462674,0.005700872,12.84014961,2.461538462,4.107901798,0.370342571,0.0,1.0,0.0,8.06559151347999,8.129174997,2023-08-01
233,233,90,minute.maid,1,1,1.99,0.225219573,0.050193454,0.268367489,10.5046565,0.124328331,0.244462674,0.005700872,12.84014961,2.461538462,4.107901798,0.370342571,0.0,1.0,0.0,10.751275072099986,10.75739211,2023-08-02
539,539,90,minute.maid,2,0,2.99,0.225219573,0.050193454,0.268367489,10.5046565,0.124328331,0.244462674,0.005700872,12.84014961,2.461538462,4.107901798,0.370342571,0.0,1.0,0.0,8.049319886209991,7.965545573,2023-08-03
742,742,90,minute.maid,3,0,2.99,0.225219573,0.050193454,0.268367489,10.5046565,0.124328331,0.244462674,0.005700872,12.84014961,2.461538462,4.107901798,0.370342571,0.0,1.0,0.0,8.066653833920002,8.14786713,2023-08-04
914,914,90,minute.maid,4,1,2.59,0.225219573,0.050193454,0.268367489,10.5046565,0.124328331,0.244462674,0.005700872,12.84014961,2.461538462,4.107901798,0.370342571,0.0,1.0,0.0,10.190252847130004,10.32009041,2023-08-05
1184,1184,90,minute.maid,5,0,2.99,0.225219573,0.050193454,0.268367489,10.5046565,0.124328331,0.244462674,0.005700872,12.84014961,2.461538462,4.107901798,0.370342571,0.0,1.0,0.0,7.828416070659994,7.714231145,2023-08-06
1498,1498,90,minute.maid,6,0,2.99,0.225219573,0.050193454,0.268367489,10.5046565,0.124328331,0.244462674,0.005700872,12.84014961,2.461538462,4.107901798,0.370342571,0.0,1.0,0.0,8.02225233565,8.030084094,2023-08-07
1623,1623,90,minute.maid,7,1,2.39,0.225219573,0.050193454,0.268367489,10.5046565,0.124328331,0.244462674,0.005700872,12.84014961,2.461538462,4.107901798,0.370342571,0.0,1.0,0.0,9.846358418929986,9.742379392,2023-08-08
192,192,116,tropicana,0,0,3.19,0.18817339,0.259224748,0.033137058,10.69711335,0.117657192,0.35563513,0.308160505,3.215079635,1.666666667,1.55776418,0.812883335,0.0,0.0,1.0,8.433824858539998,8.378390789,2023-08-01
220,220,116,tropicana,1,0,3.19,0.18817339,0.259224748,0.033137058,10.69711335,0.117657192,0.35563513,0.308160505,3.215079635,1.666666667,1.55776418,0.812883335,0.0,0.0,1.0,8.44692578351999,8.435549202,2023-08-02
571,571,116,tropicana,2,0,3.19,0.18817339,0.259224748,0.033137058,10.69711335,0.117657192,0.35563513,0.308160505,3.215079635,1.666666667,1.55776418,0.812883335,0.0,0.0,1.0,8.662231429989992,8.723231275,2023-08-03
743,743,116,tropicana,3,0,3.19,0.18817339,0.259224748,0.033137058,10.69711335,0.117657192,0.35563513,0.308160505,3.215079635,1.666666667,1.55776418,0.812883335,0.0,0.0,1.0,8.598153314069988,8.577723691,2023-08-04
918,918,116,tropicana,4,0,3.19,0.18817339,0.259224748,0.033137058,10.69711335,0.117657192,0.35563513,0.308160505,3.215079635,1.666666667,1.55776418,0.812883335,0.0,0.0,1.0,8.532776775889992,8.540909718,2023-08-05
1173,1173,116,tropicana,5,0,3.66,0.18817339,0.259224748,0.033137058,10.69711335,0.117657192,0.35563513,0.308160505,3.215079635,1.666666667,1.55776418,0.812883335,0.0,0.0,1.0,8.538006680109996,8.589699882,2023-08-06
1471,1471,116,tropicana,6,0,3.66,0.18817339,0.259224748,0.033137058,10.69711335,0.117657192,0.35563513,0.308160505,3.215079635,1.666666667,1.55776418,0.812883335,0.0,0.0,1.0,8.438585393360006,8.363575703,2023-08-07
1607,1607,116,tropicana,7,0,3.66,0.18817339,0.259224748,0.033137058,10.69711335,0.117657192,0.35563513,0.308160505,3.215079635,1.666666667,1.55776418,0.812883335,0.0,0.0,1.0,8.586146568239997,8.723231275,2023-08-08
