diagnostics-ingestion-python-sdk/background_data_df.csv
,index,store,brand,week,feat,price,AGE60,EDUC,ETHNIC,INCOME,HHLARGE,WORKWOM,HVAL150,SSTRDIST,SSTRVOL,CPDIST5,CPWVOL5,brand_dominicks,brand_minute.maid,brand_tropicana,score,logmove,datetime
194,194,89,dominicks,0,1,1.59,0.205811359,0.053349435,0.353053696,10.30811898,0.158335448,0.297890415,0.00250941,7.139074251,1.526315789,1.734594238,0.232061895,1.0,0.0,0.0,9.226914878070012,9.258749511,2023-08-01
232,232,89,dominicks,1,0,2.49,0.205811359,0.053349435,0.353053696,10.30811898,0.158335448,0.297890415,0.00250941,7.139074251,1.526315789,1.734594238,0.232061895,1.0,0.0,0.0,7.883009599370006,7.896552702,2023-08-02
614,614,89,dominicks,2,0,2.49,0.205811359,0.053349435,0.353053696,10.30811898,0.158335448,0.297890415,0.00250941,7.139074251,1.526315789,1.734594238,0.232061895,1.0,0.0,0.0,7.841145449160006,7.796469243,2023-08-03
749,749,89,dominicks,3,0,2.49,0.205811359,0.053349435,0.353053696,10.30811898,0.158335448,0.297890415,0.00250941,7.139074251,1.526315789,1.734594238,0.232061895,1.0,0.0,0.0,8.22204412830001,8.363575703,2023-08-04
977,977,89,dominicks,4,0,2.49,0.205811359,0.053349435,0.353053696,10.30811898,0.158335448,0.297890415,0.00250941,7.139074251,1.526315789,1.734594238,0.232061895,1.0,0.0,0.0,7.863294275170006,7.796469243,2023-08-05
1096,1096,89,dominicks,5,0,2.49,0.205811359,0.053349435,0.353053696,10.30811898,0.158335448,0.297890415,0.00250941,7.139074251,1.526315789,1.734594238,0.232061895,1.0,0.0,0.0,7.469174521259996,7.294377299,2023-08-06
1529,1529,89,dominicks,6,0,2.49,0.205811359,0.053349435,0.353053696,10.30811898,0.158335448,0.297890415,0.00250941,7.139074251,1.526315789,1.734594238,0.232061895,1.0,0.0,0.0,8.277956181679995,8.333270353,2023-08-07
1589,1589,89,dominicks,7,1,2.09,0.205811359,0.053349435,0.353053696,10.30811898,0.158335448,0.297890415,0.00250941,7.139074251,1.526315789,1.734594238,0.232061895,1.0,0.0,0.0,8.969023799740011,8.929567708,2023-08-08
1777,1777,89,dominicks,8,0,2.09,0.205811359,0.053349435,0.353053696,10.30811898,0.158335448,0.297890415,0.00250941,7.139074251,1.526315789,1.734594238,0.232061895,1.0,0.0,0.0,8.482522931530006,8.712759975,2023-08-09
195,195,89,minute.maid,0,0,2.99,0.205811359,0.053349435,0.353053696,10.30811898,0.158335448,0.297890415,0.00250941,7.139074251,1.526315789,1.734594238,0.232061895,0.0,1.0,0.0,8.060722147910003,7.920083199,2023-08-01
239,239,89,minute.maid,1,1,1.99,0.205811359,0.053349435,0.353053696,10.30811898,0.158335448,0.297890415,0.00250941,7.139074251,1.526315789,1.734594238,0.232061895,0.0,1.0,0.0,10.789350466699998,10.86329744,2023-08-02
577,577,89,minute.maid,2,0,2.99,0.205811359,0.053349435,0.353053696,10.30811898,0.158335448,0.297890415,0.00250941,7.139074251,1.526315789,1.734594238,0.232061895,0.0,1.0,0.0,8.256815792030002,8.269756948,2023-08-03
750,750,89,minute.maid,3,0,2.99,0.205811359,0.053349435,0.353053696,10.30811898,0.158335448,0.297890415,0.00250941,7.139074251,1.526315789,1.734594238,0.232061895,0.0,1.0,0.0,8.317363085009994,8.392989588,2023-08-04
980,980,89,minute.maid,4,1,2.59,0.205811359,0.053349435,0.353053696,10.30811898,0.158335448,0.297890415,0.00250941,7.139074251,1.526315789,1.734594238,0.232061895,0.0,1.0,0.0,10.160264164819983,10.04776104,2023-08-05
1099,1099,89,minute.maid,5,0,2.99,0.205811359,0.053349435,0.353053696,10.30811898,0.158335448,0.297890415,0.00250941,7.139074251,1.526315789,1.734594238,0.232061895,0.0,1.0,0.0,8.034891895930008,7.796469243,2023-08-06
1531,1531,89,minute.maid,6,0,2.99,0.205811359,0.053349435,0.353053696,10.30811898,0.158335448,0.297890415,0.00250941,7.139074251,1.526315789,1.734594238,0.232061895,0.0,1.0,0.0,8.767312351850002,9.00307017,2023-08-07
1590,1590,89,minute.maid,7,1,2.39,0.205811359,0.053349435,0.353053696,10.30811898,0.158335448,0.297890415,0.00250941,7.139074251,1.526315789,1.734594238,0.232061895,0.0,1.0,0.0,9.89336692736,9.786504197,2023-08-08
1786,1786,89,minute.maid,8,0,2.99,0.205811359,0.053349435,0.353053696,10.30811898,0.158335448,0.297890415,0.00250941,7.139074251,1.526315789,1.734594238,0.232061895,0.0,1.0,0.0,8.085515349939994,7.847762538,2023-08-09
196,196,116,minute.maid,0,0,2.62,0.18817339,0.259224748,0.033137058,10.69711335,0.117657192,0.35563513,0.308160505,3.215079635,1.666666667,1.55776418,0.812883335,0.0,1.0,0.0,8.052936304759989,7.943072717,2023-08-01
240,240,116,minute.maid,1,1,1.99,0.18817339,0.259224748,0.033137058,10.69711335,0.117657192,0.35563513,0.308160505,3.215079635,1.666666667,1.55776418,0.812883335,0.0,1.0,0.0,10.237429836460011,10.18956834,2023-08-02
580,580,116,minute.maid,2,0,2.62,0.18817339,0.259224748,0.033137058,10.69711335,0.117657192,0.35563513,0.308160505,3.215079635,1.666666667,1.55776418,0.812883335,0.0,1.0,0.0,8.258079234149996,8.333270353,2023-08-03
752,752,116,minute.maid,3,0,2.62,0.18817339,0.259224748,0.033137058,10.69711335,0.117657192,0.35563513,0.308160505,3.215079635,1.666666667,1.55776418,0.812883335,0.0,1.0,0.0,8.232252698460007,8.219326094,2023-08-04
986,986,116,minute.maid,4,1,2.59,0.18817339,0.259224748,0.033137058,10.69711335,0.117657192,0.35563513,0.308160505,3.215079635,1.666666667,1.55776418,0.812883335,0.0,1.0,0.0,9.808867788310012,9.734832187,2023-08-05
1101,1101,116,minute.maid,5,0,2.99,0.18817339,0.259224748,0.033137058,10.69711335,0.117657192,0.35563513,0.308160505,3.215079635,1.666666667,1.55776418,0.812883335,0.0,1.0,0.0,8.067407180709997,8.009030685,2023-08-06
1510,1510,116,minute.maid,6,0,2.99,0.18817339,0.259224748,0.033137058,10.69711335,0.117657192,0.35563513,0.308160505,3.215079635,1.666666667,1.55776418,0.812883335,0.0,1.0,0.0,8.177583830840005,8.030084094,2023-08-07
1596,1596,116,minute.maid,7,1,2.39,0.18817339,0.259224748,0.033137058,10.69711335,0.117657192,0.35563513,0.308160505,3.215079635,1.666666667,1.55776418,0.812883335,0.0,1.0,0.0,9.545430578169988,9.442086812,2023-08-08
1851,1851,116,minute.maid,8,0,2.99,0.18817339,0.259224748,0.033137058,10.69711335,0.117657192,0.35563513,0.308160505,3.215079635,1.666666667,1.55776418,0.812883335,0.0,1.0,0.0,8.056717191049996,8.110126802,2023-08-09
198,198,88,dominicks,0,1,1.59,0.160414212,0.15163275,0.142928009,10.54980515,0.13516767,0.401899961,0.18957346,4.981954638,1.6,2.087538672,0.489796498,1.0,0.0,0.0,8.59564955597,8.60153434,2023-08-01
326,326,88,dominicks,1,0,2.49,0.160414212,0.15163275,0.142928009,10.54980515,0.13516767,0.401899961,0.18957346,4.981954638,1.6,2.087538672,0.489796498,1.0,0.0,0.0,7.621584873489997,7.526178913,2023-08-02
441,441,88,dominicks,2,0,2.49,0.160414212,0.15163275,0.142928009,10.54980515,0.13516767,0.401899961,0.18957346,4.981954638,1.6,2.087538672,0.489796498,1.0,0.0,0.0,7.734039325619994,7.847762538,2023-08-03
761,761,88,dominicks,3,0,2.49,0.160414212,0.15163275,0.142928009,10.54980515,0.13516767,0.401899961,0.18957346,4.981954638,1.6,2.087538672,0.489796498,1.0,0.0,0.0,8.034180550540007,8.030084094,2023-08-04
961,961,88,dominicks,4,0,2.49,0.160414212,0.15163275,0.142928009,10.54980515,0.13516767,0.401899961,0.18957346,4.981954638,1.6,2.087538672,0.489796498,1.0,0.0,0.0,7.417350817190005,7.454719949,2023-08-05
1274,1274,88,dominicks,5,0,2.49,0.160414212,0.15163275,0.142928009,10.54980515,0.13516767,0.401899961,0.18957346,4.981954638,1.6,2.087538672,0.489796498,1.0,0.0,0.0,7.039492075979996,6.797940413,2023-08-06
1407,1407,88,dominicks,6,0,2.49,0.160414212,0.15163275,0.142928009,10.54980515,0.13516767,0.401899961,0.18957346,4.981954638,1.6,2.087538672,0.489796498,1.0,0.0,0.0,8.143019212089987,8.236420527,2023-08-07
1603,1603,88,dominicks,7,1,2.09,0.160414212,0.15163275,0.142928009,10.54980515,0.13516767,0.401899961,0.18957346,4.981954638,1.6,2.087538672,0.489796498,1.0,0.0,0.0,8.420197297350002,8.269756948,2023-08-08
1833,1833,88,dominicks,8,0,2.09,0.160414212,0.15163275,0.142928009,10.54980515,0.13516767,0.401899961,0.18957346,4.981954638,1.6,2.087538672,0.489796498,1.0,0.0,0.0,7.8343559467400095,7.796469243,2023-08-09
199,199,116,dominicks,0,1,1.59,0.18817339,0.259224748,0.033137058,10.69711335,0.117657192,0.35563513,0.308160505,3.215079635,1.666666667,1.55776418,0.812883335,1.0,0.0,0.0,9.00708497521001,9.114710141,2023-08-01
327,327,116,dominicks,1,0,2.29,0.18817339,0.259224748,0.033137058,10.69711335,0.117657192,0.35563513,0.308160505,3.215079635,1.666666667,1.55776418,0.812883335,1.0,0.0,0.0,7.96156163367001,7.98752448,2023-08-02
443,443,116,dominicks,2,0,2.29,0.18817339,0.259224748,0.033137058,10.69711335,0.117657192,0.35563513,0.308160505,3.215079635,1.666666667,1.55776418,0.812883335,1.0,0.0,0.0,7.971226092860007,8.030084094,2023-08-03
709,709,116,dominicks,3,0,2.29,0.18817339,0.259224748,0.033137058,10.69711335,0.117657192,0.35563513,0.308160505,3.215079635,1.666666667,1.55776418,0.812883335,1.0,0.0,0.0,8.10846541298,8.090708716,2023-08-04
869,869,116,dominicks,4,0,2.29,0.18817339,0.259224748,0.033137058,10.69711335,0.117657192,0.35563513,0.308160505,3.215079635,1.666666667,1.55776418,0.812883335,1.0,0.0,0.0,7.84351059654001,7.796469243,2023-08-05
1292,1292,116,dominicks,5,0,2.49,0.18817339,0.259224748,0.033137058,10.69711335,0.117657192,0.35563513,0.308160505,3.215079635,1.666666667,1.55776418,0.812883335,1.0,0.0,0.0,7.922823599290004,8.14786713,2023-08-06
1383,1383,116,dominicks,6,0,2.49,0.18817339,0.259224748,0.033137058,10.69711335,0.117657192,0.35563513,0.308160505,3.215079635,1.666666667,1.55776418,0.812883335,1.0,0.0,0.0,8.477417564280003,8.68067166,2023-08-07
1663,1663,116,dominicks,7,1,2.09,0.18817339,0.259224748,0.033137058,10.69711335,0.117657192,0.35563513,0.308160505,3.215079635,1.666666667,1.55776418,0.812883335,1.0,0.0,0.0,8.756237784699996,8.723231275,2023-08-08
1813,1813,116,dominicks,8,0,2.09,0.18817339,0.259224748,0.033137058,10.69711335,0.117657192,0.35563513,0.308160505,3.215079635,1.666666667,1.55776418,0.812883335,1.0,0.0,0.0,8.170491286250005,8.378390789,2023-08-09
200,200,88,minute.maid,0,0,2.99,0.160414212,0.15163275,0.142928009,10.54980515,0.13516767,0.401899961,0.18957346,4.981954638,1.6,2.087538672,0.489796498,0.0,1.0,0.0,8.277905881929986,8.317766167,2023-08-01
334,334,88,minute.maid,1,1,1.99,0.160414212,0.15163275,0.142928009,10.54980515,0.13516767,0.401899961,0.18957346,4.981954638,1.6,2.087538672,0.489796498,0.0,1.0,0.0,10.455836213639987,10.45783233,2023-08-02
448,448,88,minute.maid,2,0,2.99,0.160414212,0.15163275,0.142928009,10.54980515,0.13516767,0.401899961,0.18957346,4.981954638,1.6,2.087538672,0.489796498,0.0,1.0,0.0,8.205765664959989,8.201934351,2023-08-03
733,733,88,minute.maid,3,0,2.99,0.160414212,0.15163275,0.142928009,10.54980515,0.13516767,0.401899961,0.18957346,4.981954638,1.6,2.087538672,0.489796498,0.0,1.0,0.0,8.232205056989987,8.236420527,2023-08-04
905,905,88,minute.maid,4,1,2.59,0.160414212,0.15163275,0.142928009,10.54980515,0.13516767,0.401899961,0.18957346,4.981954638,1.6,2.087538672,0.489796498,0.0,1.0,0.0,10.047925524960004,10.12502982,2023-08-05
1294,1294,88,minute.maid,5,0,2.99,0.160414212,0.15163275,0.142928009,10.54980515,0.13516767,0.401899961,0.18957346,4.981954638,1.6,2.087538672,0.489796498,0.0,1.0,0.0,8.13277603864001,8.050703382,2023-08-06
1418,1418,88,minute.maid,6,0,2.99,0.160414212,0.15163275,0.142928009,10.54980515,0.13516767,0.401899961,0.18957346,4.981954638,1.6,2.087538672,0.489796498,0.0,1.0,0.0,8.72650382780999,8.895081532,2023-08-07
1657,1657,88,minute.maid,7,1,2.39,0.160414212,0.15163275,0.142928009,10.54980515,0.13516767,0.401899961,0.18957346,4.981954638,1.6,2.087538672,0.489796498,0.0,1.0,0.0,9.832008477319992,9.839055692,2023-08-08
1834,1834,88,minute.maid,8,0,2.99,0.160414212,0.15163275,0.142928009,10.54980515,0.13516767,0.401899961,0.18957346,4.981954638,1.6,2.087538672,0.489796498,0.0,1.0,0.0,8.105286687699992,7.965545573,2023-08-09
203,203,86,dominicks,0,1,1.59,0.138756374,0.096763919,0.427866425,10.08897077,0.118656482,0.293206793,0.21005386,2.038235325,0.952380952,1.165745204,0.460779411,1.0,0.0,0.0,9.295489500300016,9.601300794,2023-08-01
352,352,86,dominicks,1,0,2.29,0.138756374,0.096763919,0.427866425,10.08897077,0.118656482,0.293206793,0.21005386,2.038235325,0.952380952,1.165745204,0.460779411,1.0,0.0,0.0,7.331436880180003,7.249925537,2023-08-02
490,490,86,dominicks,2,0,2.29,0.138756374,0.096763919,0.427866425,10.08897077,0.118656482,0.293206793,0.21005386,2.038235325,0.952380952,1.165745204,0.460779411,1.0,0.0,0.0,7.435298811820005,7.454719949,2023-08-03
714,714,86,dominicks,3,0,2.29,0.138756374,0.096763919,0.427866425,10.08897077,0.118656482,0.293206793,0.21005386,2.038235325,0.952380952,1.165745204,0.460779411,1.0,0.0,0.0,7.599577078130012,7.560080465,2023-08-04
890,890,86,dominicks,4,0,2.29,0.138756374,0.096763919,0.427866425,10.08897077,0.118656482,0.293206793,0.21005386,2.038235325,0.952380952,1.165745204,0.460779411,1.0,0.0,0.0,7.603299625630013,7.560080465,2023-08-05
1206,1206,86,dominicks,5,0,2.29,0.138756374,0.096763919,0.427866425,10.08897077,0.118656482,0.293206793,0.21005386,2.038235325,0.952380952,1.165745204,0.460779411,1.0,0.0,0.0,7.834090663160005,8.009030685,2023-08-06
1392,1392,86,dominicks,6,0,2.29,0.138756374,0.096763919,0.427866425,10.08897077,0.118656482,0.293206793,0.21005386,2.038235325,0.952380952,1.165745204,0.460779411,1.0,0.0,0.0,7.8632667012500095,7.796469243,2023-08-07
1667,1667,86,dominicks,7,1,2.09,0.138756374,0.096763919,0.427866425,10.08897077,0.118656482,0.293206793,0.21005386,2.038235325,0.952380952,1.165745204,0.460779411,1.0,0.0,0.0,8.589644881529997,8.333270353,2023-08-08
1856,1856,86,dominicks,8,0,2.09,0.138756374,0.096763919,0.427866425,10.08897077,0.118656482,0.293206793,0.21005386,2.038235325,0.952380952,1.165745204,0.460779411,1.0,0.0,0.0,7.7279979601700015,7.82244473,2023-08-09
204,204,86,minute.maid,0,0,2.62,0.138756374,0.096763919,0.427866425,10.08897077,0.118656482,0.293206793,0.21005386,2.038235325,0.952380952,1.165745204,0.460779411,0.0,1.0,0.0,8.22292366086001,8.219326094,2023-08-01
291,291,86,minute.maid,1,1,1.99,0.138756374,0.096763919,0.427866425,10.08897077,0.118656482,0.293206793,0.21005386,2.038235325,0.952380952,1.165745204,0.460779411,0.0,1.0,0.0,10.695495526529994,10.73535265,2023-08-02
510,510,86,minute.maid,2,0,2.62,0.138756374,0.096763919,0.427866425,10.08897077,0.118656482,0.293206793,0.21005386,2.038235325,0.952380952,1.165745204,0.460779411,0.0,1.0,0.0,8.210681355719995,8.110126802,2023-08-03
719,719,86,minute.maid,3,0,2.62,0.138756374,0.096763919,0.427866425,10.08897077,0.118656482,0.293206793,0.21005386,2.038235325,0.952380952,1.165745204,0.460779411,0.0,1.0,0.0,8.350060265650006,8.462948177,2023-08-04
878,878,86,minute.maid,4,1,2.59,0.138756374,0.096763919,0.427866425,10.08897077,0.118656482,0.293206793,0.21005386,2.038235325,0.952380952,1.165745204,0.460779411,0.0,1.0,0.0,10.16723137507998,10.21332243,2023-08-05
1240,1240,86,minute.maid,5,0,2.62,0.138756374,0.096763919,0.427866425,10.08897077,0.118656482,0.293206793,0.21005386,2.038235325,0.952380952,1.165745204,0.460779411,0.0,1.0,0.0,8.30749492887001,8.219326094,2023-08-06
1447,1447,86,minute.maid,6,0,2.62,0.138756374,0.096763919,0.427866425,10.08897077,0.118656482,0.293206793,0.21005386,2.038235325,0.952380952,1.165745204,0.460779411,0.0,1.0,0.0,8.525117440259999,8.624791202,2023-08-07
1655,1655,86,minute.maid,7,1,2.39,0.138756374,0.096763919,0.427866425,10.08897077,0.118656482,0.293206793,0.21005386,2.038235325,0.952380952,1.165745204,0.460779411,0.0,1.0,0.0,9.793940996199993,9.631153757,2023-08-08
1799,1799,86,minute.maid,8,0,2.62,0.138756374,0.096763919,0.427866425,10.08897077,0.118656482,0.293206793,0.21005386,2.038235325,0.952380952,1.165745204,0.460779411,0.0,1.0,0.0,8.275580371240007,8.253227646,2023-08-09
206,206,84,dominicks,0,1,1.59,0.122100005,0.188094318,0.02963639,10.76561773,0.161592506,0.346358237,0.491441083,0.966161669,1.684210526,1.582358998,0.618634025,1.0,0.0,0.0,8.285076111549994,7.592870288,2023-08-01
304,304,84,dominicks,1,0,2.49,0.122100005,0.188094318,0.02963639,10.76561773,0.161592506,0.346358237,0.491441083,0.966161669,1.684210526,1.582358998,0.618634025,1.0,0.0,0.0,8.01827273426001,7.98752448,2023-08-02
498,498,84,dominicks,2,0,2.49,0.122100005,0.188094318,0.02963639,10.76561773,0.161592506,0.346358237,0.491441083,0.966161669,1.684210526,1.582358998,0.618634025,1.0,0.0,0.0,8.189302218840009,8.363575703,2023-08-03
727,727,84,dominicks,3,0,2.49,0.122100005,0.188094318,0.02963639,10.76561773,0.161592506,0.346358237,0.491441083,0.966161669,1.684210526,1.582358998,0.618634025,1.0,0.0,0.0,8.355231592260012,8.449342525,2023-08-04
902,902,84,dominicks,4,0,2.49,0.122100005,0.188094318,0.02963639,10.76561773,0.161592506,0.346358237,0.491441083,0.966161669,1.684210526,1.582358998,0.618634025,1.0,0.0,0.0,7.461251414539999,7.249925537,2023-08-05
1289,1289,84,dominicks,5,0,2.49,0.122100005,0.188094318,0.02963639,10.76561773,0.161592506,0.346358237,0.491441083,0.966161669,1.684210526,1.582358998,0.618634025,1.0,0.0,0.0,7.351081288209994,7.049254841,2023-08-06
1433,1433,84,dominicks,6,0,2.49,0.122100005,0.188094318,0.02963639,10.76561773,0.161592506,0.346358237,0.491441083,0.966161669,1.684210526,1.582358998,0.618634025,1.0,0.0,0.0,8.500754971790002,8.743850562,2023-08-07
1642,1642,84,dominicks,7,1,2.09,0.122100005,0.188094318,0.02963639,10.76561773,0.161592506,0.346358237,0.491441083,0.966161669,1.684210526,1.582358998,0.618634025,1.0,0.0,0.0,8.573703500329987,8.647519453,2023-08-08
