diagnostics-ingestion-python-sdk/background_data_df.csv
,index,store,brand,week,feat,price,AGE60,EDUC,ETHNIC,INCOME,HHLARGE,WORKWOM,HVAL150,SSTRDIST,SSTRVOL,CPDIST5,CPWVOL5,brand_dominicks,brand_minute.maid,brand_tropicana,score,logmove,datetime
207,207,84,minute.maid,0,0,2.99,0.122100005,0.188094318,0.02963639,10.76561773,0.161592506,0.346358237,0.491441083,0.966161669,1.684210526,1.582358998,0.618634025,0.0,1.0,0.0,8.39248589064001,8.253227646,2023-08-01
307,307,84,minute.maid,1,1,1.99,0.122100005,0.188094318,0.02963639,10.76561773,0.161592506,0.346358237,0.491441083,0.966161669,1.684210526,1.582358998,0.618634025,0.0,1.0,0.0,10.28440193678,9.967025573,2023-08-02
431,431,84,minute.maid,2,0,2.99,0.122100005,0.188094318,0.02963639,10.76561773,0.161592506,0.346358237,0.491441083,0.966161669,1.684210526,1.582358998,0.618634025,0.0,1.0,0.0,8.687738964549988,8.733594062,2023-08-03
729,729,84,minute.maid,3,0,2.99,0.122100005,0.188094318,0.02963639,10.76561773,0.161592506,0.346358237,0.491441083,0.966161669,1.684210526,1.582358998,0.618634025,0.0,1.0,0.0,8.690359263249992,8.764053269,2023-08-04
854,854,84,minute.maid,4,1,2.59,0.122100005,0.188094318,0.02963639,10.76561773,0.161592506,0.346358237,0.491441083,0.966161669,1.684210526,1.582358998,0.618634025,0.0,1.0,0.0,10.24981678400999,10.40110635,2023-08-05
1257,1257,84,minute.maid,5,0,2.99,0.122100005,0.188094318,0.02963639,10.76561773,0.161592506,0.346358237,0.491441083,0.966161669,1.684210526,1.582358998,0.618634025,0.0,1.0,0.0,8.498585108899993,8.42156296,2023-08-06
1426,1426,84,minute.maid,6,0,2.99,0.122100005,0.188094318,0.02963639,10.76561773,0.161592506,0.346358237,0.491441083,0.966161669,1.684210526,1.582358998,0.618634025,0.0,1.0,0.0,8.909510855190002,9.00307017,2023-08-07
1645,1645,84,minute.maid,7,1,2.39,0.122100005,0.188094318,0.02963639,10.76561773,0.161592506,0.346358237,0.491441083,0.966161669,1.684210526,1.582358998,0.618634025,0.0,1.0,0.0,9.944442405119984,9.936535407,2023-08-08
208,208,117,minute.maid,0,0,2.99,0.110102729,0.249083542,0.049851894,10.76096203,0.106357795,0.439136251,0.352834113,3.434272274,1.4,1.849425028,0.498380462,0.0,1.0,0.0,8.067198274059988,8.166216269,2023-08-01
308,308,117,minute.maid,1,1,1.99,0.110102729,0.249083542,0.049851894,10.76096203,0.106357795,0.439136251,0.352834113,3.434272274,1.4,1.849425028,0.498380462,0.0,1.0,0.0,10.149924330740012,10.19436452,2023-08-02
421,421,117,minute.maid,2,0,2.99,0.110102729,0.249083542,0.049851894,10.76096203,0.106357795,0.439136251,0.352834113,3.434272274,1.4,1.849425028,0.498380462,0.0,1.0,0.0,7.820767437609987,7.624618986,2023-08-03
730,730,117,minute.maid,3,0,2.99,0.110102729,0.249083542,0.049851894,10.76096203,0.106357795,0.439136251,0.352834113,3.434272274,1.4,1.849425028,0.498380462,0.0,1.0,0.0,8.028333979689988,8.166216269,2023-08-04
873,873,117,minute.maid,4,1,2.59,0.110102729,0.249083542,0.049851894,10.76096203,0.106357795,0.439136251,0.352834113,3.434272274,1.4,1.849425028,0.498380462,0.0,1.0,0.0,9.884691886290003,9.872615889,2023-08-05
1282,1282,117,minute.maid,5,0,2.99,0.110102729,0.249083542,0.049851894,10.76096203,0.106357795,0.439136251,0.352834113,3.434272274,1.4,1.849425028,0.498380462,0.0,1.0,0.0,8.107795904829997,8.070906089,2023-08-06
1428,1428,117,minute.maid,6,0,2.99,0.110102729,0.249083542,0.049851894,10.76096203,0.106357795,0.439136251,0.352834113,3.434272274,1.4,1.849425028,0.498380462,0.0,1.0,0.0,8.32328773827999,8.236420527,2023-08-07
1646,1646,117,minute.maid,7,1,2.39,0.110102729,0.249083542,0.049851894,10.76096203,0.106357795,0.439136251,0.352834113,3.434272274,1.4,1.849425028,0.498380462,0.0,1.0,0.0,9.59413558350999,9.579418083,2023-08-08
212,212,117,dominicks,0,1,1.59,0.110102729,0.249083542,0.049851894,10.76096203,0.106357795,0.439136251,0.352834113,3.434272274,1.4,1.849425028,0.498380462,1.0,0.0,0.0,8.180117436720003,8.14786713,2023-08-01
335,335,117,dominicks,1,0,2.49,0.110102729,0.249083542,0.049851894,10.76096203,0.106357795,0.439136251,0.352834113,3.434272274,1.4,1.849425028,0.498380462,1.0,0.0,0.0,7.297994859279998,7.454719949,2023-08-02
437,437,117,dominicks,2,0,2.49,0.110102729,0.249083542,0.049851894,10.76096203,0.106357795,0.439136251,0.352834113,3.434272274,1.4,1.849425028,0.498380462,1.0,0.0,0.0,7.054213572549993,6.866933285,2023-08-03
627,627,117,dominicks,3,0,2.49,0.110102729,0.249083542,0.049851894,10.76096203,0.106357795,0.439136251,0.352834113,3.434272274,1.4,1.849425028,0.498380462,1.0,0.0,0.0,7.725360434019998,7.82244473,2023-08-04
1028,1028,117,dominicks,4,0,2.49,0.110102729,0.249083542,0.049851894,10.76096203,0.106357795,0.439136251,0.352834113,3.434272274,1.4,1.849425028,0.498380462,1.0,0.0,0.0,7.140001529519992,7.103322063,2023-08-05
1222,1222,117,dominicks,5,0,2.49,0.110102729,0.249083542,0.049851894,10.76096203,0.106357795,0.439136251,0.352834113,3.434272274,1.4,1.849425028,0.498380462,1.0,0.0,0.0,6.923545785329993,6.797940413,2023-08-06
1458,1458,117,dominicks,6,0,2.49,0.110102729,0.249083542,0.049851894,10.76096203,0.106357795,0.439136251,0.352834113,3.434272274,1.4,1.849425028,0.498380462,1.0,0.0,0.0,7.868367593200002,7.920083199,2023-08-07
1567,1567,117,dominicks,7,1,2.09,0.110102729,0.249083542,0.049851894,10.76096203,0.106357795,0.439136251,0.352834113,3.434272274,1.4,1.849425028,0.498380462,1.0,0.0,0.0,8.067158490489993,7.769800996,2023-08-08
214,214,81,dominicks,0,1,1.59,0.181118938,0.234201612,0.073961623,10.71993585,0.088337065,0.42954279,0.478846154,3.768907476,0.791666667,1.132215571,0.379390304,1.0,0.0,0.0,8.704242752650009,8.489616424,2023-08-01
222,222,81,dominicks,1,0,2.49,0.181118938,0.234201612,0.073961623,10.71993585,0.088337065,0.42954279,0.478846154,3.768907476,0.791666667,1.132215571,0.379390304,1.0,0.0,0.0,7.852105918980004,7.920083199,2023-08-02
620,620,81,dominicks,2,0,2.49,0.181118938,0.234201612,0.073961623,10.71993585,0.088337065,0.42954279,0.478846154,3.768907476,0.791666667,1.132215571,0.379390304,1.0,0.0,0.0,7.869366887289992,7.87245515,2023-08-03
633,633,81,dominicks,3,0,2.49,0.181118938,0.234201612,0.073961623,10.71993585,0.088337065,0.42954279,0.478846154,3.768907476,0.791666667,1.132215571,0.379390304,1.0,0.0,0.0,7.892930873239993,7.714231145,2023-08-04
1077,1077,81,dominicks,4,0,2.49,0.181118938,0.234201612,0.073961623,10.71993585,0.088337065,0.42954279,0.478846154,3.768907476,0.791666667,1.132215571,0.379390304,1.0,0.0,0.0,7.483927023839994,7.294377299,2023-08-05
1266,1266,81,dominicks,5,0,2.49,0.181118938,0.234201612,0.073961623,10.71993585,0.088337065,0.42954279,0.478846154,3.768907476,0.791666667,1.132215571,0.379390304,1.0,0.0,0.0,7.662852194770003,7.896552702,2023-08-06
1396,1396,81,dominicks,6,0,2.49,0.181118938,0.234201612,0.073961623,10.71993585,0.088337065,0.42954279,0.478846154,3.768907476,0.791666667,1.132215571,0.379390304,1.0,0.0,0.0,8.407983693430008,8.476371197,2023-08-07
1576,1576,81,dominicks,7,1,2.09,0.181118938,0.234201612,0.073961623,10.71993585,0.088337065,0.42954279,0.478846154,3.768907476,0.791666667,1.132215571,0.379390304,1.0,0.0,0.0,9.00020239512001,9.135616826,2023-08-08
364,364,12,minute.maid,1,1,1.99,0.178341405,0.253412969,0.380697988,9.996659083,0.057212416,0.390941597,0.386627907,9.198733552,1.111111111,0.83930322,0.10599881,0.0,1.0,0.0,11.119366167099995,11.15281606,2023-08-02
533,533,12,minute.maid,2,0,3.17,0.178341405,0.253412969,0.380697988,9.996659083,0.057212416,0.390941597,0.386627907,9.198733552,1.111111111,0.83930322,0.10599881,0.0,1.0,0.0,8.351651911380015,8.30201781,2023-08-03
677,677,12,minute.maid,3,0,3.17,0.178341405,0.253412969,0.380697988,9.996659083,0.057212416,0.390941597,0.386627907,9.198733552,1.111111111,0.83930322,0.10599881,0.0,1.0,0.0,8.439148458240012,8.462948177,2023-08-04
866,866,12,minute.maid,4,1,2.59,0.178341405,0.253412969,0.380697988,9.996659083,0.057212416,0.390941597,0.386627907,9.198733552,1.111111111,0.83930322,0.10599881,0.0,1.0,0.0,10.685564890189992,10.75739211,2023-08-05
1297,1297,12,minute.maid,5,0,3.17,0.178341405,0.253412969,0.380697988,9.996659083,0.057212416,0.390941597,0.386627907,9.198733552,1.111111111,0.83930322,0.10599881,0.0,1.0,0.0,8.320975923350012,8.30201781,2023-08-06
1339,1339,12,minute.maid,6,0,3.17,0.178341405,0.253412969,0.380697988,9.996659083,0.057212416,0.390941597,0.386627907,9.198733552,1.111111111,0.83930322,0.10599881,0.0,1.0,0.0,8.799356401629995,8.764053269,2023-08-07
1755,1755,12,minute.maid,7,1,2.39,0.178341405,0.253412969,0.380697988,9.996659083,0.057212416,0.390941597,0.386627907,9.198733552,1.111111111,0.83930322,0.10599881,0.0,1.0,0.0,10.506340182380008,10.43364511,2023-08-08
1807,1807,12,minute.maid,8,0,3.17,0.178341405,0.253412969,0.380697988,9.996659083,0.057212416,0.390941597,0.386627907,9.198733552,1.111111111,0.83930322,0.10599881,0.0,1.0,0.0,8.46022519326999,8.42156296,2023-08-09
376,376,98,minute.maid,1,1,1.99,0.24920053,0.051702821,0.164963731,10.57359638,0.125409403,0.299584392,0.009843473,6.23035712,1.5,3.133176717,0.381569368,0.0,1.0,0.0,10.857666293600008,10.86818742,2023-08-02
607,607,98,minute.maid,2,0,2.62,0.24920053,0.051702821,0.164963731,10.57359638,0.125409403,0.299584392,0.009843473,6.23035712,1.5,3.133176717,0.381569368,0.0,1.0,0.0,8.803051014120019,8.803273983,2023-08-03
702,702,98,minute.maid,3,0,2.62,0.24920053,0.051702821,0.164963731,10.57359638,0.125409403,0.299584392,0.009843473,6.23035712,1.5,3.133176717,0.381569368,0.0,1.0,0.0,8.852404526520012,8.877381955,2023-08-04
899,899,98,minute.maid,4,1,2.59,0.24920053,0.051702821,0.164963731,10.57359638,0.125409403,0.299584392,0.009843473,6.23035712,1.5,3.133176717,0.381569368,0.0,1.0,0.0,10.39053073420999,10.36948316,2023-08-05
1233,1233,98,minute.maid,5,0,2.62,0.24920053,0.051702821,0.164963731,10.57359638,0.125409403,0.299584392,0.009843473,6.23035712,1.5,3.133176717,0.381569368,0.0,1.0,0.0,8.706322793690013,8.565602331,2023-08-06
1358,1358,98,minute.maid,6,0,2.62,0.24920053,0.051702821,0.164963731,10.57359638,0.125409403,0.299584392,0.009843473,6.23035712,1.5,3.133176717,0.381569368,0.0,1.0,0.0,9.237217570869996,9.400630098,2023-08-07
1712,1712,98,minute.maid,7,1,2.39,0.24920053,0.051702821,0.164963731,10.57359638,0.125409403,0.299584392,0.009843473,6.23035712,1.5,3.133176717,0.381569368,0.0,1.0,0.0,10.20751927951999,10.26590597,2023-08-08
1867,1867,98,minute.maid,8,0,2.62,0.24920053,0.051702821,0.164963731,10.57359638,0.125409403,0.299584392,0.009843473,6.23035712,1.5,3.133176717,0.381569368,0.0,1.0,0.0,8.828362988099993,8.841014311,2023-08-09
416,416,98,dominicks,1,0,2.29,0.24920053,0.051702821,0.164963731,10.57359638,0.125409403,0.299584392,0.009843473,6.23035712,1.5,3.133176717,0.381569368,1.0,0.0,0.0,8.777617597269996,8.812843434,2023-08-02
570,570,98,dominicks,2,0,2.29,0.24920053,0.051702821,0.164963731,10.57359638,0.125409403,0.299584392,0.009843473,6.23035712,1.5,3.133176717,0.381569368,1.0,0.0,0.0,8.74198806175999,8.733594062,2023-08-03
655,655,98,dominicks,3,0,2.29,0.24920053,0.051702821,0.164963731,10.57359638,0.125409403,0.299584392,0.009843473,6.23035712,1.5,3.133176717,0.381569368,1.0,0.0,0.0,8.756195836449992,8.783855897,2023-08-04
990,990,98,dominicks,4,0,2.29,0.24920053,0.051702821,0.164963731,10.57359638,0.125409403,0.299584392,0.009843473,6.23035712,1.5,3.133176717,0.381569368,1.0,0.0,0.0,8.639538838560007,8.702177866,2023-08-05
1085,1085,98,dominicks,5,0,2.29,0.24920053,0.051702821,0.164963731,10.57359638,0.125409403,0.299584392,0.009843473,6.23035712,1.5,3.133176717,0.381569368,1.0,0.0,0.0,8.842997686900015,8.859363449,2023-08-06
1342,1342,98,dominicks,6,0,2.29,0.24920053,0.051702821,0.164963731,10.57359638,0.125409403,0.299584392,0.009843473,6.23035712,1.5,3.133176717,0.381569368,1.0,0.0,0.0,9.14869730476999,9.276876896,2023-08-07
1679,1679,98,dominicks,7,1,2.09,0.24920053,0.051702821,0.164963731,10.57359638,0.125409403,0.299584392,0.009843473,6.23035712,1.5,3.133176717,0.381569368,1.0,0.0,0.0,8.924148270940005,8.822322178,2023-08-08
1769,1769,98,dominicks,8,0,2.09,0.24920053,0.051702821,0.164963731,10.57359638,0.125409403,0.299584392,0.009843473,6.23035712,1.5,3.133176717,0.381569368,1.0,0.0,0.0,8.485028538139993,8.42156296,2023-08-09
